../Core/Src/control.c:57:6:Control_Init	8	static
../Core/Src/control.c:78:6:Setup_Init	0	static
../Core/Src/control.c:90:6:PI_Init_d	0	static
../Core/Src/control.c:100:6:PI_Init_q	0	static
../Core/Src/control.c:111:6:PI_Init_omega	0	static
../Core/Src/control.c:131:10:readHall	16	static
../Core/Src/control.c:163:10:readAngle	8	static
../Core/Src/control.c:170:7:Control_PI_reg	0	static
../Core/Src/control.c:199:6:HAL_GPIO_EXTI_Callback	16	static
../Core/Src/control.c:267:6:process_line	40	static
