../Core/Src/main.c:85:5:main	80	static
../Core/Src/main.c:170:6:SystemClock_Config	88	static
../Core/Src/main.c:211:13:MX_ADC1_Init	56	static
../Core/Src/main.c:279:13:MX_TIM1_Init	120	static
../Core/Src/main.c:369:13:MX_TIM2_Init	48	static
../Core/Src/main.c:418:13:MX_TIM3_Init	40	static
../Core/Src/main.c:463:13:MX_TIM7_Init	24	static
../Core/Src/main.c:501:13:MX_USART2_UART_Init	8	static
../Core/Src/main.c:547:13:MX_DMA_Init	16	static
../Core/Src/main.c:566:13:MX_GPIO_Init	48	static
../Core/Src/main.c:630:6:Error_Handler	4	static,ignoring_inline_asm
