../Core/Src/stm32g4xx_hal_msp.c:72:6:HAL_MspInit	16	static
../Core/Src/stm32g4xx_hal_msp.c:111:6:HAL_ADC_MspInit	136	static
../Core/Src/stm32g4xx_hal_msp.c:192:6:HAL_ADC_MspDeInit	8	static
../Core/Src/stm32g4xx_hal_msp.c:232:6:HAL_CORDIC_MspInit	24	static
../Core/Src/stm32g4xx_hal_msp.c:291:6:HAL_CORDIC_MspDeInit	8	static
../Core/Src/stm32g4xx_hal_msp.c:317:6:HAL_TIM_Base_MspInit	16	static
../Core/Src/stm32g4xx_hal_msp.c:337:6:HAL_TIM_MspPostInit	56	static
../Core/Src/stm32g4xx_hal_msp.c:391:6:HAL_TIM_Base_MspDeInit	0	static
../Core/Src/stm32g4xx_hal_msp.c:416:6:HAL_UART_MspInit	128	static
../Core/Src/stm32g4xx_hal_msp.c:485:6:HAL_UART_MspDeInit	8	static
