2025-11-19 07:34:17,947 [ERROR] LogOutputStream:75 - [STDERR_REDIRECT] 
2025-11-19 17:04:53,336 [INFO] Activator:176 - 


2025-11-19 17:04:53,338 [INFO] Activator:177 - !SESSION log4j initialized
2025-11-19 17:04:59,756 [INFO] LogOutputStream:77 - [STDOUT_REDIRECT] 
2025-11-19 17:05:01,192 [INFO] ApplicationProperties:184 - Using Application install path: C:\ST\STM32CubeIDE_1.19.0\STM32CubeIDE\plugins\com.st.stm32cube.common.mx_6.15.0.202507011659
2025-11-19 17:05:01,210 [INFO] DbMcusXml:78 - Set database path to: C:\ST\STM32CubeIDE_1.19.0\STM32CubeIDE\plugins\com.st.stm32cube.common.mx_6.15.0.202507011659\\db\/mcu/
2025-11-19 17:05:01,210 [INFO] ApiDb:274 - Set plugin database path to: C:\ST\STM32CubeIDE_1.19.0\STM32CubeIDE\plugins\com.st.stm32cube.common.mx_6.15.0.202507011659\\db\/plugins/boardmanager/
2025-11-19 17:05:01,210 [WARN] ApiDb:259 - Overriding images path with different value:  => C:\ST\STM32CubeIDE_1.19.0\STM32CubeIDE\plugins\com.st.stm32cube.common.mx_6.15.0.202507011659\\db\/plugins/mcufinder/images/
2025-11-19 17:05:01,220 [INFO] ApiDb:250 - Set database path to: C:\Users\ivanp\.stmcufinder\plugins\mcufinder//mcu/
2025-11-19 17:05:01,221 [INFO] DbMcusAds:125 - Set database path to: C:\Users\ivanp\.stmcufinder\plugins\mcufinder//mcu/
2025-11-19 17:05:01,223 [INFO] CrossReferenceDbSqlite:203 - Set database path to: C:\Users\ivanp\.stmcufinder\plugins\mcufinder//mcu/cs/
2025-11-19 17:05:01,338 [INFO] RulesReader:64 - Compatibility file has been processed (317 Rules)
2025-11-19 17:05:01,440 [INFO] DbMcusXml:78 - Set database path to: C:\ST\STM32CubeIDE_1.19.0\STM32CubeIDE\plugins\com.st.stm32cube.common.mx_6.15.0.202507011659\\db\/mcu/
2025-11-19 17:05:01,440 [INFO] ApiDb:274 - Set plugin database path to: C:\ST\STM32CubeIDE_1.19.0\STM32CubeIDE\plugins\com.st.stm32cube.common.mx_6.15.0.202507011659\\db\/plugins/boardmanager/
2025-11-19 17:05:01,441 [INFO] ApiDb:261 - Set plugin images path to: C:\ST\STM32CubeIDE_1.19.0\STM32CubeIDE\plugins\com.st.stm32cube.common.mx_6.15.0.202507011659\\db\/plugins/mcufinder/images/
2025-11-19 17:05:01,441 [WARN] DbFile:41 - Overriding database path with different value: C:\Users\ivanp\.stmcufinder\plugins\mcufinder/ => C:\Users\ivanp\.stmcufinder\plugins\mcufinder
2025-11-19 17:05:01,441 [INFO] ApiDb:250 - Set database path to: C:\Users\ivanp\.stmcufinder\plugins\mcufinder//mcu/
2025-11-19 17:05:01,441 [WARN] DbFile:41 - Overriding database path with different value: C:\Users\ivanp\.stmcufinder\plugins\mcufinder/ => C:\Users\ivanp\.stmcufinder\plugins\mcufinder
2025-11-19 17:05:01,441 [INFO] DbMcusAds:125 - Set database path to: C:\Users\ivanp\.stmcufinder\plugins\mcufinder//mcu/
2025-11-19 17:05:01,441 [WARN] DbFile:41 - Overriding database path with different value: C:\Users\ivanp\.stmcufinder\plugins\mcufinder/ => C:\Users\ivanp\.stmcufinder\plugins\mcufinder
2025-11-19 17:05:01,441 [WARN] DbFile:41 - Overriding database path with different value: C:\Users\ivanp\.stmcufinder\plugins\mcufinder/ => C:\Users\ivanp\.stmcufinder\plugins\mcufinder
2025-11-19 17:05:01,442 [INFO] CrossReferenceDbSqlite:203 - Set database path to: C:\Users\ivanp\.stmcufinder\plugins\mcufinder//mcu/cs/
2025-11-19 17:05:01,518 [INFO] MainPanel:274 - HeapMemory: 268435456
2025-11-19 17:05:01,636 [INFO] DbMcusXml:78 - Set database path to: C:\ST\STM32CubeIDE_1.19.0\STM32CubeIDE\plugins\com.st.stm32cube.common.mx_6.15.0.202507011659\\db\/mcu/
2025-11-19 17:05:01,636 [INFO] ApiDb:274 - Set plugin database path to: C:\ST\STM32CubeIDE_1.19.0\STM32CubeIDE\plugins\com.st.stm32cube.common.mx_6.15.0.202507011659\\db\/plugins/boardmanager/
2025-11-19 17:05:01,636 [INFO] ApiDb:261 - Set plugin images path to: C:\ST\STM32CubeIDE_1.19.0\STM32CubeIDE\plugins\com.st.stm32cube.common.mx_6.15.0.202507011659\\db\/plugins/mcufinder/images/
2025-11-19 17:05:01,636 [WARN] DbFile:41 - Overriding database path with different value: C:\Users\ivanp\.stmcufinder\plugins\mcufinder/ => C:\Users\ivanp\.stmcufinder\plugins\mcufinder
2025-11-19 17:05:01,637 [INFO] ApiDb:250 - Set database path to: C:\Users\ivanp\.stmcufinder\plugins\mcufinder//mcu/
2025-11-19 17:05:01,637 [WARN] DbFile:41 - Overriding database path with different value: C:\Users\ivanp\.stmcufinder\plugins\mcufinder/ => C:\Users\ivanp\.stmcufinder\plugins\mcufinder
2025-11-19 17:05:01,637 [INFO] DbMcusAds:125 - Set database path to: C:\Users\ivanp\.stmcufinder\plugins\mcufinder//mcu/
2025-11-19 17:05:01,637 [WARN] DbFile:41 - Overriding database path with different value: C:\Users\ivanp\.stmcufinder\plugins\mcufinder/ => C:\Users\ivanp\.stmcufinder\plugins\mcufinder
2025-11-19 17:05:01,637 [WARN] DbFile:41 - Overriding database path with different value: C:\Users\ivanp\.stmcufinder\plugins\mcufinder/ => C:\Users\ivanp\.stmcufinder\plugins\mcufinder
2025-11-19 17:05:01,637 [INFO] CrossReferenceDbSqlite:203 - Set database path to: C:\Users\ivanp\.stmcufinder\plugins\mcufinder//mcu/cs/
2025-11-19 17:05:01,655 [INFO] ApplicationProperties:184 - Using Application install path: C:\ST\STM32CubeIDE_1.19.0\STM32CubeIDE\plugins\com.st.stm32cube.common.mx_6.15.0.202507011659
2025-11-19 17:05:01,656 [INFO] PluginManage:196 - Search for loadable plugins [exclusion list=, ]
2025-11-19 17:05:01,658 [INFO] PluginManage:310 - Check plugin analytics
2025-11-19 17:05:01,918 [INFO] AnalyticsPlugin:253 - Accepted Software Licenses: 
2025-11-19 17:05:01,919 [INFO] AnalyticsPlugin:255 - Accepted CMSIS Pack Licenses: 
2025-11-19 17:05:01,919 [INFO] AnalyticsPlugin:257 - Accepted Firmware Licenses: FW.F4.1.28.0,FW.G4.1.6.0
2025-11-19 17:05:01,923 [INFO] PluginManage:359 - Loaded plugin analytics (category:tool,tabindex:-1)
2025-11-19 17:05:01,924 [INFO] PluginManage:310 - Check plugin cadmodel
2025-11-19 17:05:01,934 [INFO] CADModel:105 - Init CAD model plugin
2025-11-19 17:05:01,934 [INFO] PluginManage:359 - Loaded plugin cadmodel (category:power,tabindex:5)
2025-11-19 17:05:01,934 [INFO] PluginManage:310 - Check plugin clock
2025-11-19 17:05:01,948 [INFO] PluginManage:359 - Loaded plugin clock (category:base,tabindex:2)
2025-11-19 17:05:01,948 [INFO] PluginManage:310 - Check plugin ddr
2025-11-19 17:05:01,951 [INFO] PluginManage:359 - Loaded plugin ddr (category:tool,tabindex:6)
2025-11-19 17:05:01,951 [INFO] PluginManage:310 - Check plugin filemanager
2025-11-19 17:05:02,116 [INFO] PluginManage:359 - Loaded plugin filemanager (category:base,tabindex:10)
2025-11-19 17:05:02,116 [INFO] PluginManage:310 - Check plugin ipmanager
2025-11-19 17:05:02,124 [INFO] PluginManage:359 - Loaded plugin ipmanager (category:base,tabindex:5)
2025-11-19 17:05:02,125 [INFO] PluginManage:310 - Check plugin lpbam
2025-11-19 17:05:02,132 [INFO] PluginManage:359 - Loaded plugin lpbam (category:base,tabindex:0)
2025-11-19 17:05:02,132 [INFO] PluginManage:310 - Check plugin memorymap
2025-11-19 17:05:02,148 [INFO] PluginManage:359 - Loaded plugin memorymap (category:base,tabindex:4)
2025-11-19 17:05:02,148 [INFO] PluginManage:310 - Check plugin pinoutandconfiguration
2025-11-19 17:05:02,158 [INFO] PluginManage:359 - Loaded plugin pinoutandconfiguration (category:base,tabindex:1)
2025-11-19 17:05:02,158 [INFO] PluginManage:310 - Check plugin pinoutconfig
2025-11-19 17:05:02,257 [WARN] SupportedApi:132 - Cannot load RTOS API schema: s4s-elt-must-match.1: The content of 'definitions' must match (annotation?, (simpleType | complexType)?, (unique | key | keyref)*)). A problem was found starting at: attribute.
2025-11-19 17:05:02,401 [INFO] PluginManage:359 - Loaded plugin pinoutconfig (category:base,tabindex:0)
2025-11-19 17:05:02,402 [INFO] PluginManage:310 - Check plugin power
2025-11-19 17:05:02,413 [INFO] PluginManage:359 - Loaded plugin power (category:power,tabindex:4)
2025-11-19 17:05:02,413 [INFO] PluginManage:310 - Check plugin projectmanager
2025-11-19 17:05:02,434 [INFO] PluginManage:359 - Loaded plugin projectmanager (category:projectmanager,tabindex:4)
2025-11-19 17:05:02,434 [INFO] PluginManage:310 - Check plugin rif
2025-11-19 17:05:02,443 [INFO] PluginManage:359 - Loaded plugin rif (category:base,tabindex:3)
2025-11-19 17:05:02,443 [INFO] PluginManage:310 - Check plugin thirdparty
2025-11-19 17:05:02,618 [WARN] IntegrityCheckThread:84 - waiting for thirdparty lock release [integrity check]
2025-11-19 17:05:02,618 [INFO] IntegrityCheckThread:86 - entering critical section [integrity check]
2025-11-19 17:05:02,618 [INFO] ThirdPartyUpdaterWithRetryManager:70 - Updater plugin not ready yet. [1/15]
2025-11-19 17:05:02,619 [INFO] PluginManage:359 - Loaded plugin thirdparty (category:base,tabindex:-1)
2025-11-19 17:05:02,619 [INFO] PluginManage:310 - Check plugin tools
2025-11-19 17:05:02,622 [INFO] PluginManage:359 - Loaded plugin tools (category:base,tabindex:7)
2025-11-19 17:05:02,622 [INFO] PluginManage:310 - Check plugin tutovideos
2025-11-19 17:05:02,838 [INFO] PluginManage:359 - Loaded plugin tutovideos (category:base,tabindex:-1)
2025-11-19 17:05:02,838 [INFO] PluginManage:310 - Check plugin updater
2025-11-19 17:05:02,861 [INFO] PluginManage:359 - Loaded plugin updater (category:base,tabindex:12)
2025-11-19 17:05:02,862 [INFO] PluginManage:310 - Check plugin userauth
2025-11-19 17:05:02,866 [INFO] UserAuth:118 - Init User Auth plugin
2025-11-19 17:05:02,867 [INFO] PluginManage:359 - Loaded plugin userauth (category:base,tabindex:14)
2025-11-19 17:05:02,868 [INFO] PluginManage:283 - PluginManage : Loaded plugins [18]
2025-11-19 17:05:03,103 [INFO] PinOutPanel:1589 - setPackage(No Configuration,No Configuration)
2025-11-19 17:05:03,194 [INFO] CADModel:165 - CPN selected for project level
2025-11-19 17:05:03,194 [INFO] CADModel:114 - Register for checkConnection events
2025-11-19 17:05:03,214 [INFO] IPUIPlugin:80 - create IPUIPlugin
2025-11-19 17:05:03,214 [INFO] PluginManager:220 - loadIPPluginJar : add adc
2025-11-19 17:05:03,218 [INFO] IPUIPlugin:80 - create IPUIPlugin
2025-11-19 17:05:03,218 [INFO] PluginManager:220 - loadIPPluginJar : add aes
2025-11-19 17:05:03,221 [INFO] IPUIPlugin:80 - create IPUIPlugin
2025-11-19 17:05:03,221 [INFO] PluginManager:220 - loadIPPluginJar : add can
2025-11-19 17:05:03,223 [INFO] IPUIPlugin:80 - create IPUIPlugin
2025-11-19 17:05:03,223 [INFO] PluginManager:220 - loadIPPluginJar : add comp
2025-11-19 17:05:03,226 [INFO] IPUIPlugin:80 - create IPUIPlugin
2025-11-19 17:05:03,226 [INFO] PluginManager:220 - loadIPPluginJar : add cryp
2025-11-19 17:05:03,231 [INFO] IPUIPlugin:80 - create IPUIPlugin
2025-11-19 17:05:03,231 [INFO] PluginManager:220 - loadIPPluginJar : add ddr_ctrl_phy
2025-11-19 17:05:03,234 [INFO] IPUIPlugin:80 - create IPUIPlugin
2025-11-19 17:05:03,234 [INFO] PluginManager:220 - loadIPPluginJar : add dfsdm
2025-11-19 17:05:03,243 [INFO] IPUIPlugin:80 - create IPUIPlugin
2025-11-19 17:05:03,244 [INFO] PluginManager:220 - loadIPPluginJar : add dma
2025-11-19 17:05:03,247 [INFO] IPUIPlugin:80 - create IPUIPlugin
2025-11-19 17:05:03,248 [INFO] PluginManager:220 - loadIPPluginJar : add dma3
2025-11-19 17:05:03,251 [INFO] IPUIPlugin:80 - create IPUIPlugin
2025-11-19 17:05:03,251 [INFO] PluginManager:220 - loadIPPluginJar : add extmemmanager
2025-11-19 17:05:03,253 [INFO] IPUIPlugin:80 - create IPUIPlugin
2025-11-19 17:05:03,254 [INFO] PluginManager:220 - loadIPPluginJar : add fatfs
2025-11-19 17:05:03,258 [INFO] IPUIPlugin:80 - create IPUIPlugin
2025-11-19 17:05:03,258 [INFO] PluginManager:220 - loadIPPluginJar : add fmc
2025-11-19 17:05:03,267 [INFO] IPUIPlugin:80 - create IPUIPlugin
2025-11-19 17:05:03,267 [INFO] PluginManager:220 - loadIPPluginJar : add freertos
2025-11-19 17:05:03,270 [INFO] IPUIPlugin:80 - create IPUIPlugin
2025-11-19 17:05:03,270 [INFO] PluginManager:220 - loadIPPluginJar : add genericplugin
2025-11-19 17:05:03,274 [INFO] IPUIPlugin:80 - create IPUIPlugin
2025-11-19 17:05:03,274 [INFO] PluginManager:220 - loadIPPluginJar : add gfxmmu
2025-11-19 17:05:03,279 [INFO] IPUIPlugin:80 - create IPUIPlugin
2025-11-19 17:05:03,279 [INFO] PluginManager:220 - loadIPPluginJar : add gic
2025-11-19 17:05:03,284 [INFO] IPUIPlugin:80 - create IPUIPlugin
2025-11-19 17:05:03,284 [INFO] PluginManager:220 - loadIPPluginJar : add gpio
2025-11-19 17:05:03,288 [INFO] IPUIPlugin:80 - create IPUIPlugin
2025-11-19 17:05:03,288 [INFO] PluginManager:220 - loadIPPluginJar : add gtzc
2025-11-19 17:05:03,292 [INFO] IPUIPlugin:80 - create IPUIPlugin
2025-11-19 17:05:03,292 [INFO] PluginManager:220 - loadIPPluginJar : add hash
2025-11-19 17:05:03,295 [INFO] IPUIPlugin:80 - create IPUIPlugin
2025-11-19 17:05:03,295 [INFO] PluginManager:220 - loadIPPluginJar : add i2c
2025-11-19 17:05:03,301 [INFO] IPUIPlugin:80 - create IPUIPlugin
2025-11-19 17:05:03,301 [INFO] PluginManager:220 - loadIPPluginJar : add i2s
2025-11-19 17:05:03,307 [INFO] IPUIPlugin:80 - create IPUIPlugin
2025-11-19 17:05:03,307 [INFO] PluginManager:220 - loadIPPluginJar : add i3c
2025-11-19 17:05:03,312 [INFO] IPUIPlugin:80 - create IPUIPlugin
2025-11-19 17:05:03,312 [INFO] PluginManager:220 - loadIPPluginJar : add ipddr
2025-11-19 17:05:03,320 [INFO] IPUIPlugin:80 - create IPUIPlugin
2025-11-19 17:05:03,320 [INFO] PluginManager:220 - loadIPPluginJar : add linkedlist
2025-11-19 17:05:03,324 [INFO] IPUIPlugin:80 - create IPUIPlugin
2025-11-19 17:05:03,325 [INFO] PluginManager:220 - loadIPPluginJar : add lorawan
2025-11-19 17:05:03,327 [INFO] IPUIPlugin:80 - create IPUIPlugin
2025-11-19 17:05:03,327 [INFO] PluginManager:220 - loadIPPluginJar : add ltdc
2025-11-19 17:05:03,334 [INFO] IPUIPlugin:80 - create IPUIPlugin
2025-11-19 17:05:03,334 [INFO] PluginManager:220 - loadIPPluginJar : add mdma
2025-11-19 17:05:03,340 [INFO] IPUIPlugin:80 - create IPUIPlugin
2025-11-19 17:05:03,340 [INFO] PluginManager:220 - loadIPPluginJar : add nvic
2025-11-19 17:05:03,345 [INFO] IPUIPlugin:80 - create IPUIPlugin
2025-11-19 17:05:03,345 [INFO] PluginManager:220 - loadIPPluginJar : add opamp
2025-11-19 17:05:03,350 [INFO] IPUIPlugin:80 - create IPUIPlugin
2025-11-19 17:05:03,350 [INFO] PluginManager:220 - loadIPPluginJar : add openamp
2025-11-19 17:05:03,356 [INFO] IPUIPlugin:80 - create IPUIPlugin
2025-11-19 17:05:03,356 [INFO] PluginManager:220 - loadIPPluginJar : add pdm2pcm
2025-11-19 17:05:03,365 [INFO] IPUIPlugin:80 - create IPUIPlugin
2025-11-19 17:05:03,370 [INFO] PluginManager:220 - loadIPPluginJar : add plateformsettings
2025-11-19 17:05:03,372 [INFO] IPUIPlugin:80 - create IPUIPlugin
2025-11-19 17:05:03,372 [INFO] PluginManager:220 - loadIPPluginJar : add quadspi
2025-11-19 17:05:03,376 [INFO] IPUIPlugin:80 - create IPUIPlugin
2025-11-19 17:05:03,377 [INFO] PluginManager:220 - loadIPPluginJar : add radio
2025-11-19 17:05:03,384 [INFO] IPUIPlugin:80 - create IPUIPlugin
2025-11-19 17:05:03,384 [INFO] PluginManager:220 - loadIPPluginJar : add resmgrutility
2025-11-19 17:05:03,392 [INFO] IPUIPlugin:80 - create IPUIPlugin
2025-11-19 17:05:03,392 [INFO] PluginManager:220 - loadIPPluginJar : add sai
2025-11-19 17:05:03,395 [INFO] IPUIPlugin:80 - create IPUIPlugin
2025-11-19 17:05:03,395 [INFO] PluginManager:220 - loadIPPluginJar : add spi
2025-11-19 17:05:03,401 [INFO] IPUIPlugin:80 - create IPUIPlugin
2025-11-19 17:05:03,401 [INFO] PluginManager:220 - loadIPPluginJar : add stm32_wpan
2025-11-19 17:05:03,403 [INFO] IPUIPlugin:80 - create IPUIPlugin
2025-11-19 17:05:03,403 [INFO] PluginManager:220 - loadIPPluginJar : add tim
2025-11-19 17:05:03,407 [INFO] IPUIPlugin:80 - create IPUIPlugin
2025-11-19 17:05:03,407 [INFO] PluginManager:220 - loadIPPluginJar : add touchsensing
2025-11-19 17:05:03,409 [INFO] IPUIPlugin:80 - create IPUIPlugin
2025-11-19 17:05:03,409 [INFO] PluginManager:220 - loadIPPluginJar : add tracer_emb
2025-11-19 17:05:03,411 [INFO] IPUIPlugin:80 - create IPUIPlugin
2025-11-19 17:05:03,411 [INFO] PluginManager:220 - loadIPPluginJar : add ts
2025-11-19 17:05:03,413 [INFO] IPUIPlugin:80 - create IPUIPlugin
2025-11-19 17:05:03,414 [INFO] PluginManager:220 - loadIPPluginJar : add tsc
2025-11-19 17:05:03,416 [INFO] IPUIPlugin:80 - create IPUIPlugin
2025-11-19 17:05:03,416 [INFO] PluginManager:220 - loadIPPluginJar : add ucpd
2025-11-19 17:05:03,419 [INFO] IPUIPlugin:80 - create IPUIPlugin
2025-11-19 17:05:03,419 [INFO] PluginManager:220 - loadIPPluginJar : add usart
2025-11-19 17:05:03,423 [INFO] IPUIPlugin:80 - create IPUIPlugin
2025-11-19 17:05:03,423 [INFO] PluginManager:220 - loadIPPluginJar : add usbx
2025-11-19 17:05:03,555 [FATAL] Updater:351 - Updater called before beeing initialized
2025-11-19 17:05:03,649 [INFO] RulesReader:64 - Compatibility file has been processed (317 Rules)
2025-11-19 17:05:03,666 [INFO] RulesReader:64 - Compatibility file has been processed (317 Rules)
2025-11-19 17:05:03,678 [INFO] CADModel:165 - CPN selected for project level
2025-11-19 17:05:03,678 [INFO] CADModel:114 - Register for checkConnection events
2025-11-19 17:05:03,678 [FATAL] Updater:351 - Updater called before beeing initialized
2025-11-19 17:05:03,678 [ERROR] CADModel:125 - Updater not yet initialized, retry later 
2025-11-19 17:05:03,870 [FATAL] Updater:351 - Updater called before beeing initialized
2025-11-19 17:05:03,872 [INFO] CADModel:165 - CPN selected for project level
2025-11-19 17:05:03,872 [INFO] CADModel:114 - Register for checkConnection events
2025-11-19 17:05:03,873 [FATAL] Updater:351 - Updater called before beeing initialized
2025-11-19 17:05:03,873 [ERROR] CADModel:125 - Updater not yet initialized, retry later 
2025-11-19 17:05:03,877 [FATAL] Updater:351 - Updater called before beeing initialized
2025-11-19 17:05:04,051 [FATAL] Updater:351 - Updater called before beeing initialized
2025-11-19 17:05:04,054 [INFO] DbMcusAds:53 - JSON generation date=Mon Nov 10 11:43:01 CET 2025 (1762771381096)
2025-11-19 17:05:04,054 [FATAL] Updater:351 - Updater called before beeing initialized
2025-11-19 17:05:04,094 [WARN] DetailPanel:346 - Failed to get advertising image, set to default
2025-11-19 17:05:04,177 [FATAL] Updater:351 - Updater called before beeing initialized
2025-11-19 17:05:04,178 [FATAL] Updater:351 - Updater called before beeing initialized
2025-11-19 17:05:04,178 [FATAL] Updater:351 - Updater called before beeing initialized
2025-11-19 17:05:04,178 [WARN] DetailPanel:346 - Failed to get advertising image, set to default
2025-11-19 17:05:04,180 [FATAL] Updater:351 - Updater called before beeing initialized
2025-11-19 17:05:04,228 [ERROR] Updater:1198 - MainUpdater not yet initialized. External WinMGr cannot be set.
2025-11-19 17:05:04,230 [INFO] Updater:1134 - Updater Version found : 6.15.0
2025-11-19 17:05:04,244 [INFO] ApplicationProperties:184 - Using Application install path: C:\ST\STM32CubeIDE_1.19.0\STM32CubeIDE\plugins\com.st.stm32cube.common.mx_6.15.0.202507011659
2025-11-19 17:05:04,688 [INFO] MainUpdater:2872 - connection check result : 10
2025-11-19 17:05:04,690 [INFO] MainUpdater:289 - Updater Check For Update Now.
2025-11-19 17:05:04,690 [INFO] MicroXplorer:498 - Change Database Version : DB.6.0.150
2025-11-19 17:05:04,705 [INFO] McuFinderGlobals:63 - Set McuFinder mode to 2 (CubeIDE integrated)
2025-11-19 17:05:04,707 [INFO] UserAuth:487 - Internet connection configuration mode: 1
2025-11-19 17:05:04,750 [INFO] JxBrowserEngine:152 - Initiate JxBrowser Engine with user profile folder
2025-11-19 17:05:04,906 [INFO] CheckServerUpdateThread:120 - End of CheckServer Thread
2025-11-19 17:05:06,542 [WARN] PackLoader:240 - Cannot read IP mode file for STMicroelectronics.FP-SNS-MOTENVWB1.1.4.0
2025-11-19 17:05:06,557 [WARN] PackLoader:240 - Cannot read IP mode file for STMicroelectronics.FP-ATR-ASTRA1.2.0.2
2025-11-19 17:05:06,563 [WARN] PackLoader:240 - Cannot read IP mode file for STMicroelectronics.FP-ATR-ASTRA1.2.0.1
2025-11-19 17:05:06,590 [WARN] PackLoader:240 - Cannot read IP mode file for STMicroelectronics.X-CUBE-SMBUS.2.1.0
2025-11-19 17:05:06,609 [WARN] PackLoader:240 - Cannot read IP mode file for STMicroelectronics.X-CUBE-WB05N.1.1.0
2025-11-19 17:05:06,620 [WARN] PackLoader:240 - Cannot read IP mode file for STMicroelectronics.X-CUBE-TOUCHGFX.4.23.0
2025-11-19 17:05:06,625 [WARN] PackLoader:240 - Cannot read IP mode file for STMicroelectronics.X-CUBE-TOUCHGFX.4.23.2
2025-11-19 17:05:06,682 [WARN] PackLoader:240 - Cannot read IP mode file for STMicroelectronics.X-CUBE-AZRTOS-F7.1.1.0
2025-11-19 17:05:06,698 [WARN] PackLoader:240 - Cannot read IP mode file for STMicroelectronics.FP-SNS-MOTENV1.4.3.2
2025-11-19 17:05:06,711 [ERROR] RealEvaluatedCondition:428 - Found unsupported composite condition: GROUP='STM32_MetaDataManager' CLASS='Data Exchange'
2025-11-19 17:05:06,711 [ERROR] RealEvaluatedCondition:428 - Found unsupported composite condition: CLASS='Data Exchange' GROUP='STM32_MetaDataManager'
2025-11-19 17:05:06,713 [WARN] PackLoader:240 - Cannot read IP mode file for STMicroelectronics.FP-SNS-MOTENV1.4.3.1
2025-11-19 17:05:06,723 [WARN] PackLoader:240 - Cannot read IP mode file for STMicroelectronics.FP-SNS-FLIGHT1.5.0.1
2025-11-19 17:05:06,732 [WARN] PackLoader:240 - Cannot read IP mode file for STMicroelectronics.X-CUBE-BLE1.6.2.3
2025-11-19 17:05:06,835 [WARN] PackLoader:240 - Cannot read IP mode file for STMicroelectronics.X-CUBE-MEMS1.11.0.0
2025-11-19 17:05:06,974 [INFO] WebApp:169 - Instantiating new browser for Auth
2025-11-19 17:05:07,103 [WARN] PackLoader:240 - Cannot read IP mode file for STMicroelectronics.X-CUBE-BLE1.6.2.4
2025-11-19 17:05:07,110 [WARN] PackLoader:240 - Cannot read IP mode file for STMicroelectronics.FP-SNS-MOTENV1.5.1.0
2025-11-19 17:05:07,117 [WARN] PackLoader:240 - Cannot read IP mode file for STMicroelectronics.X-CUBE-BLE1.6.2.2
2025-11-19 17:05:07,124 [WARN] PackLoader:240 - Cannot read IP mode file for STMicroelectronics.FP-SNS-FLIGHT1.5.0.2
2025-11-19 17:05:07,132 [WARN] PackLoader:240 - Cannot read IP mode file for STMicroelectronics.X-CUBE-BLE2.3.2.2
2025-11-19 17:05:07,168 [WARN] PackLoader:240 - Cannot read IP mode file for STMicroelectronics.X-CUBE-AZRTOS-H7.3.4.0
2025-11-19 17:05:07,186 [WARN] PackLoader:240 - Cannot read IP mode file for STMicroelectronics.X-CUBE-DISPLAY.3.0.0
2025-11-19 17:05:07,200 [WARN] PackLoader:240 - Cannot read IP mode file for STMicroelectronics.X-CUBE-BLE1.7.0.0
2025-11-19 17:05:07,214 [WARN] PackLoader:240 - Cannot read IP mode file for STMicroelectronics.X-CUBE-NFC10.1.0.0
2025-11-19 17:05:07,230 [WARN] PackLoader:240 - Cannot read IP mode file for STMicroelectronics.X-CUBE-BLEMGR.4.0.0
2025-11-19 17:05:07,241 [WARN] PackLoader:240 - Cannot read IP mode file for STMicroelectronics.X-CUBE-ST60.1.1.0
2025-11-19 17:05:07,247 [WARN] PackLoader:240 - Cannot read IP mode file for STMicroelectronics.X-CUBE-TOUCHGFX.4.22.0
2025-11-19 17:05:07,256 [WARN] PackLoader:240 - Cannot read IP mode file for STMicroelectronics.X-CUBE-GNSS1.7.1.0
2025-11-19 17:05:07,263 [WARN] PackLoader:240 - Cannot read IP mode file for STMicroelectronics.X-CUBE-TOUCHGFX.4.22.1
2025-11-19 17:05:07,284 [WARN] PackLoader:240 - Cannot read IP mode file for STMicroelectronics.X-CUBE-SUBG2.4.2.0
2025-11-19 17:05:07,350 [WARN] PackLoader:240 - Cannot read IP mode file for STMicroelectronics.X-CUBE-MEMS1.9.3.0
2025-11-19 17:05:07,576 [WARN] PackLoader:240 - Cannot read IP mode file for STMicroelectronics.X-CUBE-AI.7.2.0
2025-11-19 17:05:07,591 [WARN] PackLoader:240 - Cannot read IP mode file for STMicroelectronics.X-CUBE-BLEMGR.3.1.0
2025-11-19 17:05:07,598 [WARN] PackLoader:240 - Cannot read IP mode file for STMicroelectronics.X-CUBE-AI.10.0.0
2025-11-19 17:05:07,610 [WARN] PackLoader:240 - Cannot read IP mode file for STMicroelectronics.FP-SNS-STBOX1.2.1.0
2025-11-19 17:05:07,619 [WARN] PackLoader:240 - Cannot read IP mode file for STMicroelectronics.FP-SNS-SMARTAG2.1.2.0
2025-11-19 17:05:07,624 [WARN] PackLoader:240 - Cannot read IP mode file for STMicroelectronics.FP-SNS-FLIGHT1.5.1.0
2025-11-19 17:05:07,673 [WARN] PackLoader:240 - Cannot read IP mode file for STMicroelectronics.X-CUBE-MEMS1.11.1.0
2025-11-19 17:05:07,768 [INFO] LogOutputStream:77 - [STDOUT_REDIRECT] 1 : Invalid condition id : UX_CORESTACK_Condition cause : null
2025-11-19 17:05:07,770 [INFO] LogOutputStream:77 - [STDOUT_REDIRECT] 1 : Invalid condition id : UX_CORESTACK_Condition cause : null
2025-11-19 17:05:07,771 [INFO] LogOutputStream:77 - [STDOUT_REDIRECT] 1 : Invalid condition id : UX_CORESTACK_Condition cause : null
2025-11-19 17:05:07,772 [INFO] LogOutputStream:77 - [STDOUT_REDIRECT] 1 : Invalid condition id : UX_CORESTACK_Condition cause : null
2025-11-19 17:05:07,774 [INFO] LogOutputStream:77 - [STDOUT_REDIRECT] 1 : Invalid condition id : UX_CORESTACK_Condition cause : null
2025-11-19 17:05:07,776 [WARN] PackLoader:240 - Cannot read IP mode file for STMicroelectronics.X-CUBE-AZRTOS-WL.2.0.0
2025-11-19 17:05:07,782 [WARN] PackLoader:240 - Cannot read IP mode file for STMicroelectronics.X-CUBE-ALGOBUILD.1.2.1
2025-11-19 17:05:07,787 [WARN] PackLoader:240 - Cannot read IP mode file for STMicroelectronics.FP-SNS-MOTENV1.5.0.0
2025-11-19 17:05:07,792 [WARN] PackLoader:240 - Cannot read IP mode file for wolfSSL.I-CUBE-wolfMQTT.1.19.0
2025-11-19 17:05:07,803 [WARN] PackLoader:240 - Cannot read IP mode file for WES.I-CUBE-Cesium.1.3.0
2025-11-19 17:05:07,806 [WARN] PackLoader:240 - Cannot read IP mode file for STMicroelectronics.X-CUBE-BLE2.3.3.0
2025-11-19 17:05:07,827 [WARN] PackLoader:240 - Cannot read IP mode file for STMicroelectronics.X-CUBE-DISPLAY.2.2.0
2025-11-19 17:05:07,836 [WARN] PackLoader:240 - Cannot read IP mode file for STMicroelectronics.X-CUBE-TOF1.3.2.0
2025-11-19 17:05:07,843 [WARN] PackLoader:240 - Cannot read IP mode file for STMicroelectronics.X-CUBE-TOUCHGFX.4.18.1
2025-11-19 17:05:07,846 [WARN] PackLoader:240 - Cannot read IP mode file for STMicroelectronics.X-CUBE-ISPU.1.0.0
2025-11-19 17:05:07,850 [WARN] PackLoader:240 - Cannot read IP mode file for wolfSSL.I-CUBE-wolfSSL.5.0.0
2025-11-19 17:05:07,856 [WARN] PackLoader:240 - Cannot read IP mode file for STMicroelectronics.X-CUBE-NFC9.1.0.0
2025-11-19 17:05:07,876 [WARN] PackLoader:240 - Cannot read IP mode file for STMicroelectronics.X-CUBE-AZRTOS-H7.2.1.0
2025-11-19 17:05:07,882 [WARN] PackLoader:240 - Cannot read IP mode file for STMicroelectronics.X-CUBE-BLE1.7.1.0
2025-11-19 17:05:07,889 [WARN] PackLoader:240 - Cannot read IP mode file for STMicroelectronics.X-CUBE-TCPP.4.1.0
2025-11-19 17:05:07,898 [WARN] PackLoader:240 - Cannot read IP mode file for STMicroelectronics.X-CUBE-EEPRMA1.5.2.0
2025-11-19 17:05:07,902 [WARN] PackLoader:240 - Cannot read IP mode file for STMicroelectronics.X-CUBE-TOUCHGFX.4.21.1
2025-11-19 17:05:07,905 [WARN] PackLoader:240 - Cannot read IP mode file for STMicroelectronics.X-CUBE-TOUCHGFX.4.21.0
2025-11-19 17:05:07,907 [WARN] PackLoader:240 - Cannot read IP mode file for STMicroelectronics.X-CUBE-TOUCHGFX.4.21.3
2025-11-19 17:05:07,910 [WARN] PackLoader:240 - Cannot read IP mode file for STMicroelectronics.X-CUBE-TOUCHGFX.4.21.4
2025-11-19 17:05:07,950 [WARN] PackLoader:240 - Cannot read IP mode file for STMicroelectronics.X-CUBE-MEMS1.9.4.0
2025-11-19 17:05:08,029 [WARN] PackLoader:240 - Cannot read IP mode file for STMicroelectronics.X-CUBE-AI.7.3.0
2025-11-19 17:05:08,036 [WARN] PackLoader:240 - Cannot read IP mode file for STMicroelectronics.X-CUBE-ST67W61.1.1.0
2025-11-19 17:05:08,040 [WARN] PackLoader:240 - Cannot read IP mode file for STMicroelectronics.X-CUBE-ALGOBUILD.1.3.0
2025-11-19 17:05:08,055 [WARN] PackLoader:240 - Cannot read IP mode file for STMicroelectronics.X-CUBE-AZRTOS-G0.1.1.0
2025-11-19 17:05:08,062 [WARN] PackLoader:240 - Cannot read IP mode file for STMicroelectronics.X-CUBE-SAFEA1.1.2.2
2025-11-19 17:05:08,067 [WARN] PackLoader:240 - Cannot read IP mode file for STMicroelectronics.X-CUBE-NFC4.3.0.0
2025-11-19 17:05:08,094 [WARN] PackLoader:240 - Cannot read IP mode file for SEGGER.I-CUBE-embOS.1.2.0
2025-11-19 17:05:08,142 [WARN] PackLoader:240 - Cannot read IP mode file for wolfSSL.I-CUBE-wolfMQTT.1.18.0
2025-11-19 17:05:08,152 [WARN] PackLoader:240 - Cannot read IP mode file for EmbeddedOffice.I-CUBE-FS-RTOS.1.0.1
2025-11-19 17:05:08,158 [WARN] PackLoader:240 - Cannot read IP mode file for STMicroelectronics.X-CUBE-WB05N.2.0.0
2025-11-19 17:05:08,171 [WARN] PackLoader:240 - Cannot read IP mode file for STMicroelectronics.X-CUBE-BLEMGR.3.0.0
2025-11-19 17:05:08,182 [WARN] PackLoader:240 - Cannot read IP mode file for STMicroelectronics.X-CUBE-BLEMGR.1.3.0
2025-11-19 17:05:08,190 [WARN] PackLoader:240 - Cannot read IP mode file for STMicroelectronics.X-CUBE-TCPP.4.2.0
2025-11-19 17:05:08,199 [WARN] PackLoader:240 - Cannot read IP mode file for RealThread.X-CUBE-RT-Thread_Nano.4.1.1
2025-11-19 17:05:08,222 [WARN] PackLoader:240 - Cannot read IP mode file for STMicroelectronics.X-CUBE-AZRTOS-H7.2.0.0
2025-11-19 17:05:08,231 [WARN] PackLoader:240 - Cannot read IP mode file for STMicroelectronics.FP-ATR-SIGFOX1.3.2.0
2025-11-19 17:05:08,237 [WARN] ConditionMgr:438 - getConditionDescription Invalid condition id : Cortex-A Device cause : null
2025-11-19 17:05:08,248 [WARN] ConditionMgr:1044 - genDependencies : Invalid condition id : Cortex-A Device cause : null
2025-11-19 17:05:08,248 [WARN] ConditionMgr:1044 - genDependencies : Invalid condition id : Cortex-A Device cause : null
2025-11-19 17:05:08,248 [WARN] ConditionMgr:1044 - genDependencies : Invalid condition id : Cortex-A Device cause : null
2025-11-19 17:05:08,260 [WARN] PackLoader:240 - Cannot read IP mode file for STMicroelectronics.X-CUBE-EEPRMA1.5.1.0
2025-11-19 17:05:08,276 [WARN] PackLoader:240 - Cannot read IP mode file for emotas.I-CUBE-CANOPEN.1.1.2
2025-11-19 17:05:08,280 [WARN] PackLoader:240 - Cannot read IP mode file for STMicroelectronics.X-CUBE-TOUCHGFX.4.20.0
2025-11-19 17:05:08,326 [WARN] PackLoader:240 - Cannot read IP mode file for STMicroelectronics.X-CUBE-MEMS1.9.5.0
2025-11-19 17:05:08,504 [WARN] PackLoader:240 - Cannot read IP mode file for STMicroelectronics.X-CUBE-AI.10.2.0
2025-11-19 17:05:08,520 [WARN] PackLoader:240 - Cannot read IP mode file for SEGGER.I-CUBE-embOS.1.3.1
2025-11-19 17:05:08,547 [WARN] PackLoader:240 - Cannot read IP mode file for STMicroelectronics.X-CUBE-ALGOBUILD.1.4.0
2025-11-19 17:05:08,614 [WARN] PackLoader:240 - Cannot read IP mode file for STMicroelectronics.X-CUBE-MEMS1.11.3.0
2025-11-19 17:05:08,775 [WARN] PackLoader:240 - Cannot read IP mode file for STMicroelectronics.X-CUBE-DISPLAY.2.0.0
2025-11-19 17:05:08,782 [WARN] PackLoader:240 - Cannot read IP mode file for STMicroelectronics.X-CUBE-AI.9.1.0
2025-11-19 17:05:08,788 [WARN] PackLoader:240 - Cannot read IP mode file for STMicroelectronics.X-CUBE-PM33A1.1.0.0
2025-11-19 17:05:08,800 [WARN] PackLoader:240 - Cannot read IP mode file for STMicroelectronics.X-CUBE-GNSS1.6.0.0
2025-11-19 17:05:08,821 [WARN] PackLoader:240 - Cannot read IP mode file for STMicroelectronics.X-CUBE-AZRTOS-F4.1.1.0
2025-11-19 17:05:08,829 [WARN] PackLoader:240 - Cannot read IP mode file for STMicroelectronics.X-CUBE-ISPU.2.1.0
2025-11-19 17:05:08,844 [WARN] PackLoader:240 - Cannot read IP mode file for STMicroelectronics.X-CUBE-IPS.3.2.0
2025-11-19 17:05:08,859 [WARN] PackLoader:240 - Cannot read IP mode file for STMicroelectronics.X-CUBE-FREERTOS.1.2.0
2025-11-19 17:05:08,870 [WARN] PackLoader:240 - Cannot read IP mode file for STMicroelectronics.X-CUBE-NFC12.1.0.0
2025-11-19 17:05:08,881 [WARN] PackLoader:240 - Cannot read IP mode file for STMicroelectronics.X-CUBE-BLEMGR.1.2.0
2025-11-19 17:05:08,898 [INFO] WebApp:463 - Apply proxy settings
2025-11-19 17:05:08,898 [INFO] WebApp:548 - Chromium requires no authentication
2025-11-19 17:05:08,903 [WARN] PackLoader:240 - Cannot read IP mode file for STMicroelectronics.X-CUBE-AZRTOS-L5.2.0.0
2025-11-19 17:05:08,914 [INFO] WebApp:491 - Direct internet connection detected
2025-11-19 17:05:08,945 [WARN] PackLoader:240 - Cannot read IP mode file for STMicroelectronics.X-CUBE-MEMS1.9.6.0
2025-11-19 17:05:08,963 [INFO] WebApp:900 - Register for checkConnection events
2025-11-19 17:05:08,963 [INFO] WebApp:463 - Apply proxy settings
2025-11-19 17:05:08,963 [INFO] WebApp:548 - Chromium requires no authentication
2025-11-19 17:05:08,964 [INFO] WebApp:491 - Direct internet connection detected
2025-11-19 17:05:09,048 [WARN] PackLoader:240 - Cannot read IP mode file for STMicroelectronics.X-CUBE-EEPRMA1.4.2.0
2025-11-19 17:05:09,055 [WARN] PackLoader:240 - Cannot read IP mode file for STMicroelectronics.X-CUBE-NFC6.3.1.0
2025-11-19 17:05:09,065 [WARN] PackLoader:240 - Cannot read IP mode file for ITTIA_DB.I-CUBE-ITTIADB.8.8.0
2025-11-19 17:05:09,072 [WARN] PackLoader:240 - Cannot read IP mode file for STMicroelectronics.X-CUBE-BLEMGR.2.0.0
2025-11-19 17:05:09,078 [WARN] PackLoader:240 - Cannot read IP mode file for STMicroelectronics.X-CUBE-DPower.1.2.0
2025-11-19 17:05:09,082 [WARN] PackLoader:240 - Cannot read IP mode file for STMicroelectronics.X-CUBE-NFC4.2.0.5
2025-11-19 17:05:09,088 [WARN] PackLoader:240 - Cannot read IP mode file for STMicroelectronics.X-CUBE-NFC4.2.0.4
2025-11-19 17:05:09,094 [WARN] PackLoader:240 - Cannot read IP mode file for STMicroelectronics.X-CUBE-NFC4.2.0.3
2025-11-19 17:05:09,098 [WARN] PackLoader:240 - Cannot read IP mode file for STMicroelectronics.X-CUBE-AI.9.0.0
2025-11-19 17:05:09,110 [WARN] ConditionMgr:438 - getConditionDescription Invalid condition id : UX DEVICE CLASS RTOS Condition cause : null
2025-11-19 17:05:09,110 [WARN] ConditionMgr:438 - getConditionDescription Invalid condition id : UX DEVICE CLASS RTOS Condition cause : null
2025-11-19 17:05:09,113 [WARN] PackLoader:240 - Cannot read IP mode file for STMicroelectronics.X-CUBE-AZRTOS-H7.3.1.0
2025-11-19 17:05:09,114 [WARN] ConditionMgr:1044 - genDependencies : Invalid condition id : UX DEVICE CLASS RTOS Condition cause : null
2025-11-19 17:05:09,114 [WARN] ConditionMgr:1044 - genDependencies : Invalid condition id : UX DEVICE CLASS RTOS Condition cause : null
2025-11-19 17:05:09,114 [WARN] ConditionMgr:1044 - genDependencies : Invalid condition id : UX DEVICE CLASS RTOS Condition cause : null
2025-11-19 17:05:09,115 [WARN] ConditionMgr:1044 - genDependencies : Invalid condition id : UX DEVICE CLASS RTOS Condition cause : null
2025-11-19 17:05:09,115 [WARN] ConditionMgr:1044 - genDependencies : Invalid condition id : UX DEVICE CLASS RTOS Condition cause : null
2025-11-19 17:05:09,122 [WARN] PackLoader:240 - Cannot read IP mode file for STMicroelectronics.X-CUBE-SFXS2LP1.3.1.0
2025-11-19 17:05:09,134 [WARN] PackLoader:240 - Cannot read IP mode file for STMicroelectronics.X-CUBE-AZRTOS-F4.1.0.0
2025-11-19 17:05:09,140 [WARN] PackLoader:240 - Cannot read IP mode file for STMicroelectronics.X-CUBE-TOF1.2.0.0
2025-11-19 17:05:09,146 [WARN] PackLoader:240 - Cannot read IP mode file for STMicroelectronics.X-CUBE-FREERTOS.1.3.1
2025-11-19 17:05:09,153 [WARN] PackLoader:240 - Cannot read IP mode file for STMicroelectronics.X-CUBE-FREERTOS.1.3.0
2025-11-19 17:05:09,159 [WARN] PackLoader:240 - Cannot read IP mode file for STMicroelectronics.X-CUBE-NFC7.1.0.1
2025-11-19 17:05:09,166 [WARN] PackLoader:240 - Cannot read IP mode file for STMicroelectronics.X-CUBE-NFC7.1.0.0
2025-11-19 17:05:09,173 [WARN] PackLoader:240 - Cannot read IP mode file for wolfSSL.I-CUBE-wolfTPM.3.2.0
2025-11-19 17:05:09,176 [WARN] PackLoader:240 - Cannot read IP mode file for STMicroelectronics.X-CUBE-TOUCHGFX.4.26.0
2025-11-19 17:05:09,185 [WARN] PackLoader:240 - Cannot read IP mode file for STMicroelectronics.X-CUBE-NFC6.3.0.0
2025-11-19 17:05:09,193 [WARN] PackLoader:240 - Cannot read IP mode file for STMicroelectronics.X-CUBE-EEPRMA1.4.1.0
2025-11-19 17:05:09,201 [WARN] PackLoader:240 - Cannot read IP mode file for STMicroelectronics.FP-SNS-STAIOTCFT.1.0.0
2025-11-19 17:05:09,208 [WARN] PackLoader:240 - Cannot read IP mode file for STMicroelectronics.X-CUBE-DPower.1.3.0
2025-11-19 17:05:09,215 [WARN] PackLoader:240 - Cannot read IP mode file for STMicroelectronics.X-CUBE-AI.8.1.0
2025-11-19 17:05:09,238 [WARN] ConditionMgr:438 - getConditionDescription Invalid condition id : LAN8742 Phy interface Condition cause : null
2025-11-19 17:05:09,238 [WARN] PackLoader:240 - Cannot read IP mode file for STMicroelectronics.X-CUBE-AZRTOS-L4.2.0.0
2025-11-19 17:05:09,240 [WARN] ConditionMgr:1044 - genDependencies : Invalid condition id : LAN8742 Phy interface Condition cause : null
2025-11-19 17:05:09,240 [WARN] ConditionMgr:1044 - genDependencies : Invalid condition id : LAN8742 Phy interface Condition cause : null
2025-11-19 17:05:09,241 [WARN] ConditionMgr:1044 - genDependencies : Invalid condition id : LAN8742 Phy interface Condition cause : null
2025-11-19 17:05:09,245 [INFO] WebApp:191 - Connection restablished
2025-11-19 17:05:09,249 [WARN] PackLoader:240 - Cannot read IP mode file for STMicroelectronics.X-CUBE-SFXS2LP1.4.0.0
2025-11-19 17:05:09,273 [WARN] PackLoader:240 - Cannot read IP mode file for STMicroelectronics.X-CUBE-AZRTOS-H7.3.0.0
2025-11-19 17:05:09,283 [WARN] PackLoader:240 - Cannot read IP mode file for STMicroelectronics.X-CUBE-ISPU.1.1.0
2025-11-19 17:05:09,310 [WARN] PackLoader:240 - Cannot read IP mode file for STMicroelectronics.X-CUBE-AZRTOS-H7.3.3.0
2025-11-19 17:05:09,324 [WARN] PackLoader:240 - Cannot read IP mode file for RoweBots.I-CUBE-UNISONRTOS.5.5.0-4
2025-11-19 17:05:09,351 [WARN] PackLoader:240 - Cannot read IP mode file for STMicroelectronics.X-CUBE-BLEMGR.4.1.0
2025-11-19 17:05:09,360 [WARN] PackLoader:240 - Cannot read IP mode file for STMicroelectronics.X-CUBE-AI.8.0.0
2025-11-19 17:05:09,373 [WARN] PackLoader:240 - Cannot read IP mode file for STMicroelectronics.X-CUBE-IPS.3.0.0
2025-11-19 17:05:09,395 [WARN] ConditionMgr:438 - getConditionDescription Invalid condition id : UX DEVICE CLASS RTOS Condition cause : null
2025-11-19 17:05:09,396 [WARN] ConditionMgr:438 - getConditionDescription Invalid condition id : UX DEVICE CLASS RTOS Condition cause : null
2025-11-19 17:05:09,399 [WARN] PackLoader:240 - Cannot read IP mode file for STMicroelectronics.X-CUBE-AZRTOS-WB.2.0.0
2025-11-19 17:05:09,400 [WARN] ConditionMgr:1044 - genDependencies : Invalid condition id : UX DEVICE CLASS RTOS Condition cause : null
2025-11-19 17:05:09,400 [WARN] ConditionMgr:1044 - genDependencies : Invalid condition id : UX DEVICE CLASS RTOS Condition cause : null
2025-11-19 17:05:09,400 [WARN] ConditionMgr:1044 - genDependencies : Invalid condition id : UX DEVICE CLASS RTOS Condition cause : null
2025-11-19 17:05:09,401 [WARN] ConditionMgr:1044 - genDependencies : Invalid condition id : UX DEVICE CLASS RTOS Condition cause : null
2025-11-19 17:05:09,401 [WARN] ConditionMgr:1044 - genDependencies : Invalid condition id : UX DEVICE CLASS RTOS Condition cause : null
2025-11-19 17:05:09,409 [WARN] PackLoader:240 - Cannot read IP mode file for STMicroelectronics.X-CUBE-FREERTOS.1.0.0
2025-11-19 17:05:09,416 [WARN] PackLoader:240 - Cannot read IP mode file for STMicroelectronics.X-CUBE-FREERTOS.1.0.1
2025-11-19 17:05:09,468 [WARN] PackLoader:240 - Cannot read IP mode file for STMicroelectronics.X-CUBE-GNSS1.7.0.0
2025-11-19 17:05:09,476 [WARN] PackLoader:240 - Cannot read IP mode file for STMicroelectronics.X-CUBE-GNSS1.7.0.1
2025-11-19 17:05:09,486 [WARN] PackLoader:240 - Cannot read IP mode file for STMicroelectronics.FP-SNS-STBOX1.2.0.0
2025-11-19 17:05:09,521 [WARN] PackLoader:240 - Cannot read IP mode file for STMicroelectronics.X-CUBE-AZRTOS-L5.1.1.0
2025-11-19 17:05:09,530 [WARN] PackLoader:240 - Cannot read IP mode file for STMicroelectronics.X-CUBE-AI.8.0.1
2025-11-19 17:05:09,548 [WARN] PackLoader:240 - Cannot read IP mode file for STMicroelectronics.X-CUBE-SUBG2.5.0.0
2025-11-19 17:05:09,583 [WARN] PackLoader:240 - Cannot read IP mode file for STMicroelectronics.X-CUBE-AZRTOS-H7RS.1.1.0
2025-11-19 17:05:09,611 [WARN] PackLoader:240 - Cannot read IP mode file for STMicroelectronics.X-CUBE-AZRTOS-G4.2.0.0
2025-11-19 17:05:09,658 [WARN] PackLoader:240 - Cannot read IP mode file for STMicroelectronics.X-CUBE-TOF1.3.3.0
2025-11-19 17:05:09,672 [WARN] PackLoader:240 - Cannot read IP mode file for STMicroelectronics.FP-ATR-ASTRA1.1.1.1
2025-11-19 17:05:09,691 [WARN] PackLoader:240 - Cannot read IP mode file for Infineon.AIROC-Wi-Fi-Bluetooth-STM32.1.5.1
2025-11-19 17:05:09,701 [WARN] PackLoader:240 - Cannot read IP mode file for STMicroelectronics.X-CUBE-NFC7.2.0.0
2025-11-19 17:05:09,709 [WARN] PackLoader:240 - Cannot read IP mode file for STMicroelectronics.FP-SNS-MOTENVWB1.1.3.1
2025-11-19 17:05:09,714 [INFO] WebApp:225 - Starting web application
2025-11-19 17:05:09,714 [INFO] WebApp:593 - Web application path used C:\ST\STM32CubeIDE_1.19.0\STM32CubeIDE\plugins\com.st.stm32cube.common.mx_6.15.0.202507011659\db\plugins\mcufinder\reactClient1\index.html
2025-11-19 17:05:09,728 [WARN] PackLoader:240 - Cannot read IP mode file for STMicroelectronics.X-CUBE-AZRTOS-G4.1.0.0
2025-11-19 17:05:09,755 [WARN] PackLoader:240 - Cannot read IP mode file for STMicroelectronics.X-CUBE-AZRTOS-L4.1.0.0
2025-11-19 17:05:09,762 [WARN] PackLoader:240 - Cannot read IP mode file for STMicroelectronics.X-CUBE-ISPU.2.0.0
2025-11-19 17:05:09,782 [WARN] PackLoader:240 - Cannot read IP mode file for STMicroelectronics.X-CUBE-IPS.3.1.0
2025-11-19 17:05:09,794 [WARN] PackLoader:240 - Cannot read IP mode file for STMicroelectronics.X-CUBE-ALS.1.0.2
2025-11-19 17:05:09,851 [WARN] PackLoader:240 - Cannot read IP mode file for STMicroelectronics.X-CUBE-MEMS1.10.0.0
2025-11-19 17:05:09,999 [WARN] PackLoader:240 - Cannot read IP mode file for STMicroelectronics.X-CUBE-FREERTOS.1.1.0
2025-11-19 17:05:10,003 [WARN] PackLoader:240 - Cannot read IP mode file for STMicroelectronics.X-CUBE-TOUCHGFX.4.24.0
2025-11-19 17:05:10,023 [WARN] PackLoader:240 - Cannot read IP mode file for STMicroelectronics.X-CUBE-AZRTOS-F7.1.0.0
2025-11-19 17:05:10,032 [WARN] PackLoader:240 - Cannot read IP mode file for STMicroelectronics.X-CUBE-TOUCHGFX.4.24.2
2025-11-19 17:05:10,046 [WARN] PackLoader:240 - Cannot read IP mode file for STMicroelectronics.X-CUBE-AZRTOS-WL.1.0.0
2025-11-19 17:05:10,051 [WARN] PackLoader:240 - Cannot read IP mode file for STMicroelectronics.X-CUBE-TOUCHGFX.4.24.1
2025-11-19 17:05:10,058 [WARN] PackLoader:240 - Cannot read IP mode file for STMicroelectronics.X-CUBE-STSE01.1.0.0
2025-11-19 17:05:10,102 [WARN] PackLoader:240 - Cannot read IP mode file for STMicroelectronics.X-CUBE-MEMS1.9.1.0
2025-11-19 17:05:10,187 [INFO] UserAuth:487 - Internet connection configuration mode: 1
2025-11-19 17:05:10,215 [WARN] PackLoader:240 - Cannot read IP mode file for portGmbH.I-Cube-SoM-uGOAL.1.1.0
2025-11-19 17:05:10,220 [WARN] PackLoader:240 - Cannot read IP mode file for STMicroelectronics.X-CUBE-ALS.1.0.1
2025-11-19 17:05:10,224 [WARN] PackLoader:240 - Cannot read IP mode file for STMicroelectronics.X-CUBE-AI.7.0.0
2025-11-19 17:05:10,240 [WARN] PackLoader:240 - Cannot read IP mode file for STMicroelectronics.X-CUBE-AZRTOS-WB.1.1.0
2025-11-19 17:05:10,270 [WARN] PackLoader:240 - Cannot read IP mode file for STMicroelectronics.X-CUBE-AZRTOS-L5.1.0.0
2025-11-19 17:05:10,278 [WARN] PackLoader:240 - Cannot read IP mode file for STMicroelectronics.X-CUBE-EEPRMA1.3.1.0
2025-11-19 17:05:10,284 [WARN] PackLoader:240 - Cannot read IP mode file for STMicroelectronics.X-CUBE-EEPRMA1.3.1.1
2025-11-19 17:05:10,317 [WARN] PackLoader:240 - Cannot read IP mode file for STMicroelectronics.X-CUBE-AZRTOS-H7RS.1.0.0
2025-11-19 17:05:10,330 [WARN] PackLoader:240 - Cannot read IP mode file for STMicroelectronics.X-CUBE-GNSS1.5.2.0
2025-11-19 17:05:10,334 [WARN] PackLoader:240 - Cannot read IP mode file for STMicroelectronics.FP-ATR-ASTRA1.2.0.0
2025-11-19 17:05:10,348 [WARN] PackLoader:240 - Cannot read IP mode file for STMicroelectronics.X-CUBE-TOF1.3.4.2
2025-11-19 17:05:10,373 [WARN] PackLoader:240 - Cannot read IP mode file for STMicroelectronics.X-CUBE-TOF1.3.4.3
2025-11-19 17:05:10,397 [WARN] PackLoader:240 - Cannot read IP mode file for STMicroelectronics.X-CUBE-TOF1.3.4.0
2025-11-19 17:05:10,424 [WARN] PackLoader:240 - Cannot read IP mode file for STMicroelectronics.X-CUBE-TOF1.3.4.1
2025-11-19 17:05:10,458 [WARN] PackLoader:240 - Cannot read IP mode file for STMicroelectronics.X-CUBE-AZRTOS-H7.3.2.0
2025-11-19 17:05:10,470 [WARN] PackLoader:240 - Cannot read IP mode file for wolfSSL.I-CUBE-wolfSSH.1.4.17
2025-11-19 17:05:10,471 [INFO] ThirdParty:978 - Integrity check success = true
2025-11-19 17:05:10,471 [INFO] IntegrityCheckThread:100 - exiting critical section [integrity check]
2025-11-19 17:05:10,471 [INFO] IntegrityCheckThread:103 - End integrity checks thread
2025-11-19 17:06:31,325 [INFO] WebApp:194 - Connection lost
2025-11-19 17:06:31,521 [INFO] WebApp:191 - Connection restablished
2025-11-19 17:09:35,332 [INFO] WebApp:194 - Connection lost
2025-11-19 17:09:35,514 [INFO] WebApp:191 - Connection restablished
2025-11-19 17:12:39,786 [INFO] WebApp:194 - Connection lost
2025-11-19 17:12:39,975 [INFO] WebApp:191 - Connection restablished
2025-11-19 17:15:46,796 [INFO] WebApp:194 - Connection lost
2025-11-19 17:15:46,991 [INFO] WebApp:191 - Connection restablished
2025-11-19 17:18:52,280 [INFO] WebApp:194 - Connection lost
2025-11-19 17:18:52,470 [INFO] WebApp:191 - Connection restablished
2025-11-19 17:21:57,307 [INFO] WebApp:194 - Connection lost
2025-11-19 17:21:57,509 [INFO] WebApp:191 - Connection restablished
2025-11-19 17:25:04,328 [INFO] WebApp:194 - Connection lost
2025-11-19 17:25:04,566 [INFO] WebApp:191 - Connection restablished
2025-11-19 17:26:30,247 [INFO] WebApp:403 - JxBrowser engine has been closed 
