2026-01-18 20:56:01,844 [INFO] Activator:176 - 


2026-01-18 20:56:01,855 [INFO] Activator:177 - !SESSION log4j initialized
2026-01-18 20:56:12,926 [INFO] LogOutputStream:77 - [STDOUT_REDIRECT] 
2026-01-18 20:56:15,138 [INFO] ApplicationProperties:184 - Using Application install path: C:\ST\STM32CubeIDE_1.19.0\STM32CubeIDE\plugins\com.st.stm32cube.common.mx_6.15.0.202507011659
2026-01-18 20:56:15,161 [INFO] DbMcusXml:78 - Set database path to: C:\ST\STM32CubeIDE_1.19.0\STM32CubeIDE\plugins\com.st.stm32cube.common.mx_6.15.0.202507011659\\db\/mcu/
2026-01-18 20:56:15,161 [INFO] ApiDb:274 - Set plugin database path to: C:\ST\STM32CubeIDE_1.19.0\STM32CubeIDE\plugins\com.st.stm32cube.common.mx_6.15.0.202507011659\\db\/plugins/boardmanager/
2026-01-18 20:56:15,161 [WARN] ApiDb:259 - Overriding images path with different value:  => C:\ST\STM32CubeIDE_1.19.0\STM32CubeIDE\plugins\com.st.stm32cube.common.mx_6.15.0.202507011659\\db\/plugins/mcufinder/images/
2026-01-18 20:56:15,176 [INFO] ApiDb:250 - Set database path to: C:\Users\ivanp\.stmcufinder\plugins\mcufinder//mcu/
2026-01-18 20:56:15,177 [INFO] DbMcusAds:125 - Set database path to: C:\Users\ivanp\.stmcufinder\plugins\mcufinder//mcu/
2026-01-18 20:56:15,180 [INFO] CrossReferenceDbSqlite:203 - Set database path to: C:\Users\ivanp\.stmcufinder\plugins\mcufinder//mcu/cs/
2026-01-18 20:56:15,336 [INFO] RulesReader:64 - Compatibility file has been processed (317 Rules)
2026-01-18 20:56:15,460 [INFO] DbMcusXml:78 - Set database path to: C:\ST\STM32CubeIDE_1.19.0\STM32CubeIDE\plugins\com.st.stm32cube.common.mx_6.15.0.202507011659\\db\/mcu/
2026-01-18 20:56:15,460 [INFO] ApiDb:274 - Set plugin database path to: C:\ST\STM32CubeIDE_1.19.0\STM32CubeIDE\plugins\com.st.stm32cube.common.mx_6.15.0.202507011659\\db\/plugins/boardmanager/
2026-01-18 20:56:15,460 [INFO] ApiDb:261 - Set plugin images path to: C:\ST\STM32CubeIDE_1.19.0\STM32CubeIDE\plugins\com.st.stm32cube.common.mx_6.15.0.202507011659\\db\/plugins/mcufinder/images/
2026-01-18 20:56:15,460 [WARN] DbFile:41 - Overriding database path with different value: C:\Users\ivanp\.stmcufinder\plugins\mcufinder/ => C:\Users\ivanp\.stmcufinder\plugins\mcufinder
2026-01-18 20:56:15,461 [INFO] ApiDb:250 - Set database path to: C:\Users\ivanp\.stmcufinder\plugins\mcufinder//mcu/
2026-01-18 20:56:15,461 [WARN] DbFile:41 - Overriding database path with different value: C:\Users\ivanp\.stmcufinder\plugins\mcufinder/ => C:\Users\ivanp\.stmcufinder\plugins\mcufinder
2026-01-18 20:56:15,461 [INFO] DbMcusAds:125 - Set database path to: C:\Users\ivanp\.stmcufinder\plugins\mcufinder//mcu/
2026-01-18 20:56:15,461 [WARN] DbFile:41 - Overriding database path with different value: C:\Users\ivanp\.stmcufinder\plugins\mcufinder/ => C:\Users\ivanp\.stmcufinder\plugins\mcufinder
2026-01-18 20:56:15,461 [WARN] DbFile:41 - Overriding database path with different value: C:\Users\ivanp\.stmcufinder\plugins\mcufinder/ => C:\Users\ivanp\.stmcufinder\plugins\mcufinder
2026-01-18 20:56:15,461 [INFO] CrossReferenceDbSqlite:203 - Set database path to: C:\Users\ivanp\.stmcufinder\plugins\mcufinder//mcu/cs/
2026-01-18 20:56:15,553 [INFO] MainPanel:274 - HeapMemory: 268435456
2026-01-18 20:56:15,692 [INFO] DbMcusXml:78 - Set database path to: C:\ST\STM32CubeIDE_1.19.0\STM32CubeIDE\plugins\com.st.stm32cube.common.mx_6.15.0.202507011659\\db\/mcu/
2026-01-18 20:56:15,692 [INFO] ApiDb:274 - Set plugin database path to: C:\ST\STM32CubeIDE_1.19.0\STM32CubeIDE\plugins\com.st.stm32cube.common.mx_6.15.0.202507011659\\db\/plugins/boardmanager/
2026-01-18 20:56:15,692 [INFO] ApiDb:261 - Set plugin images path to: C:\ST\STM32CubeIDE_1.19.0\STM32CubeIDE\plugins\com.st.stm32cube.common.mx_6.15.0.202507011659\\db\/plugins/mcufinder/images/
2026-01-18 20:56:15,692 [WARN] DbFile:41 - Overriding database path with different value: C:\Users\ivanp\.stmcufinder\plugins\mcufinder/ => C:\Users\ivanp\.stmcufinder\plugins\mcufinder
2026-01-18 20:56:15,693 [INFO] ApiDb:250 - Set database path to: C:\Users\ivanp\.stmcufinder\plugins\mcufinder//mcu/
2026-01-18 20:56:15,693 [WARN] DbFile:41 - Overriding database path with different value: C:\Users\ivanp\.stmcufinder\plugins\mcufinder/ => C:\Users\ivanp\.stmcufinder\plugins\mcufinder
2026-01-18 20:56:15,693 [INFO] DbMcusAds:125 - Set database path to: C:\Users\ivanp\.stmcufinder\plugins\mcufinder//mcu/
2026-01-18 20:56:15,693 [WARN] DbFile:41 - Overriding database path with different value: C:\Users\ivanp\.stmcufinder\plugins\mcufinder/ => C:\Users\ivanp\.stmcufinder\plugins\mcufinder
2026-01-18 20:56:15,693 [WARN] DbFile:41 - Overriding database path with different value: C:\Users\ivanp\.stmcufinder\plugins\mcufinder/ => C:\Users\ivanp\.stmcufinder\plugins\mcufinder
2026-01-18 20:56:15,693 [INFO] CrossReferenceDbSqlite:203 - Set database path to: C:\Users\ivanp\.stmcufinder\plugins\mcufinder//mcu/cs/
2026-01-18 20:56:15,713 [INFO] ApplicationProperties:184 - Using Application install path: C:\ST\STM32CubeIDE_1.19.0\STM32CubeIDE\plugins\com.st.stm32cube.common.mx_6.15.0.202507011659
2026-01-18 20:56:15,715 [INFO] PluginManage:196 - Search for loadable plugins [exclusion list=, ]
2026-01-18 20:56:15,718 [INFO] PluginManage:310 - Check plugin analytics
2026-01-18 20:56:16,032 [INFO] AnalyticsPlugin:253 - Accepted Software Licenses: 
2026-01-18 20:56:16,032 [INFO] AnalyticsPlugin:255 - Accepted CMSIS Pack Licenses: 
2026-01-18 20:56:16,033 [INFO] AnalyticsPlugin:257 - Accepted Firmware Licenses: FW.F4.1.28.0,FW.G4.1.6.0
2026-01-18 20:56:16,037 [INFO] PluginManage:359 - Loaded plugin analytics (category:tool,tabindex:-1)
2026-01-18 20:56:16,038 [INFO] PluginManage:310 - Check plugin cadmodel
2026-01-18 20:56:16,047 [INFO] CADModel:105 - Init CAD model plugin
2026-01-18 20:56:16,047 [INFO] PluginManage:359 - Loaded plugin cadmodel (category:power,tabindex:5)
2026-01-18 20:56:16,047 [INFO] PluginManage:310 - Check plugin clock
2026-01-18 20:56:16,061 [INFO] PluginManage:359 - Loaded plugin clock (category:base,tabindex:2)
2026-01-18 20:56:16,061 [INFO] PluginManage:310 - Check plugin ddr
2026-01-18 20:56:16,065 [INFO] PluginManage:359 - Loaded plugin ddr (category:tool,tabindex:6)
2026-01-18 20:56:16,065 [INFO] PluginManage:310 - Check plugin filemanager
2026-01-18 20:56:16,275 [INFO] PluginManage:359 - Loaded plugin filemanager (category:base,tabindex:10)
2026-01-18 20:56:16,275 [INFO] PluginManage:310 - Check plugin ipmanager
2026-01-18 20:56:16,285 [INFO] PluginManage:359 - Loaded plugin ipmanager (category:base,tabindex:5)
2026-01-18 20:56:16,285 [INFO] PluginManage:310 - Check plugin lpbam
2026-01-18 20:56:16,296 [INFO] PluginManage:359 - Loaded plugin lpbam (category:base,tabindex:0)
2026-01-18 20:56:16,296 [INFO] PluginManage:310 - Check plugin memorymap
2026-01-18 20:56:16,316 [INFO] PluginManage:359 - Loaded plugin memorymap (category:base,tabindex:4)
2026-01-18 20:56:16,316 [INFO] PluginManage:310 - Check plugin pinoutandconfiguration
2026-01-18 20:56:16,331 [INFO] PluginManage:359 - Loaded plugin pinoutandconfiguration (category:base,tabindex:1)
2026-01-18 20:56:16,331 [INFO] PluginManage:310 - Check plugin pinoutconfig
2026-01-18 20:56:16,464 [WARN] SupportedApi:132 - Cannot load RTOS API schema: s4s-elt-must-match.1: The content of 'definitions' must match (annotation?, (simpleType | complexType)?, (unique | key | keyref)*)). A problem was found starting at: attribute.
2026-01-18 20:56:16,664 [INFO] PluginManage:359 - Loaded plugin pinoutconfig (category:base,tabindex:0)
2026-01-18 20:56:16,665 [INFO] PluginManage:310 - Check plugin power
2026-01-18 20:56:16,682 [INFO] PluginManage:359 - Loaded plugin power (category:power,tabindex:4)
2026-01-18 20:56:16,683 [INFO] PluginManage:310 - Check plugin projectmanager
2026-01-18 20:56:16,719 [INFO] PluginManage:359 - Loaded plugin projectmanager (category:projectmanager,tabindex:4)
2026-01-18 20:56:16,719 [INFO] PluginManage:310 - Check plugin rif
2026-01-18 20:56:16,741 [INFO] PluginManage:359 - Loaded plugin rif (category:base,tabindex:3)
2026-01-18 20:56:16,741 [INFO] PluginManage:310 - Check plugin thirdparty
2026-01-18 20:56:16,929 [INFO] PluginManage:359 - Loaded plugin thirdparty (category:base,tabindex:-1)
2026-01-18 20:56:16,930 [INFO] PluginManage:310 - Check plugin tools
2026-01-18 20:56:16,929 [WARN] IntegrityCheckThread:84 - waiting for thirdparty lock release [integrity check]
2026-01-18 20:56:16,930 [INFO] IntegrityCheckThread:86 - entering critical section [integrity check]
2026-01-18 20:56:16,930 [INFO] ThirdPartyUpdaterWithRetryManager:70 - Updater plugin not ready yet. [1/15]
2026-01-18 20:56:16,935 [INFO] PluginManage:359 - Loaded plugin tools (category:base,tabindex:7)
2026-01-18 20:56:16,935 [INFO] PluginManage:310 - Check plugin tutovideos
2026-01-18 20:56:17,196 [INFO] PluginManage:359 - Loaded plugin tutovideos (category:base,tabindex:-1)
2026-01-18 20:56:17,196 [INFO] PluginManage:310 - Check plugin updater
2026-01-18 20:56:17,222 [INFO] PluginManage:359 - Loaded plugin updater (category:base,tabindex:12)
2026-01-18 20:56:17,222 [INFO] PluginManage:310 - Check plugin userauth
2026-01-18 20:56:17,227 [INFO] UserAuth:118 - Init User Auth plugin
2026-01-18 20:56:17,228 [INFO] PluginManage:359 - Loaded plugin userauth (category:base,tabindex:14)
2026-01-18 20:56:17,229 [INFO] PluginManage:283 - PluginManage : Loaded plugins [18]
2026-01-18 20:56:17,529 [INFO] PinOutPanel:1589 - setPackage(No Configuration,No Configuration)
2026-01-18 20:56:17,633 [INFO] CADModel:165 - CPN selected for project level
2026-01-18 20:56:17,633 [INFO] CADModel:114 - Register for checkConnection events
2026-01-18 20:56:17,661 [INFO] IPUIPlugin:80 - create IPUIPlugin
2026-01-18 20:56:17,661 [INFO] PluginManager:220 - loadIPPluginJar : add adc
2026-01-18 20:56:17,665 [INFO] IPUIPlugin:80 - create IPUIPlugin
2026-01-18 20:56:17,665 [INFO] PluginManager:220 - loadIPPluginJar : add aes
2026-01-18 20:56:17,669 [INFO] IPUIPlugin:80 - create IPUIPlugin
2026-01-18 20:56:17,669 [INFO] PluginManager:220 - loadIPPluginJar : add can
2026-01-18 20:56:17,672 [INFO] IPUIPlugin:80 - create IPUIPlugin
2026-01-18 20:56:17,672 [INFO] PluginManager:220 - loadIPPluginJar : add comp
2026-01-18 20:56:17,676 [INFO] IPUIPlugin:80 - create IPUIPlugin
2026-01-18 20:56:17,676 [INFO] PluginManager:220 - loadIPPluginJar : add cryp
2026-01-18 20:56:17,680 [INFO] IPUIPlugin:80 - create IPUIPlugin
2026-01-18 20:56:17,680 [INFO] PluginManager:220 - loadIPPluginJar : add ddr_ctrl_phy
2026-01-18 20:56:17,684 [INFO] IPUIPlugin:80 - create IPUIPlugin
2026-01-18 20:56:17,684 [INFO] PluginManager:220 - loadIPPluginJar : add dfsdm
2026-01-18 20:56:17,691 [INFO] IPUIPlugin:80 - create IPUIPlugin
2026-01-18 20:56:17,692 [INFO] PluginManager:220 - loadIPPluginJar : add dma
2026-01-18 20:56:17,696 [INFO] IPUIPlugin:80 - create IPUIPlugin
2026-01-18 20:56:17,696 [INFO] PluginManager:220 - loadIPPluginJar : add dma3
2026-01-18 20:56:17,700 [INFO] IPUIPlugin:80 - create IPUIPlugin
2026-01-18 20:56:17,700 [INFO] PluginManager:220 - loadIPPluginJar : add extmemmanager
2026-01-18 20:56:17,703 [INFO] IPUIPlugin:80 - create IPUIPlugin
2026-01-18 20:56:17,703 [INFO] PluginManager:220 - loadIPPluginJar : add fatfs
2026-01-18 20:56:17,708 [INFO] IPUIPlugin:80 - create IPUIPlugin
2026-01-18 20:56:17,708 [INFO] PluginManager:220 - loadIPPluginJar : add fmc
2026-01-18 20:56:17,720 [INFO] IPUIPlugin:80 - create IPUIPlugin
2026-01-18 20:56:17,721 [INFO] PluginManager:220 - loadIPPluginJar : add freertos
2026-01-18 20:56:17,723 [INFO] IPUIPlugin:80 - create IPUIPlugin
2026-01-18 20:56:17,723 [INFO] PluginManager:220 - loadIPPluginJar : add genericplugin
2026-01-18 20:56:17,726 [INFO] IPUIPlugin:80 - create IPUIPlugin
2026-01-18 20:56:17,726 [INFO] PluginManager:220 - loadIPPluginJar : add gfxmmu
2026-01-18 20:56:17,731 [INFO] IPUIPlugin:80 - create IPUIPlugin
2026-01-18 20:56:17,731 [INFO] PluginManager:220 - loadIPPluginJar : add gic
2026-01-18 20:56:17,736 [INFO] IPUIPlugin:80 - create IPUIPlugin
2026-01-18 20:56:17,736 [INFO] PluginManager:220 - loadIPPluginJar : add gpio
2026-01-18 20:56:17,740 [INFO] IPUIPlugin:80 - create IPUIPlugin
2026-01-18 20:56:17,740 [INFO] PluginManager:220 - loadIPPluginJar : add gtzc
2026-01-18 20:56:17,743 [INFO] IPUIPlugin:80 - create IPUIPlugin
2026-01-18 20:56:17,743 [INFO] PluginManager:220 - loadIPPluginJar : add hash
2026-01-18 20:56:17,746 [INFO] IPUIPlugin:80 - create IPUIPlugin
2026-01-18 20:56:17,746 [INFO] PluginManager:220 - loadIPPluginJar : add i2c
2026-01-18 20:56:17,751 [INFO] IPUIPlugin:80 - create IPUIPlugin
2026-01-18 20:56:17,751 [INFO] PluginManager:220 - loadIPPluginJar : add i2s
2026-01-18 20:56:17,755 [INFO] IPUIPlugin:80 - create IPUIPlugin
2026-01-18 20:56:17,755 [INFO] PluginManager:220 - loadIPPluginJar : add i3c
2026-01-18 20:56:17,759 [INFO] IPUIPlugin:80 - create IPUIPlugin
2026-01-18 20:56:17,759 [INFO] PluginManager:220 - loadIPPluginJar : add ipddr
2026-01-18 20:56:17,767 [INFO] IPUIPlugin:80 - create IPUIPlugin
2026-01-18 20:56:17,767 [INFO] PluginManager:220 - loadIPPluginJar : add linkedlist
2026-01-18 20:56:17,772 [INFO] IPUIPlugin:80 - create IPUIPlugin
2026-01-18 20:56:17,772 [INFO] PluginManager:220 - loadIPPluginJar : add lorawan
2026-01-18 20:56:17,775 [INFO] IPUIPlugin:80 - create IPUIPlugin
2026-01-18 20:56:17,775 [INFO] PluginManager:220 - loadIPPluginJar : add ltdc
2026-01-18 20:56:17,781 [INFO] IPUIPlugin:80 - create IPUIPlugin
2026-01-18 20:56:17,781 [INFO] PluginManager:220 - loadIPPluginJar : add mdma
2026-01-18 20:56:17,786 [INFO] IPUIPlugin:80 - create IPUIPlugin
2026-01-18 20:56:17,786 [INFO] PluginManager:220 - loadIPPluginJar : add nvic
2026-01-18 20:56:17,790 [INFO] IPUIPlugin:80 - create IPUIPlugin
2026-01-18 20:56:17,790 [INFO] PluginManager:220 - loadIPPluginJar : add opamp
2026-01-18 20:56:17,793 [INFO] IPUIPlugin:80 - create IPUIPlugin
2026-01-18 20:56:17,793 [INFO] PluginManager:220 - loadIPPluginJar : add openamp
2026-01-18 20:56:17,798 [INFO] IPUIPlugin:80 - create IPUIPlugin
2026-01-18 20:56:17,798 [INFO] PluginManager:220 - loadIPPluginJar : add pdm2pcm
2026-01-18 20:56:17,804 [INFO] IPUIPlugin:80 - create IPUIPlugin
2026-01-18 20:56:17,807 [INFO] PluginManager:220 - loadIPPluginJar : add plateformsettings
2026-01-18 20:56:17,809 [INFO] IPUIPlugin:80 - create IPUIPlugin
2026-01-18 20:56:17,809 [INFO] PluginManager:220 - loadIPPluginJar : add quadspi
2026-01-18 20:56:17,812 [INFO] IPUIPlugin:80 - create IPUIPlugin
2026-01-18 20:56:17,813 [INFO] PluginManager:220 - loadIPPluginJar : add radio
2026-01-18 20:56:17,818 [INFO] IPUIPlugin:80 - create IPUIPlugin
2026-01-18 20:56:17,818 [INFO] PluginManager:220 - loadIPPluginJar : add resmgrutility
2026-01-18 20:56:17,824 [INFO] IPUIPlugin:80 - create IPUIPlugin
2026-01-18 20:56:17,824 [INFO] PluginManager:220 - loadIPPluginJar : add sai
2026-01-18 20:56:17,829 [INFO] IPUIPlugin:80 - create IPUIPlugin
2026-01-18 20:56:17,829 [INFO] PluginManager:220 - loadIPPluginJar : add spi
2026-01-18 20:56:17,841 [INFO] IPUIPlugin:80 - create IPUIPlugin
2026-01-18 20:56:17,841 [INFO] PluginManager:220 - loadIPPluginJar : add stm32_wpan
2026-01-18 20:56:17,845 [INFO] IPUIPlugin:80 - create IPUIPlugin
2026-01-18 20:56:17,845 [INFO] PluginManager:220 - loadIPPluginJar : add tim
2026-01-18 20:56:17,850 [INFO] IPUIPlugin:80 - create IPUIPlugin
2026-01-18 20:56:17,850 [INFO] PluginManager:220 - loadIPPluginJar : add touchsensing
2026-01-18 20:56:17,853 [INFO] IPUIPlugin:80 - create IPUIPlugin
2026-01-18 20:56:17,853 [INFO] PluginManager:220 - loadIPPluginJar : add tracer_emb
2026-01-18 20:56:17,858 [INFO] IPUIPlugin:80 - create IPUIPlugin
2026-01-18 20:56:17,858 [INFO] PluginManager:220 - loadIPPluginJar : add ts
2026-01-18 20:56:17,860 [INFO] IPUIPlugin:80 - create IPUIPlugin
2026-01-18 20:56:17,860 [INFO] PluginManager:220 - loadIPPluginJar : add tsc
2026-01-18 20:56:17,863 [INFO] IPUIPlugin:80 - create IPUIPlugin
2026-01-18 20:56:17,863 [INFO] PluginManager:220 - loadIPPluginJar : add ucpd
2026-01-18 20:56:17,868 [INFO] IPUIPlugin:80 - create IPUIPlugin
2026-01-18 20:56:17,868 [INFO] PluginManager:220 - loadIPPluginJar : add usart
2026-01-18 20:56:17,873 [INFO] IPUIPlugin:80 - create IPUIPlugin
2026-01-18 20:56:17,873 [INFO] PluginManager:220 - loadIPPluginJar : add usbx
2026-01-18 20:56:18,020 [FATAL] Updater:351 - Updater called before beeing initialized
2026-01-18 20:56:18,069 [INFO] RulesReader:64 - Compatibility file has been processed (317 Rules)
2026-01-18 20:56:18,086 [INFO] RulesReader:64 - Compatibility file has been processed (317 Rules)
2026-01-18 20:56:18,101 [INFO] CADModel:165 - CPN selected for project level
2026-01-18 20:56:18,101 [INFO] CADModel:114 - Register for checkConnection events
2026-01-18 20:56:18,102 [FATAL] Updater:351 - Updater called before beeing initialized
2026-01-18 20:56:18,102 [ERROR] CADModel:125 - Updater not yet initialized, retry later 
2026-01-18 20:56:18,352 [FATAL] Updater:351 - Updater called before beeing initialized
2026-01-18 20:56:18,356 [INFO] CADModel:165 - CPN selected for project level
2026-01-18 20:56:18,356 [INFO] CADModel:114 - Register for checkConnection events
2026-01-18 20:56:18,356 [FATAL] Updater:351 - Updater called before beeing initialized
2026-01-18 20:56:18,356 [ERROR] CADModel:125 - Updater not yet initialized, retry later 
2026-01-18 20:56:18,360 [FATAL] Updater:351 - Updater called before beeing initialized
2026-01-18 20:56:18,556 [FATAL] Updater:351 - Updater called before beeing initialized
2026-01-18 20:56:18,560 [INFO] DbMcusAds:53 - JSON generation date=Mon Nov 10 11:43:01 CET 2025 (1762771381096)
2026-01-18 20:56:18,560 [FATAL] Updater:351 - Updater called before beeing initialized
2026-01-18 20:56:18,605 [WARN] DetailPanel:346 - Failed to get advertising image, set to default
2026-01-18 20:56:18,698 [FATAL] Updater:351 - Updater called before beeing initialized
2026-01-18 20:56:18,700 [FATAL] Updater:351 - Updater called before beeing initialized
2026-01-18 20:56:18,700 [FATAL] Updater:351 - Updater called before beeing initialized
2026-01-18 20:56:18,700 [WARN] DetailPanel:346 - Failed to get advertising image, set to default
2026-01-18 20:56:18,701 [FATAL] Updater:351 - Updater called before beeing initialized
2026-01-18 20:56:18,753 [ERROR] Updater:1198 - MainUpdater not yet initialized. External WinMGr cannot be set.
2026-01-18 20:56:18,755 [INFO] Updater:1134 - Updater Version found : 6.15.0
2026-01-18 20:56:18,771 [INFO] ApplicationProperties:184 - Using Application install path: C:\ST\STM32CubeIDE_1.19.0\STM32CubeIDE\plugins\com.st.stm32cube.common.mx_6.15.0.202507011659
2026-01-18 20:56:19,264 [INFO] MainUpdater:2872 - connection check result : 10
2026-01-18 20:56:19,265 [INFO] MainUpdater:289 - Updater Check For Update Now.
2026-01-18 20:56:19,265 [INFO] MicroXplorer:498 - Change Database Version : DB.6.0.150
2026-01-18 20:56:19,279 [INFO] McuFinderGlobals:63 - Set McuFinder mode to 2 (CubeIDE integrated)
2026-01-18 20:56:19,280 [INFO] UserAuth:487 - Internet connection configuration mode: 1
2026-01-18 20:56:19,317 [INFO] JxBrowserEngine:152 - Initiate JxBrowser Engine with user profile folder
2026-01-18 20:56:19,510 [INFO] CheckServerUpdateThread:120 - End of CheckServer Thread
2026-01-18 20:56:20,456 [WARN] PackLoader:240 - Cannot read IP mode file for STMicroelectronics.FP-SNS-MOTENVWB1.1.4.0
2026-01-18 20:56:20,466 [WARN] PackLoader:240 - Cannot read IP mode file for STMicroelectronics.FP-ATR-ASTRA1.2.0.2
2026-01-18 20:56:20,473 [WARN] PackLoader:240 - Cannot read IP mode file for STMicroelectronics.FP-ATR-ASTRA1.2.0.1
2026-01-18 20:56:20,487 [WARN] PackLoader:240 - Cannot read IP mode file for STMicroelectronics.X-CUBE-SMBUS.2.1.0
2026-01-18 20:56:20,502 [WARN] PackLoader:240 - Cannot read IP mode file for STMicroelectronics.X-CUBE-WB05N.1.1.0
2026-01-18 20:56:20,513 [WARN] PackLoader:240 - Cannot read IP mode file for STMicroelectronics.X-CUBE-TOUCHGFX.4.23.0
2026-01-18 20:56:20,518 [WARN] PackLoader:240 - Cannot read IP mode file for STMicroelectronics.X-CUBE-TOUCHGFX.4.23.2
2026-01-18 20:56:20,563 [WARN] PackLoader:240 - Cannot read IP mode file for STMicroelectronics.X-CUBE-AZRTOS-F7.1.1.0
2026-01-18 20:56:20,578 [WARN] PackLoader:240 - Cannot read IP mode file for STMicroelectronics.FP-SNS-MOTENV1.4.3.2
2026-01-18 20:56:20,586 [ERROR] RealEvaluatedCondition:428 - Found unsupported composite condition: GROUP='STM32_MetaDataManager' CLASS='Data Exchange'
2026-01-18 20:56:20,587 [ERROR] RealEvaluatedCondition:428 - Found unsupported composite condition: GROUP='STM32_MetaDataManager' CLASS='Data Exchange'
2026-01-18 20:56:20,589 [WARN] PackLoader:240 - Cannot read IP mode file for STMicroelectronics.FP-SNS-MOTENV1.4.3.1
2026-01-18 20:56:20,599 [WARN] PackLoader:240 - Cannot read IP mode file for STMicroelectronics.FP-SNS-FLIGHT1.5.0.1
2026-01-18 20:56:20,607 [WARN] PackLoader:240 - Cannot read IP mode file for STMicroelectronics.X-CUBE-BLE1.6.2.3
2026-01-18 20:56:20,715 [WARN] PackLoader:240 - Cannot read IP mode file for STMicroelectronics.X-CUBE-MEMS1.11.0.0
2026-01-18 20:56:21,294 [WARN] PackLoader:240 - Cannot read IP mode file for STMicroelectronics.X-CUBE-BLE1.6.2.4
2026-01-18 20:56:21,321 [WARN] PackLoader:240 - Cannot read IP mode file for STMicroelectronics.FP-SNS-MOTENV1.5.1.0
2026-01-18 20:56:21,331 [WARN] PackLoader:240 - Cannot read IP mode file for STMicroelectronics.X-CUBE-BLE1.6.2.2
2026-01-18 20:56:21,338 [WARN] PackLoader:240 - Cannot read IP mode file for STMicroelectronics.FP-SNS-FLIGHT1.5.0.2
2026-01-18 20:56:21,345 [WARN] PackLoader:240 - Cannot read IP mode file for STMicroelectronics.X-CUBE-BLE2.3.2.2
2026-01-18 20:56:21,403 [WARN] PackLoader:240 - Cannot read IP mode file for STMicroelectronics.X-CUBE-AZRTOS-H7.3.4.0
2026-01-18 20:56:21,418 [WARN] PackLoader:240 - Cannot read IP mode file for STMicroelectronics.X-CUBE-DISPLAY.3.0.0
2026-01-18 20:56:21,432 [WARN] PackLoader:240 - Cannot read IP mode file for STMicroelectronics.X-CUBE-BLE1.7.0.0
2026-01-18 20:56:21,441 [WARN] PackLoader:240 - Cannot read IP mode file for STMicroelectronics.X-CUBE-NFC10.1.0.0
2026-01-18 20:56:21,454 [WARN] PackLoader:240 - Cannot read IP mode file for STMicroelectronics.X-CUBE-BLEMGR.4.0.0
2026-01-18 20:56:21,465 [WARN] PackLoader:240 - Cannot read IP mode file for STMicroelectronics.X-CUBE-ST60.1.1.0
2026-01-18 20:56:21,473 [WARN] PackLoader:240 - Cannot read IP mode file for STMicroelectronics.X-CUBE-TOUCHGFX.4.22.0
2026-01-18 20:56:21,482 [WARN] PackLoader:240 - Cannot read IP mode file for STMicroelectronics.X-CUBE-GNSS1.7.1.0
2026-01-18 20:56:21,486 [WARN] PackLoader:240 - Cannot read IP mode file for STMicroelectronics.X-CUBE-TOUCHGFX.4.22.1
2026-01-18 20:56:21,499 [WARN] PackLoader:240 - Cannot read IP mode file for STMicroelectronics.X-CUBE-SUBG2.4.2.0
2026-01-18 20:56:21,551 [WARN] PackLoader:240 - Cannot read IP mode file for STMicroelectronics.X-CUBE-MEMS1.9.3.0
2026-01-18 20:56:21,950 [WARN] PackLoader:240 - Cannot read IP mode file for STMicroelectronics.X-CUBE-AI.7.2.0
2026-01-18 20:56:21,997 [WARN] PackLoader:240 - Cannot read IP mode file for STMicroelectronics.X-CUBE-BLEMGR.3.1.0
2026-01-18 20:56:22,082 [WARN] PackLoader:240 - Cannot read IP mode file for STMicroelectronics.X-CUBE-AI.10.0.0
2026-01-18 20:56:22,112 [WARN] PackLoader:240 - Cannot read IP mode file for STMicroelectronics.FP-SNS-STBOX1.2.1.0
2026-01-18 20:56:22,126 [WARN] PackLoader:240 - Cannot read IP mode file for STMicroelectronics.FP-SNS-SMARTAG2.1.2.0
2026-01-18 20:56:22,134 [WARN] PackLoader:240 - Cannot read IP mode file for STMicroelectronics.FP-SNS-FLIGHT1.5.1.0
2026-01-18 20:56:22,225 [WARN] PackLoader:240 - Cannot read IP mode file for STMicroelectronics.X-CUBE-MEMS1.11.1.0
2026-01-18 20:56:22,406 [INFO] LogOutputStream:77 - [STDOUT_REDIRECT] 1 : Invalid condition id : UX_CORESTACK_Condition cause : null
2026-01-18 20:56:22,409 [INFO] LogOutputStream:77 - [STDOUT_REDIRECT] 1 : Invalid condition id : UX_CORESTACK_Condition cause : null
2026-01-18 20:56:22,411 [INFO] LogOutputStream:77 - [STDOUT_REDIRECT] 1 : Invalid condition id : UX_CORESTACK_Condition cause : null
2026-01-18 20:56:22,414 [INFO] LogOutputStream:77 - [STDOUT_REDIRECT] 1 : Invalid condition id : UX_CORESTACK_Condition cause : null
2026-01-18 20:56:22,417 [INFO] LogOutputStream:77 - [STDOUT_REDIRECT] 1 : Invalid condition id : UX_CORESTACK_Condition cause : null
2026-01-18 20:56:22,421 [WARN] PackLoader:240 - Cannot read IP mode file for STMicroelectronics.X-CUBE-AZRTOS-WL.2.0.0
2026-01-18 20:56:22,435 [WARN] PackLoader:240 - Cannot read IP mode file for STMicroelectronics.X-CUBE-ALGOBUILD.1.2.1
2026-01-18 20:56:22,441 [WARN] PackLoader:240 - Cannot read IP mode file for STMicroelectronics.FP-SNS-MOTENV1.5.0.0
2026-01-18 20:56:22,472 [WARN] PackLoader:240 - Cannot read IP mode file for STMicroelectronics.X-CUBE-AZRTOS-H7RS.1.2.0
2026-01-18 20:56:22,481 [WARN] PackLoader:240 - Cannot read IP mode file for wolfSSL.I-CUBE-wolfMQTT.1.19.0
2026-01-18 20:56:22,486 [INFO] WebApp:169 - Instantiating new browser for Auth
2026-01-18 20:56:22,495 [WARN] PackLoader:240 - Cannot read IP mode file for WES.I-CUBE-Cesium.1.3.0
2026-01-18 20:56:22,499 [WARN] PackLoader:240 - Cannot read IP mode file for STMicroelectronics.X-CUBE-BLE2.3.3.0
2026-01-18 20:56:22,613 [WARN] PackLoader:240 - Cannot read IP mode file for STMicroelectronics.X-CUBE-DISPLAY.2.2.0
2026-01-18 20:56:22,647 [WARN] PackLoader:240 - Cannot read IP mode file for STMicroelectronics.X-CUBE-TOF1.3.2.0
2026-01-18 20:56:22,671 [WARN] PackLoader:240 - Cannot read IP mode file for STMicroelectronics.X-CUBE-TOUCHGFX.4.18.1
2026-01-18 20:56:22,680 [WARN] PackLoader:240 - Cannot read IP mode file for STMicroelectronics.X-CUBE-ISPU.1.0.0
2026-01-18 20:56:22,689 [WARN] PackLoader:240 - Cannot read IP mode file for wolfSSL.I-CUBE-wolfSSL.5.0.0
2026-01-18 20:56:22,700 [WARN] PackLoader:240 - Cannot read IP mode file for STMicroelectronics.X-CUBE-NFC9.1.0.0
2026-01-18 20:56:22,727 [WARN] PackLoader:240 - Cannot read IP mode file for STMicroelectronics.X-CUBE-AZRTOS-H7.2.1.0
2026-01-18 20:56:22,740 [WARN] PackLoader:240 - Cannot read IP mode file for STMicroelectronics.X-CUBE-BLE1.7.1.0
2026-01-18 20:56:22,750 [WARN] PackLoader:240 - Cannot read IP mode file for STMicroelectronics.X-CUBE-TCPP.4.1.0
2026-01-18 20:56:22,764 [WARN] PackLoader:240 - Cannot read IP mode file for STMicroelectronics.X-CUBE-FREERTOS.1.4.0
2026-01-18 20:56:22,775 [WARN] PackLoader:240 - Cannot read IP mode file for STMicroelectronics.X-CUBE-EEPRMA1.5.2.0
2026-01-18 20:56:22,783 [WARN] PackLoader:240 - Cannot read IP mode file for STMicroelectronics.X-CUBE-TOUCHGFX.4.21.1
2026-01-18 20:56:22,788 [WARN] PackLoader:240 - Cannot read IP mode file for STMicroelectronics.X-CUBE-TOUCHGFX.4.21.0
2026-01-18 20:56:22,793 [WARN] PackLoader:240 - Cannot read IP mode file for STMicroelectronics.X-CUBE-TOUCHGFX.4.21.3
2026-01-18 20:56:22,797 [WARN] PackLoader:240 - Cannot read IP mode file for STMicroelectronics.X-CUBE-TOUCHGFX.4.21.4
2026-01-18 20:56:22,845 [WARN] PackLoader:240 - Cannot read IP mode file for STMicroelectronics.X-CUBE-MEMS1.9.4.0
2026-01-18 20:56:23,005 [WARN] PackLoader:240 - Cannot read IP mode file for STMicroelectronics.X-CUBE-AI.7.3.0
2026-01-18 20:56:23,013 [WARN] PackLoader:240 - Cannot read IP mode file for STMicroelectronics.X-CUBE-ST67W61.1.1.0
2026-01-18 20:56:23,058 [WARN] PackLoader:240 - Cannot read IP mode file for STMicroelectronics.X-CUBE-MEMS1.12.0.0
2026-01-18 20:56:23,169 [WARN] PackLoader:240 - Cannot read IP mode file for STMicroelectronics.X-CUBE-ALGOBUILD.1.3.0
2026-01-18 20:56:23,192 [WARN] PackLoader:240 - Cannot read IP mode file for STMicroelectronics.X-CUBE-AZRTOS-G0.1.1.0
2026-01-18 20:56:23,205 [WARN] PackLoader:240 - Cannot read IP mode file for STMicroelectronics.X-CUBE-SAFEA1.1.2.2
2026-01-18 20:56:23,215 [WARN] PackLoader:240 - Cannot read IP mode file for STMicroelectronics.X-CUBE-NFC4.3.0.0
2026-01-18 20:56:23,262 [WARN] PackLoader:240 - Cannot read IP mode file for SEGGER.I-CUBE-embOS.1.2.0
2026-01-18 20:56:23,331 [WARN] PackLoader:240 - Cannot read IP mode file for wolfSSL.I-CUBE-wolfMQTT.1.18.0
2026-01-18 20:56:23,346 [WARN] PackLoader:240 - Cannot read IP mode file for EmbeddedOffice.I-CUBE-FS-RTOS.1.0.1
2026-01-18 20:56:23,354 [WARN] PackLoader:240 - Cannot read IP mode file for STMicroelectronics.X-CUBE-WB05N.2.0.0
2026-01-18 20:56:23,366 [WARN] PackLoader:240 - Cannot read IP mode file for STMicroelectronics.X-CUBE-BLEMGR.3.0.0
2026-01-18 20:56:23,379 [WARN] PackLoader:240 - Cannot read IP mode file for STMicroelectronics.X-CUBE-BLEMGR.1.3.0
2026-01-18 20:56:23,390 [WARN] PackLoader:240 - Cannot read IP mode file for STMicroelectronics.X-CUBE-TCPP.4.2.0
2026-01-18 20:56:23,412 [WARN] PackLoader:240 - Cannot read IP mode file for RealThread.X-CUBE-RT-Thread_Nano.4.1.1
2026-01-18 20:56:23,442 [WARN] PackLoader:240 - Cannot read IP mode file for STMicroelectronics.X-CUBE-AZRTOS-H7.2.0.0
2026-01-18 20:56:23,454 [WARN] PackLoader:240 - Cannot read IP mode file for STMicroelectronics.FP-ATR-SIGFOX1.3.2.0
2026-01-18 20:56:23,461 [WARN] ConditionMgr:438 - getConditionDescription Invalid condition id : Cortex-A Device cause : null
2026-01-18 20:56:23,482 [WARN] ConditionMgr:1044 - genDependencies : Invalid condition id : Cortex-A Device cause : null
2026-01-18 20:56:23,482 [WARN] ConditionMgr:1044 - genDependencies : Invalid condition id : Cortex-A Device cause : null
2026-01-18 20:56:23,483 [WARN] ConditionMgr:1044 - genDependencies : Invalid condition id : Cortex-A Device cause : null
2026-01-18 20:56:23,493 [WARN] PackLoader:240 - Cannot read IP mode file for STMicroelectronics.X-CUBE-EEPRMA1.5.1.0
2026-01-18 20:56:23,505 [WARN] PackLoader:240 - Cannot read IP mode file for emotas.I-CUBE-CANOPEN.1.1.2
2026-01-18 20:56:23,510 [WARN] PackLoader:240 - Cannot read IP mode file for STMicroelectronics.X-CUBE-TOUCHGFX.4.20.0
2026-01-18 20:56:23,564 [WARN] PackLoader:240 - Cannot read IP mode file for STMicroelectronics.X-CUBE-MEMS1.9.5.0
2026-01-18 20:56:23,718 [WARN] PackLoader:240 - Cannot read IP mode file for STMicroelectronics.X-CUBE-AI.10.2.0
2026-01-18 20:56:23,744 [WARN] PackLoader:240 - Cannot read IP mode file for SEGGER.I-CUBE-embOS.1.3.1
2026-01-18 20:56:23,778 [WARN] PackLoader:240 - Cannot read IP mode file for STMicroelectronics.X-CUBE-ALGOBUILD.1.4.0
2026-01-18 20:56:23,831 [WARN] PackLoader:240 - Cannot read IP mode file for STMicroelectronics.X-CUBE-MEMS1.11.3.0
2026-01-18 20:56:24,148 [WARN] PackLoader:240 - Cannot read IP mode file for STMicroelectronics.X-CUBE-DISPLAY.2.0.0
2026-01-18 20:56:24,155 [WARN] PackLoader:240 - Cannot read IP mode file for STMicroelectronics.X-CUBE-AI.9.1.0
2026-01-18 20:56:24,167 [WARN] PackLoader:240 - Cannot read IP mode file for STMicroelectronics.X-CUBE-PM33A1.1.0.0
2026-01-18 20:56:24,175 [WARN] PackLoader:240 - Cannot read IP mode file for STMicroelectronics.X-CUBE-GNSS1.6.0.0
2026-01-18 20:56:24,207 [WARN] PackLoader:240 - Cannot read IP mode file for STMicroelectronics.X-CUBE-AZRTOS-F4.1.1.0
2026-01-18 20:56:24,218 [WARN] PackLoader:240 - Cannot read IP mode file for STMicroelectronics.X-CUBE-ISPU.2.1.0
2026-01-18 20:56:24,232 [WARN] PackLoader:240 - Cannot read IP mode file for STMicroelectronics.X-CUBE-IPS.3.2.0
2026-01-18 20:56:24,244 [WARN] PackLoader:240 - Cannot read IP mode file for STMicroelectronics.X-CUBE-FREERTOS.1.2.0
2026-01-18 20:56:24,256 [WARN] PackLoader:240 - Cannot read IP mode file for STMicroelectronics.X-CUBE-NFC12.1.0.0
2026-01-18 20:56:24,268 [WARN] PackLoader:240 - Cannot read IP mode file for STMicroelectronics.X-CUBE-BLEMGR.1.2.0
2026-01-18 20:56:24,293 [WARN] PackLoader:240 - Cannot read IP mode file for STMicroelectronics.X-CUBE-AZRTOS-L5.2.0.0
2026-01-18 20:56:24,332 [INFO] WebApp:463 - Apply proxy settings
2026-01-18 20:56:24,334 [INFO] WebApp:548 - Chromium requires no authentication
2026-01-18 20:56:24,355 [INFO] WebApp:491 - Direct internet connection detected
2026-01-18 20:56:24,364 [WARN] PackLoader:240 - Cannot read IP mode file for STMicroelectronics.X-CUBE-MEMS1.9.6.0
2026-01-18 20:56:24,412 [INFO] WebApp:900 - Register for checkConnection events
2026-01-18 20:56:24,412 [INFO] WebApp:463 - Apply proxy settings
2026-01-18 20:56:24,412 [INFO] WebApp:548 - Chromium requires no authentication
2026-01-18 20:56:24,413 [INFO] WebApp:491 - Direct internet connection detected
2026-01-18 20:56:24,530 [WARN] PackLoader:240 - Cannot read IP mode file for STMicroelectronics.X-CUBE-EEPRMA1.4.2.0
2026-01-18 20:56:24,540 [WARN] PackLoader:240 - Cannot read IP mode file for STMicroelectronics.X-CUBE-NFC6.3.1.0
2026-01-18 20:56:24,550 [WARN] PackLoader:240 - Cannot read IP mode file for ITTIA_DB.I-CUBE-ITTIADB.8.8.0
2026-01-18 20:56:24,557 [WARN] PackLoader:240 - Cannot read IP mode file for STMicroelectronics.X-CUBE-BLEMGR.2.0.0
2026-01-18 20:56:24,566 [WARN] PackLoader:240 - Cannot read IP mode file for STMicroelectronics.X-CUBE-DPower.1.2.0
2026-01-18 20:56:24,571 [WARN] PackLoader:240 - Cannot read IP mode file for STMicroelectronics.X-CUBE-NFC4.2.0.5
2026-01-18 20:56:24,575 [WARN] PackLoader:240 - Cannot read IP mode file for STMicroelectronics.X-CUBE-NFC4.2.0.4
2026-01-18 20:56:24,581 [WARN] PackLoader:240 - Cannot read IP mode file for STMicroelectronics.X-CUBE-NFC4.2.0.3
2026-01-18 20:56:24,597 [WARN] PackLoader:240 - Cannot read IP mode file for STMicroelectronics.X-CUBE-AI.9.0.0
2026-01-18 20:56:24,620 [WARN] ConditionMgr:438 - getConditionDescription Invalid condition id : UX DEVICE CLASS RTOS Condition cause : null
2026-01-18 20:56:24,621 [WARN] ConditionMgr:438 - getConditionDescription Invalid condition id : UX DEVICE CLASS RTOS Condition cause : null
2026-01-18 20:56:24,624 [WARN] PackLoader:240 - Cannot read IP mode file for STMicroelectronics.X-CUBE-AZRTOS-H7.3.1.0
2026-01-18 20:56:24,626 [WARN] ConditionMgr:1044 - genDependencies : Invalid condition id : UX DEVICE CLASS RTOS Condition cause : null
2026-01-18 20:56:24,626 [WARN] ConditionMgr:1044 - genDependencies : Invalid condition id : UX DEVICE CLASS RTOS Condition cause : null
2026-01-18 20:56:24,627 [WARN] ConditionMgr:1044 - genDependencies : Invalid condition id : UX DEVICE CLASS RTOS Condition cause : null
2026-01-18 20:56:24,628 [WARN] ConditionMgr:1044 - genDependencies : Invalid condition id : UX DEVICE CLASS RTOS Condition cause : null
2026-01-18 20:56:24,628 [WARN] ConditionMgr:1044 - genDependencies : Invalid condition id : UX DEVICE CLASS RTOS Condition cause : null
2026-01-18 20:56:24,637 [WARN] PackLoader:240 - Cannot read IP mode file for STMicroelectronics.X-CUBE-SFXS2LP1.3.1.0
2026-01-18 20:56:24,696 [WARN] PackLoader:240 - Cannot read IP mode file for STMicroelectronics.X-CUBE-AZRTOS-F4.1.0.0
2026-01-18 20:56:24,753 [INFO] WebApp:191 - Connection restablished
2026-01-18 20:56:24,776 [WARN] PackLoader:240 - Cannot read IP mode file for STMicroelectronics.X-CUBE-TOF1.2.0.0
2026-01-18 20:56:24,786 [WARN] PackLoader:240 - Cannot read IP mode file for STMicroelectronics.X-CUBE-FREERTOS.1.3.1
2026-01-18 20:56:24,792 [WARN] PackLoader:240 - Cannot read IP mode file for STMicroelectronics.X-CUBE-FREERTOS.1.3.0
2026-01-18 20:56:24,801 [WARN] PackLoader:240 - Cannot read IP mode file for STMicroelectronics.X-CUBE-NFC7.1.0.1
2026-01-18 20:56:24,809 [WARN] PackLoader:240 - Cannot read IP mode file for STMicroelectronics.X-CUBE-NFC7.1.0.0
2026-01-18 20:56:24,817 [WARN] PackLoader:240 - Cannot read IP mode file for wolfSSL.I-CUBE-wolfTPM.3.2.0
2026-01-18 20:56:24,825 [WARN] PackLoader:240 - Cannot read IP mode file for STMicroelectronics.X-CUBE-TOUCHGFX.4.26.0
2026-01-18 20:56:24,837 [WARN] PackLoader:240 - Cannot read IP mode file for STMicroelectronics.X-CUBE-NFC6.3.0.0
2026-01-18 20:56:24,863 [WARN] PackLoader:240 - Cannot read IP mode file for STMicroelectronics.X-CUBE-EEPRMA1.4.1.0
2026-01-18 20:56:24,890 [WARN] PackLoader:240 - Cannot read IP mode file for STMicroelectronics.FP-SNS-STAIOTCFT.1.0.0
2026-01-18 20:56:24,896 [WARN] PackLoader:240 - Cannot read IP mode file for STMicroelectronics.X-CUBE-DPower.1.3.0
2026-01-18 20:56:24,902 [WARN] PackLoader:240 - Cannot read IP mode file for STMicroelectronics.X-CUBE-AI.8.1.0
2026-01-18 20:56:24,929 [WARN] ConditionMgr:438 - getConditionDescription Invalid condition id : LAN8742 Phy interface Condition cause : null
2026-01-18 20:56:24,931 [WARN] PackLoader:240 - Cannot read IP mode file for STMicroelectronics.X-CUBE-AZRTOS-L4.2.0.0
2026-01-18 20:56:24,932 [WARN] ConditionMgr:1044 - genDependencies : Invalid condition id : LAN8742 Phy interface Condition cause : null
2026-01-18 20:56:24,933 [WARN] ConditionMgr:1044 - genDependencies : Invalid condition id : LAN8742 Phy interface Condition cause : null
2026-01-18 20:56:24,934 [WARN] ConditionMgr:1044 - genDependencies : Invalid condition id : LAN8742 Phy interface Condition cause : null
2026-01-18 20:56:24,944 [WARN] PackLoader:240 - Cannot read IP mode file for STMicroelectronics.X-CUBE-SFXS2LP1.4.0.0
2026-01-18 20:56:25,039 [WARN] PackLoader:240 - Cannot read IP mode file for STMicroelectronics.X-CUBE-AZRTOS-H7.3.0.0
2026-01-18 20:56:25,052 [WARN] PackLoader:240 - Cannot read IP mode file for STMicroelectronics.X-CUBE-ST67W61.1.2.0
2026-01-18 20:56:25,057 [WARN] PackLoader:240 - Cannot read IP mode file for STMicroelectronics.X-CUBE-ISPU.1.1.0
2026-01-18 20:56:25,081 [WARN] PackLoader:240 - Cannot read IP mode file for STMicroelectronics.X-CUBE-AZRTOS-H7.3.3.0
2026-01-18 20:56:25,100 [WARN] PackLoader:240 - Cannot read IP mode file for RoweBots.I-CUBE-UNISONRTOS.5.5.0-4
2026-01-18 20:56:25,121 [WARN] PackLoader:240 - Cannot read IP mode file for STMicroelectronics.X-CUBE-BLEMGR.4.1.0
2026-01-18 20:56:25,130 [WARN] PackLoader:240 - Cannot read IP mode file for STMicroelectronics.X-CUBE-AI.8.0.0
2026-01-18 20:56:25,133 [INFO] WebApp:225 - Starting web application
2026-01-18 20:56:25,133 [INFO] WebApp:593 - Web application path used C:\ST\STM32CubeIDE_1.19.0\STM32CubeIDE\plugins\com.st.stm32cube.common.mx_6.15.0.202507011659\db\plugins\mcufinder\reactClient1\index.html
2026-01-18 20:56:25,153 [WARN] PackLoader:240 - Cannot read IP mode file for STMicroelectronics.X-CUBE-IPS.3.0.0
2026-01-18 20:56:25,207 [WARN] ConditionMgr:438 - getConditionDescription Invalid condition id : UX DEVICE CLASS RTOS Condition cause : null
2026-01-18 20:56:25,207 [WARN] ConditionMgr:438 - getConditionDescription Invalid condition id : UX DEVICE CLASS RTOS Condition cause : null
2026-01-18 20:56:25,210 [WARN] PackLoader:240 - Cannot read IP mode file for STMicroelectronics.X-CUBE-AZRTOS-WB.2.0.0
2026-01-18 20:56:25,212 [WARN] ConditionMgr:1044 - genDependencies : Invalid condition id : UX DEVICE CLASS RTOS Condition cause : null
2026-01-18 20:56:25,213 [WARN] ConditionMgr:1044 - genDependencies : Invalid condition id : UX DEVICE CLASS RTOS Condition cause : null
2026-01-18 20:56:25,213 [WARN] ConditionMgr:1044 - genDependencies : Invalid condition id : UX DEVICE CLASS RTOS Condition cause : null
2026-01-18 20:56:25,214 [WARN] ConditionMgr:1044 - genDependencies : Invalid condition id : UX DEVICE CLASS RTOS Condition cause : null
2026-01-18 20:56:25,214 [WARN] ConditionMgr:1044 - genDependencies : Invalid condition id : UX DEVICE CLASS RTOS Condition cause : null
2026-01-18 20:56:25,223 [WARN] PackLoader:240 - Cannot read IP mode file for STMicroelectronics.X-CUBE-FREERTOS.1.0.0
2026-01-18 20:56:25,232 [WARN] PackLoader:240 - Cannot read IP mode file for STMicroelectronics.X-CUBE-FREERTOS.1.0.1
2026-01-18 20:56:25,242 [WARN] PackLoader:240 - Cannot read IP mode file for STMicroelectronics.X-CUBE-GNSS1.7.0.0
2026-01-18 20:56:25,251 [WARN] PackLoader:240 - Cannot read IP mode file for STMicroelectronics.X-CUBE-GNSS1.7.0.1
2026-01-18 20:56:25,275 [WARN] PackLoader:240 - Cannot read IP mode file for STMicroelectronics.FP-SNS-STBOX1.2.0.0
2026-01-18 20:56:25,319 [WARN] PackLoader:240 - Cannot read IP mode file for STMicroelectronics.X-CUBE-AZRTOS-L5.1.1.0
2026-01-18 20:56:25,345 [WARN] PackLoader:240 - Cannot read IP mode file for STMicroelectronics.X-CUBE-AI.8.0.1
2026-01-18 20:56:25,375 [WARN] PackLoader:240 - Cannot read IP mode file for STMicroelectronics.X-CUBE-SUBG2.5.0.0
2026-01-18 20:56:25,458 [WARN] PackLoader:240 - Cannot read IP mode file for STMicroelectronics.X-CUBE-AZRTOS-H7RS.1.1.0
2026-01-18 20:56:25,526 [WARN] PackLoader:240 - Cannot read IP mode file for STMicroelectronics.X-CUBE-AZRTOS-G4.2.0.0
2026-01-18 20:56:25,539 [INFO] UserAuth:487 - Internet connection configuration mode: 1
2026-01-18 20:56:25,558 [WARN] PackLoader:240 - Cannot read IP mode file for STMicroelectronics.X-CUBE-TOF1.3.3.0
2026-01-18 20:56:25,578 [WARN] PackLoader:240 - Cannot read IP mode file for STMicroelectronics.FP-ATR-ASTRA1.1.1.1
2026-01-18 20:56:25,626 [WARN] PackLoader:240 - Cannot read IP mode file for Infineon.AIROC-Wi-Fi-Bluetooth-STM32.1.5.1
2026-01-18 20:56:25,644 [WARN] PackLoader:240 - Cannot read IP mode file for STMicroelectronics.X-CUBE-NFC7.2.0.0
2026-01-18 20:56:25,652 [WARN] PackLoader:240 - Cannot read IP mode file for STMicroelectronics.FP-SNS-MOTENVWB1.1.3.1
2026-01-18 20:56:25,694 [WARN] PackLoader:240 - Cannot read IP mode file for STMicroelectronics.X-CUBE-AZRTOS-G4.1.0.0
2026-01-18 20:56:25,724 [WARN] PackLoader:240 - Cannot read IP mode file for STMicroelectronics.X-CUBE-AZRTOS-L4.1.0.0
2026-01-18 20:56:25,733 [WARN] PackLoader:240 - Cannot read IP mode file for STMicroelectronics.X-CUBE-ISPU.2.0.0
2026-01-18 20:56:25,751 [WARN] PackLoader:240 - Cannot read IP mode file for STMicroelectronics.X-CUBE-IPS.3.1.0
2026-01-18 20:56:25,772 [WARN] PackLoader:240 - Cannot read IP mode file for STMicroelectronics.X-CUBE-ALS.1.0.2
2026-01-18 20:56:25,827 [WARN] PackLoader:240 - Cannot read IP mode file for STMicroelectronics.X-CUBE-MEMS1.10.0.0
2026-01-18 20:56:25,958 [WARN] PackLoader:240 - Cannot read IP mode file for STMicroelectronics.X-CUBE-FREERTOS.1.1.0
2026-01-18 20:56:25,962 [WARN] PackLoader:240 - Cannot read IP mode file for STMicroelectronics.X-CUBE-TOUCHGFX.4.24.0
2026-01-18 20:56:25,978 [WARN] PackLoader:240 - Cannot read IP mode file for STMicroelectronics.X-CUBE-AZRTOS-F7.1.0.0
2026-01-18 20:56:25,983 [WARN] PackLoader:240 - Cannot read IP mode file for STMicroelectronics.X-CUBE-TOUCHGFX.4.24.2
2026-01-18 20:56:25,992 [WARN] PackLoader:240 - Cannot read IP mode file for STMicroelectronics.X-CUBE-AZRTOS-WL.1.0.0
2026-01-18 20:56:25,998 [WARN] PackLoader:240 - Cannot read IP mode file for STMicroelectronics.X-CUBE-TOUCHGFX.4.24.1
2026-01-18 20:56:26,005 [WARN] PackLoader:240 - Cannot read IP mode file for STMicroelectronics.X-CUBE-STSE01.1.0.0
2026-01-18 20:56:26,034 [WARN] PackLoader:240 - Cannot read IP mode file for STMicroelectronics.X-CUBE-MEMS1.9.1.0
2026-01-18 20:56:26,149 [WARN] PackLoader:240 - Cannot read IP mode file for portGmbH.I-Cube-SoM-uGOAL.1.1.0
2026-01-18 20:56:26,153 [WARN] PackLoader:240 - Cannot read IP mode file for STMicroelectronics.X-CUBE-ALS.1.0.1
2026-01-18 20:56:26,155 [WARN] PackLoader:240 - Cannot read IP mode file for STMicroelectronics.X-CUBE-AI.7.0.0
2026-01-18 20:56:26,189 [WARN] PackLoader:240 - Cannot read IP mode file for STMicroelectronics.X-CUBE-AZRTOS-WB.1.1.0
2026-01-18 20:56:26,206 [WARN] PackLoader:240 - Cannot read IP mode file for STMicroelectronics.X-CUBE-AZRTOS-L5.1.0.0
2026-01-18 20:56:26,212 [WARN] PackLoader:240 - Cannot read IP mode file for STMicroelectronics.X-CUBE-EEPRMA1.3.1.0
2026-01-18 20:56:26,217 [WARN] PackLoader:240 - Cannot read IP mode file for STMicroelectronics.X-CUBE-EEPRMA1.3.1.1
2026-01-18 20:56:26,236 [WARN] PackLoader:240 - Cannot read IP mode file for STMicroelectronics.X-CUBE-AZRTOS-H7RS.1.0.0
2026-01-18 20:56:26,245 [WARN] PackLoader:240 - Cannot read IP mode file for STMicroelectronics.X-CUBE-GNSS1.5.2.0
2026-01-18 20:56:26,249 [WARN] PackLoader:240 - Cannot read IP mode file for STMicroelectronics.FP-ATR-ASTRA1.2.0.0
2026-01-18 20:56:26,259 [WARN] PackLoader:240 - Cannot read IP mode file for STMicroelectronics.X-CUBE-TOF1.3.4.2
2026-01-18 20:56:26,282 [WARN] PackLoader:240 - Cannot read IP mode file for STMicroelectronics.X-CUBE-TOF1.3.4.3
2026-01-18 20:56:26,303 [WARN] PackLoader:240 - Cannot read IP mode file for STMicroelectronics.X-CUBE-TOF1.3.4.0
2026-01-18 20:56:26,322 [WARN] PackLoader:240 - Cannot read IP mode file for STMicroelectronics.X-CUBE-TOF1.3.4.1
2026-01-18 20:56:26,342 [WARN] PackLoader:240 - Cannot read IP mode file for STMicroelectronics.X-CUBE-AZRTOS-H7.3.2.0
2026-01-18 20:56:26,348 [WARN] PackLoader:240 - Cannot read IP mode file for wolfSSL.I-CUBE-wolfSSH.1.4.17
2026-01-18 20:56:26,348 [INFO] ThirdParty:978 - Integrity check success = true
2026-01-18 20:56:26,348 [INFO] IntegrityCheckThread:100 - exiting critical section [integrity check]
2026-01-18 20:56:26,349 [INFO] IntegrityCheckThread:103 - End integrity checks thread
2026-01-18 20:58:51,412 [INFO] WebApp:194 - Connection lost
2026-01-18 20:58:51,807 [INFO] WebApp:191 - Connection restablished
2026-01-18 21:01:56,374 [INFO] WebApp:194 - Connection lost
2026-01-18 21:01:56,595 [INFO] WebApp:191 - Connection restablished
2026-01-18 23:37:26,892 [INFO] WebApp:194 - Connection lost
2026-01-18 23:37:27,053 [INFO] WebApp:191 - Connection restablished
2026-01-18 23:39:37,654 [INFO] WebApp:403 - JxBrowser engine has been closed 
2026-01-18 23:39:41,183 [ERROR] LogOutputStream:75 - [STDERR_REDIRECT] 
