2026-01-31 11:46:50,690 [INFO] Activator:176 - 


2026-01-31 11:46:50,699 [INFO] Activator:177 - !SESSION log4j initialized
2026-01-31 11:46:58,900 [INFO] LogOutputStream:77 - [STDOUT_REDIRECT] 
2026-01-31 11:47:05,750 [INFO] ApplicationProperties:184 - Using Application install path: C:\ST\STM32CubeIDE_1.19.0\STM32CubeIDE\plugins\com.st.stm32cube.common.mx_6.15.0.202507011659
2026-01-31 11:47:05,772 [INFO] DbMcusXml:78 - Set database path to: C:\ST\STM32CubeIDE_1.19.0\STM32CubeIDE\plugins\com.st.stm32cube.common.mx_6.15.0.202507011659\\db\/mcu/
2026-01-31 11:47:05,772 [INFO] ApiDb:274 - Set plugin database path to: C:\ST\STM32CubeIDE_1.19.0\STM32CubeIDE\plugins\com.st.stm32cube.common.mx_6.15.0.202507011659\\db\/plugins/boardmanager/
2026-01-31 11:47:05,773 [WARN] ApiDb:259 - Overriding images path with different value:  => C:\ST\STM32CubeIDE_1.19.0\STM32CubeIDE\plugins\com.st.stm32cube.common.mx_6.15.0.202507011659\\db\/plugins/mcufinder/images/
2026-01-31 11:47:05,784 [INFO] ApiDb:250 - Set database path to: C:\Users\ivanp\.stmcufinder\plugins\mcufinder//mcu/
2026-01-31 11:47:05,786 [INFO] DbMcusAds:125 - Set database path to: C:\Users\ivanp\.stmcufinder\plugins\mcufinder//mcu/
2026-01-31 11:47:05,790 [INFO] CrossReferenceDbSqlite:203 - Set database path to: C:\Users\ivanp\.stmcufinder\plugins\mcufinder//mcu/cs/
2026-01-31 11:47:05,951 [INFO] RulesReader:64 - Compatibility file has been processed (317 Rules)
2026-01-31 11:47:06,085 [INFO] DbMcusXml:78 - Set database path to: C:\ST\STM32CubeIDE_1.19.0\STM32CubeIDE\plugins\com.st.stm32cube.common.mx_6.15.0.202507011659\\db\/mcu/
2026-01-31 11:47:06,085 [INFO] ApiDb:274 - Set plugin database path to: C:\ST\STM32CubeIDE_1.19.0\STM32CubeIDE\plugins\com.st.stm32cube.common.mx_6.15.0.202507011659\\db\/plugins/boardmanager/
2026-01-31 11:47:06,086 [INFO] ApiDb:261 - Set plugin images path to: C:\ST\STM32CubeIDE_1.19.0\STM32CubeIDE\plugins\com.st.stm32cube.common.mx_6.15.0.202507011659\\db\/plugins/mcufinder/images/
2026-01-31 11:47:06,086 [WARN] DbFile:41 - Overriding database path with different value: C:\Users\ivanp\.stmcufinder\plugins\mcufinder/ => C:\Users\ivanp\.stmcufinder\plugins\mcufinder
2026-01-31 11:47:06,086 [INFO] ApiDb:250 - Set database path to: C:\Users\ivanp\.stmcufinder\plugins\mcufinder//mcu/
2026-01-31 11:47:06,086 [WARN] DbFile:41 - Overriding database path with different value: C:\Users\ivanp\.stmcufinder\plugins\mcufinder/ => C:\Users\ivanp\.stmcufinder\plugins\mcufinder
2026-01-31 11:47:06,086 [INFO] DbMcusAds:125 - Set database path to: C:\Users\ivanp\.stmcufinder\plugins\mcufinder//mcu/
2026-01-31 11:47:06,086 [WARN] DbFile:41 - Overriding database path with different value: C:\Users\ivanp\.stmcufinder\plugins\mcufinder/ => C:\Users\ivanp\.stmcufinder\plugins\mcufinder
2026-01-31 11:47:06,086 [WARN] DbFile:41 - Overriding database path with different value: C:\Users\ivanp\.stmcufinder\plugins\mcufinder/ => C:\Users\ivanp\.stmcufinder\plugins\mcufinder
2026-01-31 11:47:06,086 [INFO] CrossReferenceDbSqlite:203 - Set database path to: C:\Users\ivanp\.stmcufinder\plugins\mcufinder//mcu/cs/
2026-01-31 11:47:06,208 [INFO] MainPanel:274 - HeapMemory: 268435456
2026-01-31 11:47:06,372 [INFO] DbMcusXml:78 - Set database path to: C:\ST\STM32CubeIDE_1.19.0\STM32CubeIDE\plugins\com.st.stm32cube.common.mx_6.15.0.202507011659\\db\/mcu/
2026-01-31 11:47:06,372 [INFO] ApiDb:274 - Set plugin database path to: C:\ST\STM32CubeIDE_1.19.0\STM32CubeIDE\plugins\com.st.stm32cube.common.mx_6.15.0.202507011659\\db\/plugins/boardmanager/
2026-01-31 11:47:06,372 [INFO] ApiDb:261 - Set plugin images path to: C:\ST\STM32CubeIDE_1.19.0\STM32CubeIDE\plugins\com.st.stm32cube.common.mx_6.15.0.202507011659\\db\/plugins/mcufinder/images/
2026-01-31 11:47:06,373 [WARN] DbFile:41 - Overriding database path with different value: C:\Users\ivanp\.stmcufinder\plugins\mcufinder/ => C:\Users\ivanp\.stmcufinder\plugins\mcufinder
2026-01-31 11:47:06,373 [INFO] ApiDb:250 - Set database path to: C:\Users\ivanp\.stmcufinder\plugins\mcufinder//mcu/
2026-01-31 11:47:06,373 [WARN] DbFile:41 - Overriding database path with different value: C:\Users\ivanp\.stmcufinder\plugins\mcufinder/ => C:\Users\ivanp\.stmcufinder\plugins\mcufinder
2026-01-31 11:47:06,373 [INFO] DbMcusAds:125 - Set database path to: C:\Users\ivanp\.stmcufinder\plugins\mcufinder//mcu/
2026-01-31 11:47:06,374 [WARN] DbFile:41 - Overriding database path with different value: C:\Users\ivanp\.stmcufinder\plugins\mcufinder/ => C:\Users\ivanp\.stmcufinder\plugins\mcufinder
2026-01-31 11:47:06,374 [WARN] DbFile:41 - Overriding database path with different value: C:\Users\ivanp\.stmcufinder\plugins\mcufinder/ => C:\Users\ivanp\.stmcufinder\plugins\mcufinder
2026-01-31 11:47:06,374 [INFO] CrossReferenceDbSqlite:203 - Set database path to: C:\Users\ivanp\.stmcufinder\plugins\mcufinder//mcu/cs/
2026-01-31 11:47:06,400 [INFO] ApplicationProperties:184 - Using Application install path: C:\ST\STM32CubeIDE_1.19.0\STM32CubeIDE\plugins\com.st.stm32cube.common.mx_6.15.0.202507011659
2026-01-31 11:47:06,403 [INFO] PluginManage:196 - Search for loadable plugins [exclusion list=, ]
2026-01-31 11:47:06,404 [INFO] PluginManage:310 - Check plugin analytics
2026-01-31 11:47:11,672 [INFO] AnalyticsPlugin:253 - Accepted Software Licenses: 
2026-01-31 11:47:11,672 [INFO] AnalyticsPlugin:255 - Accepted CMSIS Pack Licenses: 
2026-01-31 11:47:11,673 [INFO] AnalyticsPlugin:257 - Accepted Firmware Licenses: FW.F4.1.28.0,FW.G4.1.6.0
2026-01-31 11:47:11,679 [INFO] PluginManage:359 - Loaded plugin analytics (category:tool,tabindex:-1)
2026-01-31 11:47:11,679 [INFO] PluginManage:310 - Check plugin cadmodel
2026-01-31 11:47:11,691 [INFO] CADModel:105 - Init CAD model plugin
2026-01-31 11:47:11,691 [INFO] PluginManage:359 - Loaded plugin cadmodel (category:power,tabindex:5)
2026-01-31 11:47:11,691 [INFO] PluginManage:310 - Check plugin clock
2026-01-31 11:47:11,707 [INFO] PluginManage:359 - Loaded plugin clock (category:base,tabindex:2)
2026-01-31 11:47:11,707 [INFO] PluginManage:310 - Check plugin ddr
2026-01-31 11:47:11,713 [INFO] PluginManage:359 - Loaded plugin ddr (category:tool,tabindex:6)
2026-01-31 11:47:11,713 [INFO] PluginManage:310 - Check plugin filemanager
2026-01-31 11:47:11,936 [INFO] PluginManage:359 - Loaded plugin filemanager (category:base,tabindex:10)
2026-01-31 11:47:11,936 [INFO] PluginManage:310 - Check plugin ipmanager
2026-01-31 11:47:11,947 [INFO] PluginManage:359 - Loaded plugin ipmanager (category:base,tabindex:5)
2026-01-31 11:47:11,948 [INFO] PluginManage:310 - Check plugin lpbam
2026-01-31 11:47:11,960 [INFO] PluginManage:359 - Loaded plugin lpbam (category:base,tabindex:0)
2026-01-31 11:47:11,960 [INFO] PluginManage:310 - Check plugin memorymap
2026-01-31 11:47:11,983 [INFO] PluginManage:359 - Loaded plugin memorymap (category:base,tabindex:4)
2026-01-31 11:47:11,984 [INFO] PluginManage:310 - Check plugin pinoutandconfiguration
2026-01-31 11:47:12,000 [INFO] PluginManage:359 - Loaded plugin pinoutandconfiguration (category:base,tabindex:1)
2026-01-31 11:47:12,000 [INFO] PluginManage:310 - Check plugin pinoutconfig
2026-01-31 11:47:12,152 [WARN] SupportedApi:132 - Cannot load RTOS API schema: s4s-elt-must-match.1: The content of 'definitions' must match (annotation?, (simpleType | complexType)?, (unique | key | keyref)*)). A problem was found starting at: attribute.
2026-01-31 11:47:12,358 [INFO] PluginManage:359 - Loaded plugin pinoutconfig (category:base,tabindex:0)
2026-01-31 11:47:12,359 [INFO] PluginManage:310 - Check plugin power
2026-01-31 11:47:12,379 [INFO] PluginManage:359 - Loaded plugin power (category:power,tabindex:4)
2026-01-31 11:47:12,380 [INFO] PluginManage:310 - Check plugin projectmanager
2026-01-31 11:47:12,415 [INFO] PluginManage:359 - Loaded plugin projectmanager (category:projectmanager,tabindex:4)
2026-01-31 11:47:12,415 [INFO] PluginManage:310 - Check plugin rif
2026-01-31 11:47:12,433 [INFO] PluginManage:359 - Loaded plugin rif (category:base,tabindex:3)
2026-01-31 11:47:12,433 [INFO] PluginManage:310 - Check plugin thirdparty
2026-01-31 11:47:12,713 [INFO] PluginManage:359 - Loaded plugin thirdparty (category:base,tabindex:-1)
2026-01-31 11:47:12,712 [WARN] IntegrityCheckThread:84 - waiting for thirdparty lock release [integrity check]
2026-01-31 11:47:12,713 [INFO] PluginManage:310 - Check plugin tools
2026-01-31 11:47:12,713 [INFO] IntegrityCheckThread:86 - entering critical section [integrity check]
2026-01-31 11:47:12,714 [INFO] ThirdPartyUpdaterWithRetryManager:70 - Updater plugin not ready yet. [1/15]
2026-01-31 11:47:12,719 [INFO] PluginManage:359 - Loaded plugin tools (category:base,tabindex:7)
2026-01-31 11:47:12,719 [INFO] PluginManage:310 - Check plugin tutovideos
2026-01-31 11:47:13,049 [INFO] PluginManage:359 - Loaded plugin tutovideos (category:base,tabindex:-1)
2026-01-31 11:47:13,049 [INFO] PluginManage:310 - Check plugin updater
2026-01-31 11:47:13,084 [INFO] PluginManage:359 - Loaded plugin updater (category:base,tabindex:12)
2026-01-31 11:47:13,084 [INFO] PluginManage:310 - Check plugin userauth
2026-01-31 11:47:13,091 [INFO] UserAuth:118 - Init User Auth plugin
2026-01-31 11:47:13,094 [INFO] PluginManage:359 - Loaded plugin userauth (category:base,tabindex:14)
2026-01-31 11:47:13,095 [INFO] PluginManage:283 - PluginManage : Loaded plugins [18]
2026-01-31 11:47:13,462 [INFO] PinOutPanel:1589 - setPackage(No Configuration,No Configuration)
2026-01-31 11:47:13,617 [INFO] CADModel:165 - CPN selected for project level
2026-01-31 11:47:13,617 [INFO] CADModel:114 - Register for checkConnection events
2026-01-31 11:47:13,651 [INFO] IPUIPlugin:80 - create IPUIPlugin
2026-01-31 11:47:13,651 [INFO] PluginManager:220 - loadIPPluginJar : add adc
2026-01-31 11:47:13,660 [INFO] IPUIPlugin:80 - create IPUIPlugin
2026-01-31 11:47:13,660 [INFO] PluginManager:220 - loadIPPluginJar : add aes
2026-01-31 11:47:13,665 [INFO] IPUIPlugin:80 - create IPUIPlugin
2026-01-31 11:47:13,665 [INFO] PluginManager:220 - loadIPPluginJar : add can
2026-01-31 11:47:13,668 [INFO] IPUIPlugin:80 - create IPUIPlugin
2026-01-31 11:47:13,668 [INFO] PluginManager:220 - loadIPPluginJar : add comp
2026-01-31 11:47:13,674 [INFO] IPUIPlugin:80 - create IPUIPlugin
2026-01-31 11:47:13,675 [INFO] PluginManager:220 - loadIPPluginJar : add cryp
2026-01-31 11:47:13,682 [INFO] IPUIPlugin:80 - create IPUIPlugin
2026-01-31 11:47:13,683 [INFO] PluginManager:220 - loadIPPluginJar : add ddr_ctrl_phy
2026-01-31 11:47:13,686 [INFO] IPUIPlugin:80 - create IPUIPlugin
2026-01-31 11:47:13,687 [INFO] PluginManager:220 - loadIPPluginJar : add dfsdm
2026-01-31 11:47:13,697 [INFO] IPUIPlugin:80 - create IPUIPlugin
2026-01-31 11:47:13,697 [INFO] PluginManager:220 - loadIPPluginJar : add dma
2026-01-31 11:47:13,702 [INFO] IPUIPlugin:80 - create IPUIPlugin
2026-01-31 11:47:13,702 [INFO] PluginManager:220 - loadIPPluginJar : add dma3
2026-01-31 11:47:13,709 [INFO] IPUIPlugin:80 - create IPUIPlugin
2026-01-31 11:47:13,710 [INFO] PluginManager:220 - loadIPPluginJar : add extmemmanager
2026-01-31 11:47:13,714 [INFO] IPUIPlugin:80 - create IPUIPlugin
2026-01-31 11:47:13,714 [INFO] PluginManager:220 - loadIPPluginJar : add fatfs
2026-01-31 11:47:13,724 [INFO] IPUIPlugin:80 - create IPUIPlugin
2026-01-31 11:47:13,724 [INFO] PluginManager:220 - loadIPPluginJar : add fmc
2026-01-31 11:47:13,735 [INFO] IPUIPlugin:80 - create IPUIPlugin
2026-01-31 11:47:13,736 [INFO] PluginManager:220 - loadIPPluginJar : add freertos
2026-01-31 11:47:13,740 [INFO] IPUIPlugin:80 - create IPUIPlugin
2026-01-31 11:47:13,740 [INFO] PluginManager:220 - loadIPPluginJar : add genericplugin
2026-01-31 11:47:13,746 [INFO] IPUIPlugin:80 - create IPUIPlugin
2026-01-31 11:47:13,746 [INFO] PluginManager:220 - loadIPPluginJar : add gfxmmu
2026-01-31 11:47:13,756 [INFO] IPUIPlugin:80 - create IPUIPlugin
2026-01-31 11:47:13,757 [INFO] PluginManager:220 - loadIPPluginJar : add gic
2026-01-31 11:47:13,766 [INFO] IPUIPlugin:80 - create IPUIPlugin
2026-01-31 11:47:13,767 [INFO] PluginManager:220 - loadIPPluginJar : add gpio
2026-01-31 11:47:13,775 [INFO] IPUIPlugin:80 - create IPUIPlugin
2026-01-31 11:47:13,775 [INFO] PluginManager:220 - loadIPPluginJar : add gtzc
2026-01-31 11:47:13,781 [INFO] IPUIPlugin:80 - create IPUIPlugin
2026-01-31 11:47:13,781 [INFO] PluginManager:220 - loadIPPluginJar : add hash
2026-01-31 11:47:13,787 [INFO] IPUIPlugin:80 - create IPUIPlugin
2026-01-31 11:47:13,787 [INFO] PluginManager:220 - loadIPPluginJar : add i2c
2026-01-31 11:47:13,794 [INFO] IPUIPlugin:80 - create IPUIPlugin
2026-01-31 11:47:13,794 [INFO] PluginManager:220 - loadIPPluginJar : add i2s
2026-01-31 11:47:13,803 [INFO] IPUIPlugin:80 - create IPUIPlugin
2026-01-31 11:47:13,803 [INFO] PluginManager:220 - loadIPPluginJar : add i3c
2026-01-31 11:47:13,812 [INFO] IPUIPlugin:80 - create IPUIPlugin
2026-01-31 11:47:13,812 [INFO] PluginManager:220 - loadIPPluginJar : add ipddr
2026-01-31 11:47:13,826 [INFO] IPUIPlugin:80 - create IPUIPlugin
2026-01-31 11:47:13,827 [INFO] PluginManager:220 - loadIPPluginJar : add linkedlist
2026-01-31 11:47:13,834 [INFO] IPUIPlugin:80 - create IPUIPlugin
2026-01-31 11:47:13,834 [INFO] PluginManager:220 - loadIPPluginJar : add lorawan
2026-01-31 11:47:13,838 [INFO] IPUIPlugin:80 - create IPUIPlugin
2026-01-31 11:47:13,838 [INFO] PluginManager:220 - loadIPPluginJar : add ltdc
2026-01-31 11:47:13,852 [INFO] IPUIPlugin:80 - create IPUIPlugin
2026-01-31 11:47:13,852 [INFO] PluginManager:220 - loadIPPluginJar : add mdma
2026-01-31 11:47:13,859 [INFO] IPUIPlugin:80 - create IPUIPlugin
2026-01-31 11:47:13,860 [INFO] PluginManager:220 - loadIPPluginJar : add nvic
2026-01-31 11:47:13,865 [INFO] IPUIPlugin:80 - create IPUIPlugin
2026-01-31 11:47:13,865 [INFO] PluginManager:220 - loadIPPluginJar : add opamp
2026-01-31 11:47:13,872 [INFO] IPUIPlugin:80 - create IPUIPlugin
2026-01-31 11:47:13,872 [INFO] PluginManager:220 - loadIPPluginJar : add openamp
2026-01-31 11:47:13,881 [INFO] IPUIPlugin:80 - create IPUIPlugin
2026-01-31 11:47:13,883 [INFO] PluginManager:220 - loadIPPluginJar : add pdm2pcm
2026-01-31 11:47:13,896 [INFO] IPUIPlugin:80 - create IPUIPlugin
2026-01-31 11:47:13,902 [INFO] PluginManager:220 - loadIPPluginJar : add plateformsettings
2026-01-31 11:47:13,907 [INFO] IPUIPlugin:80 - create IPUIPlugin
2026-01-31 11:47:13,907 [INFO] PluginManager:220 - loadIPPluginJar : add quadspi
2026-01-31 11:47:13,913 [INFO] IPUIPlugin:80 - create IPUIPlugin
2026-01-31 11:47:13,915 [INFO] PluginManager:220 - loadIPPluginJar : add radio
2026-01-31 11:47:13,923 [INFO] IPUIPlugin:80 - create IPUIPlugin
2026-01-31 11:47:13,923 [INFO] PluginManager:220 - loadIPPluginJar : add resmgrutility
2026-01-31 11:47:13,931 [INFO] IPUIPlugin:80 - create IPUIPlugin
2026-01-31 11:47:13,931 [INFO] PluginManager:220 - loadIPPluginJar : add sai
2026-01-31 11:47:13,935 [INFO] IPUIPlugin:80 - create IPUIPlugin
2026-01-31 11:47:13,935 [INFO] PluginManager:220 - loadIPPluginJar : add spi
2026-01-31 11:47:13,949 [INFO] IPUIPlugin:80 - create IPUIPlugin
2026-01-31 11:47:13,949 [INFO] PluginManager:220 - loadIPPluginJar : add stm32_wpan
2026-01-31 11:47:13,953 [INFO] IPUIPlugin:80 - create IPUIPlugin
2026-01-31 11:47:13,953 [INFO] PluginManager:220 - loadIPPluginJar : add tim
2026-01-31 11:47:13,962 [INFO] IPUIPlugin:80 - create IPUIPlugin
2026-01-31 11:47:13,962 [INFO] PluginManager:220 - loadIPPluginJar : add touchsensing
2026-01-31 11:47:13,967 [INFO] IPUIPlugin:80 - create IPUIPlugin
2026-01-31 11:47:13,967 [INFO] PluginManager:220 - loadIPPluginJar : add tracer_emb
2026-01-31 11:47:13,972 [INFO] IPUIPlugin:80 - create IPUIPlugin
2026-01-31 11:47:13,972 [INFO] PluginManager:220 - loadIPPluginJar : add ts
2026-01-31 11:47:13,978 [INFO] IPUIPlugin:80 - create IPUIPlugin
2026-01-31 11:47:13,978 [INFO] PluginManager:220 - loadIPPluginJar : add tsc
2026-01-31 11:47:13,984 [INFO] IPUIPlugin:80 - create IPUIPlugin
2026-01-31 11:47:13,984 [INFO] PluginManager:220 - loadIPPluginJar : add ucpd
2026-01-31 11:47:13,991 [INFO] IPUIPlugin:80 - create IPUIPlugin
2026-01-31 11:47:13,992 [INFO] PluginManager:220 - loadIPPluginJar : add usart
2026-01-31 11:47:13,997 [INFO] IPUIPlugin:80 - create IPUIPlugin
2026-01-31 11:47:13,997 [INFO] PluginManager:220 - loadIPPluginJar : add usbx
2026-01-31 11:47:14,169 [FATAL] Updater:351 - Updater called before beeing initialized
2026-01-31 11:47:14,226 [INFO] RulesReader:64 - Compatibility file has been processed (317 Rules)
2026-01-31 11:47:14,252 [INFO] RulesReader:64 - Compatibility file has been processed (317 Rules)
2026-01-31 11:47:14,271 [INFO] CADModel:165 - CPN selected for project level
2026-01-31 11:47:14,271 [INFO] CADModel:114 - Register for checkConnection events
2026-01-31 11:47:14,272 [FATAL] Updater:351 - Updater called before beeing initialized
2026-01-31 11:47:14,272 [ERROR] CADModel:125 - Updater not yet initialized, retry later 
2026-01-31 11:47:14,567 [FATAL] Updater:351 - Updater called before beeing initialized
2026-01-31 11:47:14,570 [INFO] CADModel:165 - CPN selected for project level
2026-01-31 11:47:14,571 [INFO] CADModel:114 - Register for checkConnection events
2026-01-31 11:47:14,571 [FATAL] Updater:351 - Updater called before beeing initialized
2026-01-31 11:47:14,571 [ERROR] CADModel:125 - Updater not yet initialized, retry later 
2026-01-31 11:47:14,578 [FATAL] Updater:351 - Updater called before beeing initialized
2026-01-31 11:47:14,794 [FATAL] Updater:351 - Updater called before beeing initialized
2026-01-31 11:47:14,801 [INFO] DbMcusAds:53 - JSON generation date=Mon Nov 10 11:43:01 CET 2025 (1762771381096)
2026-01-31 11:47:14,801 [FATAL] Updater:351 - Updater called before beeing initialized
2026-01-31 11:47:14,854 [WARN] DetailPanel:346 - Failed to get advertising image, set to default
2026-01-31 11:47:14,961 [FATAL] Updater:351 - Updater called before beeing initialized
2026-01-31 11:47:14,964 [FATAL] Updater:351 - Updater called before beeing initialized
2026-01-31 11:47:14,964 [FATAL] Updater:351 - Updater called before beeing initialized
2026-01-31 11:47:14,964 [WARN] DetailPanel:346 - Failed to get advertising image, set to default
2026-01-31 11:47:14,965 [FATAL] Updater:351 - Updater called before beeing initialized
2026-01-31 11:47:15,043 [ERROR] Updater:1198 - MainUpdater not yet initialized. External WinMGr cannot be set.
2026-01-31 11:47:15,049 [INFO] Updater:1134 - Updater Version found : 6.15.0
2026-01-31 11:47:15,079 [INFO] ApplicationProperties:184 - Using Application install path: C:\ST\STM32CubeIDE_1.19.0\STM32CubeIDE\plugins\com.st.stm32cube.common.mx_6.15.0.202507011659
2026-01-31 11:47:15,630 [INFO] MainUpdater:2872 - connection check result : 10
2026-01-31 11:47:15,631 [INFO] MainUpdater:289 - Updater Check For Update Now.
2026-01-31 11:47:15,631 [INFO] MicroXplorer:498 - Change Database Version : DB.6.0.150
2026-01-31 11:47:15,644 [INFO] McuFinderGlobals:63 - Set McuFinder mode to 2 (CubeIDE integrated)
2026-01-31 11:47:15,646 [INFO] UserAuth:487 - Internet connection configuration mode: 1
2026-01-31 11:47:15,697 [INFO] JxBrowserEngine:152 - Initiate JxBrowser Engine with user profile folder
2026-01-31 11:47:15,719 [WARN] MainUpdater:1193 - Updater busy. Cannot search thirdparties
2026-01-31 11:47:15,719 [INFO] ThirdPartyUpdaterWithRetryManager:96 - Updater plugin is busy. [1/15]
2026-01-31 11:47:15,909 [INFO] CheckServerUpdateThread:120 - End of CheckServer Thread
2026-01-31 11:47:18,525 [INFO] WebApp:169 - Instantiating new browser for Auth
2026-01-31 11:47:19,549 [WARN] PackLoader:240 - Cannot read IP mode file for STMicroelectronics.FP-SNS-MOTENVWB1.1.4.0
2026-01-31 11:47:19,570 [WARN] PackLoader:240 - Cannot read IP mode file for STMicroelectronics.FP-ATR-ASTRA1.2.0.2
2026-01-31 11:47:19,577 [WARN] PackLoader:240 - Cannot read IP mode file for STMicroelectronics.FP-ATR-ASTRA1.2.0.1
2026-01-31 11:47:19,599 [WARN] PackLoader:240 - Cannot read IP mode file for STMicroelectronics.X-CUBE-SMBUS.2.1.0
2026-01-31 11:47:19,616 [WARN] PackLoader:240 - Cannot read IP mode file for STMicroelectronics.X-CUBE-WB05N.1.1.0
2026-01-31 11:47:19,630 [WARN] PackLoader:240 - Cannot read IP mode file for STMicroelectronics.X-CUBE-TOUCHGFX.4.23.0
2026-01-31 11:47:19,635 [WARN] PackLoader:240 - Cannot read IP mode file for STMicroelectronics.X-CUBE-TOUCHGFX.4.23.2
2026-01-31 11:47:19,695 [WARN] PackLoader:240 - Cannot read IP mode file for STMicroelectronics.X-CUBE-AZRTOS-F7.1.1.0
2026-01-31 11:47:19,714 [WARN] PackLoader:240 - Cannot read IP mode file for STMicroelectronics.FP-SNS-MOTENV1.4.3.2
2026-01-31 11:47:19,724 [ERROR] RealEvaluatedCondition:428 - Found unsupported composite condition: CLASS='Data Exchange' GROUP='STM32_MetaDataManager'
2026-01-31 11:47:19,725 [ERROR] RealEvaluatedCondition:428 - Found unsupported composite condition: GROUP='STM32_MetaDataManager' CLASS='Data Exchange'
2026-01-31 11:47:19,727 [WARN] PackLoader:240 - Cannot read IP mode file for STMicroelectronics.FP-SNS-MOTENV1.4.3.1
2026-01-31 11:47:19,740 [WARN] PackLoader:240 - Cannot read IP mode file for STMicroelectronics.FP-SNS-FLIGHT1.5.0.1
2026-01-31 11:47:19,749 [WARN] PackLoader:240 - Cannot read IP mode file for STMicroelectronics.X-CUBE-BLE1.6.2.3
2026-01-31 11:47:19,852 [WARN] PackLoader:240 - Cannot read IP mode file for STMicroelectronics.X-CUBE-MEMS1.11.0.0
2026-01-31 11:47:20,162 [WARN] PackLoader:240 - Cannot read IP mode file for STMicroelectronics.X-CUBE-BLE1.6.2.4
2026-01-31 11:47:20,171 [WARN] PackLoader:240 - Cannot read IP mode file for STMicroelectronics.FP-SNS-MOTENV1.5.1.0
2026-01-31 11:47:20,180 [WARN] PackLoader:240 - Cannot read IP mode file for STMicroelectronics.X-CUBE-BLE1.6.2.2
2026-01-31 11:47:20,185 [WARN] PackLoader:240 - Cannot read IP mode file for STMicroelectronics.FP-SNS-FLIGHT1.5.0.2
2026-01-31 11:47:20,197 [WARN] PackLoader:240 - Cannot read IP mode file for STMicroelectronics.X-CUBE-BLE2.3.2.2
2026-01-31 11:47:20,235 [WARN] PackLoader:240 - Cannot read IP mode file for STMicroelectronics.X-CUBE-AZRTOS-H7.3.4.0
2026-01-31 11:47:20,301 [WARN] PackLoader:240 - Cannot read IP mode file for STMicroelectronics.X-CUBE-DISPLAY.3.0.0
2026-01-31 11:47:20,316 [WARN] PackLoader:240 - Cannot read IP mode file for STMicroelectronics.X-CUBE-BLE1.7.0.0
2026-01-31 11:47:20,327 [WARN] PackLoader:240 - Cannot read IP mode file for STMicroelectronics.X-CUBE-NFC10.1.0.0
2026-01-31 11:47:20,349 [WARN] PackLoader:240 - Cannot read IP mode file for STMicroelectronics.X-CUBE-BLEMGR.4.0.0
2026-01-31 11:47:20,363 [WARN] PackLoader:240 - Cannot read IP mode file for STMicroelectronics.X-CUBE-ST60.1.1.0
2026-01-31 11:47:20,373 [WARN] PackLoader:240 - Cannot read IP mode file for STMicroelectronics.X-CUBE-TOUCHGFX.4.22.0
2026-01-31 11:47:20,383 [WARN] PackLoader:240 - Cannot read IP mode file for STMicroelectronics.X-CUBE-GNSS1.7.1.0
2026-01-31 11:47:20,390 [WARN] PackLoader:240 - Cannot read IP mode file for STMicroelectronics.X-CUBE-TOUCHGFX.4.22.1
2026-01-31 11:47:20,406 [WARN] PackLoader:240 - Cannot read IP mode file for STMicroelectronics.X-CUBE-SUBG2.4.2.0
2026-01-31 11:47:20,473 [WARN] PackLoader:240 - Cannot read IP mode file for STMicroelectronics.X-CUBE-MEMS1.9.3.0
2026-01-31 11:47:20,663 [WARN] PackLoader:240 - Cannot read IP mode file for STMicroelectronics.X-CUBE-AI.7.2.0
2026-01-31 11:47:20,676 [WARN] PackLoader:240 - Cannot read IP mode file for STMicroelectronics.X-CUBE-BLEMGR.3.1.0
2026-01-31 11:47:20,684 [WARN] PackLoader:240 - Cannot read IP mode file for STMicroelectronics.X-CUBE-AI.10.0.0
2026-01-31 11:47:20,695 [WARN] PackLoader:240 - Cannot read IP mode file for STMicroelectronics.FP-SNS-STBOX1.2.1.0
2026-01-31 11:47:20,704 [WARN] PackLoader:240 - Cannot read IP mode file for STMicroelectronics.FP-SNS-SMARTAG2.1.2.0
2026-01-31 11:47:20,711 [WARN] PackLoader:240 - Cannot read IP mode file for STMicroelectronics.FP-SNS-FLIGHT1.5.1.0
2026-01-31 11:47:20,781 [WARN] PackLoader:240 - Cannot read IP mode file for STMicroelectronics.X-CUBE-MEMS1.11.1.0
2026-01-31 11:47:20,981 [INFO] LogOutputStream:77 - [STDOUT_REDIRECT] 1 : Invalid condition id : UX_CORESTACK_Condition cause : null
2026-01-31 11:47:20,982 [INFO] LogOutputStream:77 - [STDOUT_REDIRECT] 1 : Invalid condition id : UX_CORESTACK_Condition cause : null
2026-01-31 11:47:20,985 [INFO] LogOutputStream:77 - [STDOUT_REDIRECT] 1 : Invalid condition id : UX_CORESTACK_Condition cause : null
2026-01-31 11:47:20,988 [INFO] LogOutputStream:77 - [STDOUT_REDIRECT] 1 : Invalid condition id : UX_CORESTACK_Condition cause : null
2026-01-31 11:47:20,991 [INFO] LogOutputStream:77 - [STDOUT_REDIRECT] 1 : Invalid condition id : UX_CORESTACK_Condition cause : null
2026-01-31 11:47:20,996 [WARN] PackLoader:240 - Cannot read IP mode file for STMicroelectronics.X-CUBE-AZRTOS-WL.2.0.0
2026-01-31 11:47:21,006 [WARN] PackLoader:240 - Cannot read IP mode file for STMicroelectronics.X-CUBE-ALGOBUILD.1.2.1
2026-01-31 11:47:21,012 [WARN] PackLoader:240 - Cannot read IP mode file for STMicroelectronics.FP-SNS-MOTENV1.5.0.0
2026-01-31 11:47:21,040 [WARN] PackLoader:240 - Cannot read IP mode file for STMicroelectronics.X-CUBE-AZRTOS-H7RS.1.2.0
2026-01-31 11:47:21,050 [WARN] PackLoader:240 - Cannot read IP mode file for wolfSSL.I-CUBE-wolfMQTT.1.19.0
2026-01-31 11:47:21,061 [WARN] PackLoader:240 - Cannot read IP mode file for WES.I-CUBE-Cesium.1.3.0
2026-01-31 11:47:21,068 [WARN] PackLoader:240 - Cannot read IP mode file for STMicroelectronics.X-CUBE-BLE2.3.3.0
2026-01-31 11:47:21,099 [WARN] PackLoader:240 - Cannot read IP mode file for STMicroelectronics.X-CUBE-DISPLAY.2.2.0
2026-01-31 11:47:21,121 [WARN] PackLoader:240 - Cannot read IP mode file for STMicroelectronics.X-CUBE-TOF1.3.2.0
2026-01-31 11:47:21,132 [WARN] PackLoader:240 - Cannot read IP mode file for STMicroelectronics.X-CUBE-TOUCHGFX.4.18.1
2026-01-31 11:47:21,140 [WARN] PackLoader:240 - Cannot read IP mode file for STMicroelectronics.X-CUBE-ISPU.1.0.0
2026-01-31 11:47:21,147 [WARN] PackLoader:240 - Cannot read IP mode file for wolfSSL.I-CUBE-wolfSSL.5.0.0
2026-01-31 11:47:21,157 [WARN] PackLoader:240 - Cannot read IP mode file for STMicroelectronics.X-CUBE-NFC9.1.0.0
2026-01-31 11:47:21,184 [WARN] PackLoader:240 - Cannot read IP mode file for STMicroelectronics.X-CUBE-AZRTOS-H7.2.1.0
2026-01-31 11:47:21,195 [WARN] PackLoader:240 - Cannot read IP mode file for STMicroelectronics.X-CUBE-BLE1.7.1.0
2026-01-31 11:47:21,206 [WARN] PackLoader:240 - Cannot read IP mode file for STMicroelectronics.X-CUBE-TCPP.4.1.0
2026-01-31 11:47:21,224 [WARN] PackLoader:240 - Cannot read IP mode file for STMicroelectronics.X-CUBE-FREERTOS.1.4.0
2026-01-31 11:47:21,236 [WARN] PackLoader:240 - Cannot read IP mode file for STMicroelectronics.X-CUBE-EEPRMA1.5.2.0
2026-01-31 11:47:21,243 [WARN] PackLoader:240 - Cannot read IP mode file for STMicroelectronics.X-CUBE-TOUCHGFX.4.21.1
2026-01-31 11:47:21,249 [WARN] PackLoader:240 - Cannot read IP mode file for STMicroelectronics.X-CUBE-TOUCHGFX.4.21.0
2026-01-31 11:47:21,256 [WARN] PackLoader:240 - Cannot read IP mode file for STMicroelectronics.X-CUBE-TOUCHGFX.4.21.3
2026-01-31 11:47:21,261 [WARN] PackLoader:240 - Cannot read IP mode file for STMicroelectronics.X-CUBE-TOUCHGFX.4.21.4
2026-01-31 11:47:21,314 [WARN] PackLoader:240 - Cannot read IP mode file for STMicroelectronics.X-CUBE-MEMS1.9.4.0
2026-01-31 11:47:21,511 [WARN] PackLoader:240 - Cannot read IP mode file for STMicroelectronics.X-CUBE-AI.7.3.0
2026-01-31 11:47:21,522 [WARN] PackLoader:240 - Cannot read IP mode file for STMicroelectronics.X-CUBE-ST67W61.1.1.0
2026-01-31 11:47:21,591 [WARN] PackLoader:240 - Cannot read IP mode file for STMicroelectronics.X-CUBE-MEMS1.12.0.0
2026-01-31 11:47:21,705 [WARN] PackLoader:240 - Cannot read IP mode file for STMicroelectronics.X-CUBE-ALGOBUILD.1.3.0
2026-01-31 11:47:21,727 [INFO] WebApp:463 - Apply proxy settings
2026-01-31 11:47:21,728 [INFO] WebApp:548 - Chromium requires no authentication
2026-01-31 11:47:21,728 [WARN] PackLoader:240 - Cannot read IP mode file for STMicroelectronics.X-CUBE-AZRTOS-G0.1.1.0
2026-01-31 11:47:21,743 [WARN] PackLoader:240 - Cannot read IP mode file for STMicroelectronics.X-CUBE-SAFEA1.1.2.2
2026-01-31 11:47:21,752 [WARN] PackLoader:240 - Cannot read IP mode file for STMicroelectronics.X-CUBE-NFC4.3.0.0
2026-01-31 11:47:21,766 [INFO] WebApp:491 - Direct internet connection detected
2026-01-31 11:47:21,807 [WARN] PackLoader:240 - Cannot read IP mode file for SEGGER.I-CUBE-embOS.1.2.0
2026-01-31 11:47:21,857 [WARN] PackLoader:240 - Cannot read IP mode file for wolfSSL.I-CUBE-wolfMQTT.1.18.0
2026-01-31 11:47:21,871 [WARN] PackLoader:240 - Cannot read IP mode file for EmbeddedOffice.I-CUBE-FS-RTOS.1.0.1
2026-01-31 11:47:21,877 [INFO] WebApp:900 - Register for checkConnection events
2026-01-31 11:47:21,877 [INFO] WebApp:463 - Apply proxy settings
2026-01-31 11:47:21,877 [WARN] PackLoader:240 - Cannot read IP mode file for STMicroelectronics.X-CUBE-WB05N.2.0.0
2026-01-31 11:47:21,879 [INFO] WebApp:548 - Chromium requires no authentication
2026-01-31 11:47:21,882 [INFO] WebApp:491 - Direct internet connection detected
2026-01-31 11:47:21,892 [WARN] PackLoader:240 - Cannot read IP mode file for STMicroelectronics.X-CUBE-BLEMGR.3.0.0
2026-01-31 11:47:21,905 [WARN] PackLoader:240 - Cannot read IP mode file for STMicroelectronics.X-CUBE-BLEMGR.1.3.0
2026-01-31 11:47:21,914 [WARN] PackLoader:240 - Cannot read IP mode file for STMicroelectronics.X-CUBE-TCPP.4.2.0
2026-01-31 11:47:21,923 [WARN] PackLoader:240 - Cannot read IP mode file for RealThread.X-CUBE-RT-Thread_Nano.4.1.1
2026-01-31 11:47:21,949 [WARN] PackLoader:240 - Cannot read IP mode file for STMicroelectronics.X-CUBE-AZRTOS-H7.2.0.0
2026-01-31 11:47:21,961 [WARN] PackLoader:240 - Cannot read IP mode file for STMicroelectronics.FP-ATR-SIGFOX1.3.2.0
2026-01-31 11:47:21,969 [WARN] ConditionMgr:438 - getConditionDescription Invalid condition id : Cortex-A Device cause : null
2026-01-31 11:47:21,982 [WARN] ConditionMgr:1044 - genDependencies : Invalid condition id : Cortex-A Device cause : null
2026-01-31 11:47:21,982 [WARN] ConditionMgr:1044 - genDependencies : Invalid condition id : Cortex-A Device cause : null
2026-01-31 11:47:21,983 [WARN] ConditionMgr:1044 - genDependencies : Invalid condition id : Cortex-A Device cause : null
2026-01-31 11:47:22,000 [WARN] PackLoader:240 - Cannot read IP mode file for STMicroelectronics.X-CUBE-EEPRMA1.5.1.0
2026-01-31 11:47:22,012 [WARN] PackLoader:240 - Cannot read IP mode file for emotas.I-CUBE-CANOPEN.1.1.2
2026-01-31 11:47:22,017 [WARN] PackLoader:240 - Cannot read IP mode file for STMicroelectronics.X-CUBE-TOUCHGFX.4.20.0
2026-01-31 11:47:22,029 [WARN] PackLoader:240 - Cannot read IP mode file for STMicroelectronics.X-CUBE-NFC6.3.2.0
2026-01-31 11:47:22,081 [WARN] PackLoader:240 - Cannot read IP mode file for STMicroelectronics.X-CUBE-MEMS1.9.5.0
2026-01-31 11:47:22,262 [WARN] PackLoader:240 - Cannot read IP mode file for STMicroelectronics.X-CUBE-AI.10.2.0
2026-01-31 11:47:22,302 [WARN] PackLoader:240 - Cannot read IP mode file for SEGGER.I-CUBE-embOS.1.3.1
2026-01-31 11:47:22,350 [WARN] PackLoader:240 - Cannot read IP mode file for STMicroelectronics.X-CUBE-ALGOBUILD.1.4.0
2026-01-31 11:47:22,435 [WARN] PackLoader:240 - Cannot read IP mode file for STMicroelectronics.X-CUBE-MEMS1.11.3.0
2026-01-31 11:47:22,627 [WARN] PackLoader:240 - Cannot read IP mode file for STMicroelectronics.X-CUBE-DISPLAY.2.0.0
2026-01-31 11:47:22,635 [WARN] PackLoader:240 - Cannot read IP mode file for STMicroelectronics.X-CUBE-AI.9.1.0
2026-01-31 11:47:22,643 [WARN] PackLoader:240 - Cannot read IP mode file for STMicroelectronics.X-CUBE-PM33A1.1.0.0
2026-01-31 11:47:22,651 [WARN] PackLoader:240 - Cannot read IP mode file for STMicroelectronics.X-CUBE-GNSS1.6.0.0
2026-01-31 11:47:22,677 [WARN] PackLoader:240 - Cannot read IP mode file for STMicroelectronics.X-CUBE-AZRTOS-F4.1.1.0
2026-01-31 11:47:22,686 [WARN] PackLoader:240 - Cannot read IP mode file for STMicroelectronics.X-CUBE-ISPU.2.1.0
2026-01-31 11:47:22,694 [INFO] WebApp:191 - Connection restablished
2026-01-31 11:47:22,702 [WARN] PackLoader:240 - Cannot read IP mode file for STMicroelectronics.X-CUBE-IPS.3.2.0
2026-01-31 11:47:22,716 [WARN] PackLoader:240 - Cannot read IP mode file for STMicroelectronics.X-CUBE-FREERTOS.1.2.0
2026-01-31 11:47:22,727 [WARN] PackLoader:240 - Cannot read IP mode file for STMicroelectronics.X-CUBE-NFC12.1.0.0
2026-01-31 11:47:22,740 [WARN] PackLoader:240 - Cannot read IP mode file for STMicroelectronics.X-CUBE-BLEMGR.1.2.0
2026-01-31 11:47:22,764 [WARN] PackLoader:240 - Cannot read IP mode file for STMicroelectronics.X-CUBE-AZRTOS-L5.2.0.0
2026-01-31 11:47:22,801 [INFO] WebApp:225 - Starting web application
2026-01-31 11:47:22,801 [INFO] WebApp:593 - Web application path used C:\ST\STM32CubeIDE_1.19.0\STM32CubeIDE\plugins\com.st.stm32cube.common.mx_6.15.0.202507011659\db\plugins\mcufinder\reactClient1\index.html
2026-01-31 11:47:22,827 [WARN] PackLoader:240 - Cannot read IP mode file for STMicroelectronics.X-CUBE-MEMS1.9.6.0
2026-01-31 11:47:23,006 [WARN] PackLoader:240 - Cannot read IP mode file for STMicroelectronics.X-CUBE-EEPRMA1.4.2.0
2026-01-31 11:47:23,015 [WARN] PackLoader:240 - Cannot read IP mode file for STMicroelectronics.X-CUBE-NFC6.3.1.0
2026-01-31 11:47:23,025 [WARN] PackLoader:240 - Cannot read IP mode file for ITTIA_DB.I-CUBE-ITTIADB.8.8.0
2026-01-31 11:47:23,034 [WARN] PackLoader:240 - Cannot read IP mode file for STMicroelectronics.X-CUBE-BLEMGR.2.0.0
2026-01-31 11:47:23,043 [WARN] PackLoader:240 - Cannot read IP mode file for STMicroelectronics.X-CUBE-DPower.1.2.0
2026-01-31 11:47:23,049 [WARN] PackLoader:240 - Cannot read IP mode file for STMicroelectronics.X-CUBE-NFC4.2.0.5
2026-01-31 11:47:23,056 [WARN] PackLoader:240 - Cannot read IP mode file for STMicroelectronics.X-CUBE-NFC4.2.0.4
2026-01-31 11:47:23,062 [WARN] PackLoader:240 - Cannot read IP mode file for STMicroelectronics.X-CUBE-NFC4.2.0.3
2026-01-31 11:47:23,068 [WARN] PackLoader:240 - Cannot read IP mode file for STMicroelectronics.X-CUBE-AI.9.0.0
2026-01-31 11:47:23,090 [WARN] ConditionMgr:438 - getConditionDescription Invalid condition id : UX DEVICE CLASS RTOS Condition cause : null
2026-01-31 11:47:23,090 [WARN] ConditionMgr:438 - getConditionDescription Invalid condition id : UX DEVICE CLASS RTOS Condition cause : null
2026-01-31 11:47:23,094 [WARN] PackLoader:240 - Cannot read IP mode file for STMicroelectronics.X-CUBE-AZRTOS-H7.3.1.0
2026-01-31 11:47:23,095 [WARN] ConditionMgr:1044 - genDependencies : Invalid condition id : UX DEVICE CLASS RTOS Condition cause : null
2026-01-31 11:47:23,095 [WARN] ConditionMgr:1044 - genDependencies : Invalid condition id : UX DEVICE CLASS RTOS Condition cause : null
2026-01-31 11:47:23,096 [WARN] ConditionMgr:1044 - genDependencies : Invalid condition id : UX DEVICE CLASS RTOS Condition cause : null
2026-01-31 11:47:23,097 [WARN] ConditionMgr:1044 - genDependencies : Invalid condition id : UX DEVICE CLASS RTOS Condition cause : null
2026-01-31 11:47:23,097 [WARN] ConditionMgr:1044 - genDependencies : Invalid condition id : UX DEVICE CLASS RTOS Condition cause : null
2026-01-31 11:47:23,110 [WARN] PackLoader:240 - Cannot read IP mode file for STMicroelectronics.X-CUBE-SFXS2LP1.3.1.0
2026-01-31 11:47:23,131 [WARN] PackLoader:240 - Cannot read IP mode file for STMicroelectronics.X-CUBE-AZRTOS-F4.1.0.0
2026-01-31 11:47:23,141 [WARN] PackLoader:240 - Cannot read IP mode file for STMicroelectronics.X-CUBE-TOF1.2.0.0
2026-01-31 11:47:23,147 [WARN] PackLoader:240 - Cannot read IP mode file for STMicroelectronics.X-CUBE-FREERTOS.1.3.1
2026-01-31 11:47:23,154 [WARN] PackLoader:240 - Cannot read IP mode file for STMicroelectronics.X-CUBE-FREERTOS.1.3.0
2026-01-31 11:47:23,161 [WARN] PackLoader:240 - Cannot read IP mode file for STMicroelectronics.X-CUBE-NFC7.1.0.1
2026-01-31 11:47:23,169 [WARN] PackLoader:240 - Cannot read IP mode file for STMicroelectronics.X-CUBE-NFC7.1.0.0
2026-01-31 11:47:23,175 [WARN] PackLoader:240 - Cannot read IP mode file for wolfSSL.I-CUBE-wolfTPM.3.2.0
2026-01-31 11:47:23,179 [WARN] PackLoader:240 - Cannot read IP mode file for STMicroelectronics.X-CUBE-TOUCHGFX.4.26.0
2026-01-31 11:47:23,187 [WARN] PackLoader:240 - Cannot read IP mode file for STMicroelectronics.X-CUBE-NFC6.3.0.0
2026-01-31 11:47:23,195 [WARN] PackLoader:240 - Cannot read IP mode file for STMicroelectronics.X-CUBE-EEPRMA1.4.1.0
2026-01-31 11:47:23,204 [WARN] PackLoader:240 - Cannot read IP mode file for STMicroelectronics.FP-SNS-STAIOTCFT.1.0.0
2026-01-31 11:47:23,210 [WARN] PackLoader:240 - Cannot read IP mode file for STMicroelectronics.X-CUBE-DPower.1.3.0
2026-01-31 11:47:23,214 [WARN] PackLoader:240 - Cannot read IP mode file for STMicroelectronics.X-CUBE-AI.8.1.0
2026-01-31 11:47:23,238 [WARN] ConditionMgr:438 - getConditionDescription Invalid condition id : LAN8742 Phy interface Condition cause : null
2026-01-31 11:47:23,239 [WARN] PackLoader:240 - Cannot read IP mode file for STMicroelectronics.X-CUBE-AZRTOS-L4.2.0.0
2026-01-31 11:47:23,240 [WARN] ConditionMgr:1044 - genDependencies : Invalid condition id : LAN8742 Phy interface Condition cause : null
2026-01-31 11:47:23,241 [WARN] ConditionMgr:1044 - genDependencies : Invalid condition id : LAN8742 Phy interface Condition cause : null
2026-01-31 11:47:23,241 [WARN] ConditionMgr:1044 - genDependencies : Invalid condition id : LAN8742 Phy interface Condition cause : null
2026-01-31 11:47:23,260 [WARN] PackLoader:240 - Cannot read IP mode file for STMicroelectronics.X-CUBE-SFXS2LP1.4.0.0
2026-01-31 11:47:23,284 [WARN] PackLoader:240 - Cannot read IP mode file for STMicroelectronics.X-CUBE-AZRTOS-H7.3.0.0
2026-01-31 11:47:23,297 [WARN] PackLoader:240 - Cannot read IP mode file for STMicroelectronics.X-CUBE-ST67W61.1.2.0
2026-01-31 11:47:23,304 [WARN] PackLoader:240 - Cannot read IP mode file for STMicroelectronics.X-CUBE-ISPU.1.1.0
2026-01-31 11:47:23,331 [WARN] PackLoader:240 - Cannot read IP mode file for STMicroelectronics.X-CUBE-AZRTOS-H7.3.3.0
2026-01-31 11:47:23,346 [WARN] PackLoader:240 - Cannot read IP mode file for RoweBots.I-CUBE-UNISONRTOS.5.5.0-4
2026-01-31 11:47:23,361 [WARN] PackLoader:240 - Cannot read IP mode file for STMicroelectronics.X-CUBE-BLEMGR.4.1.0
2026-01-31 11:47:23,372 [WARN] PackLoader:240 - Cannot read IP mode file for STMicroelectronics.X-CUBE-AI.8.0.0
2026-01-31 11:47:23,384 [WARN] PackLoader:240 - Cannot read IP mode file for STMicroelectronics.X-CUBE-IPS.3.0.0
2026-01-31 11:47:23,410 [WARN] ConditionMgr:438 - getConditionDescription Invalid condition id : UX DEVICE CLASS RTOS Condition cause : null
2026-01-31 11:47:23,410 [WARN] ConditionMgr:438 - getConditionDescription Invalid condition id : UX DEVICE CLASS RTOS Condition cause : null
2026-01-31 11:47:23,414 [WARN] PackLoader:240 - Cannot read IP mode file for STMicroelectronics.X-CUBE-AZRTOS-WB.2.0.0
2026-01-31 11:47:23,415 [WARN] ConditionMgr:1044 - genDependencies : Invalid condition id : UX DEVICE CLASS RTOS Condition cause : null
2026-01-31 11:47:23,415 [WARN] ConditionMgr:1044 - genDependencies : Invalid condition id : UX DEVICE CLASS RTOS Condition cause : null
2026-01-31 11:47:23,416 [WARN] ConditionMgr:1044 - genDependencies : Invalid condition id : UX DEVICE CLASS RTOS Condition cause : null
2026-01-31 11:47:23,416 [WARN] ConditionMgr:1044 - genDependencies : Invalid condition id : UX DEVICE CLASS RTOS Condition cause : null
2026-01-31 11:47:23,417 [WARN] ConditionMgr:1044 - genDependencies : Invalid condition id : UX DEVICE CLASS RTOS Condition cause : null
2026-01-31 11:47:23,426 [WARN] PackLoader:240 - Cannot read IP mode file for STMicroelectronics.X-CUBE-FREERTOS.1.0.0
2026-01-31 11:47:23,431 [WARN] PackLoader:240 - Cannot read IP mode file for STMicroelectronics.X-CUBE-FREERTOS.1.0.1
2026-01-31 11:47:23,437 [WARN] PackLoader:240 - Cannot read IP mode file for STMicroelectronics.X-CUBE-GNSS1.7.0.0
2026-01-31 11:47:23,446 [WARN] PackLoader:240 - Cannot read IP mode file for STMicroelectronics.X-CUBE-GNSS1.7.0.1
2026-01-31 11:47:23,454 [WARN] PackLoader:240 - Cannot read IP mode file for STMicroelectronics.FP-SNS-STBOX1.2.0.0
2026-01-31 11:47:23,467 [WARN] PackLoader:240 - Cannot read IP mode file for STMicroelectronics.X-CUBE-STSE01.2.0.0
2026-01-31 11:47:23,486 [WARN] PackLoader:240 - Cannot read IP mode file for STMicroelectronics.X-CUBE-AZRTOS-L5.1.1.0
2026-01-31 11:47:23,494 [WARN] PackLoader:240 - Cannot read IP mode file for STMicroelectronics.X-CUBE-AI.8.0.1
2026-01-31 11:47:23,505 [WARN] PackLoader:240 - Cannot read IP mode file for STMicroelectronics.X-CUBE-SUBG2.5.0.0
2026-01-31 11:47:23,536 [WARN] PackLoader:240 - Cannot read IP mode file for STMicroelectronics.X-CUBE-AZRTOS-H7RS.1.1.0
2026-01-31 11:47:23,560 [WARN] PackLoader:240 - Cannot read IP mode file for STMicroelectronics.X-CUBE-AZRTOS-G4.2.0.0
2026-01-31 11:47:23,574 [WARN] PackLoader:240 - Cannot read IP mode file for STMicroelectronics.X-CUBE-TOF1.3.3.0
2026-01-31 11:47:23,587 [WARN] PackLoader:240 - Cannot read IP mode file for STMicroelectronics.FP-ATR-ASTRA1.1.1.1
2026-01-31 11:47:23,606 [WARN] PackLoader:240 - Cannot read IP mode file for Infineon.AIROC-Wi-Fi-Bluetooth-STM32.1.5.1
2026-01-31 11:47:23,615 [WARN] PackLoader:240 - Cannot read IP mode file for STMicroelectronics.X-CUBE-NFC7.2.0.0
2026-01-31 11:47:23,620 [WARN] PackLoader:240 - Cannot read IP mode file for STMicroelectronics.FP-SNS-MOTENVWB1.1.3.1
2026-01-31 11:47:23,638 [WARN] PackLoader:240 - Cannot read IP mode file for STMicroelectronics.X-CUBE-AZRTOS-G4.1.0.0
2026-01-31 11:47:23,660 [WARN] PackLoader:240 - Cannot read IP mode file for STMicroelectronics.X-CUBE-AZRTOS-L4.1.0.0
2026-01-31 11:47:23,667 [WARN] PackLoader:240 - Cannot read IP mode file for STMicroelectronics.X-CUBE-ISPU.2.0.0
2026-01-31 11:47:23,680 [WARN] PackLoader:240 - Cannot read IP mode file for STMicroelectronics.X-CUBE-IPS.3.1.0
2026-01-31 11:47:23,693 [WARN] PackLoader:240 - Cannot read IP mode file for STMicroelectronics.X-CUBE-ALS.1.0.2
2026-01-31 11:47:23,747 [WARN] PackLoader:240 - Cannot read IP mode file for STMicroelectronics.X-CUBE-MEMS1.10.0.0
2026-01-31 11:47:23,917 [WARN] PackLoader:240 - Cannot read IP mode file for STMicroelectronics.X-CUBE-FREERTOS.1.1.0
2026-01-31 11:47:23,922 [WARN] PackLoader:240 - Cannot read IP mode file for STMicroelectronics.X-CUBE-TOUCHGFX.4.24.0
2026-01-31 11:47:23,938 [WARN] PackLoader:240 - Cannot read IP mode file for STMicroelectronics.X-CUBE-AZRTOS-F7.1.0.0
2026-01-31 11:47:23,944 [WARN] PackLoader:240 - Cannot read IP mode file for STMicroelectronics.X-CUBE-TOUCHGFX.4.24.2
2026-01-31 11:47:23,956 [WARN] PackLoader:240 - Cannot read IP mode file for STMicroelectronics.X-CUBE-AZRTOS-WL.1.0.0
2026-01-31 11:47:23,961 [WARN] PackLoader:240 - Cannot read IP mode file for STMicroelectronics.X-CUBE-TOUCHGFX.4.24.1
2026-01-31 11:47:23,968 [WARN] PackLoader:240 - Cannot read IP mode file for STMicroelectronics.X-CUBE-STSE01.1.0.0
2026-01-31 11:47:24,009 [WARN] PackLoader:240 - Cannot read IP mode file for STMicroelectronics.X-CUBE-MEMS1.9.1.0
2026-01-31 11:47:24,146 [WARN] PackLoader:240 - Cannot read IP mode file for portGmbH.I-Cube-SoM-uGOAL.1.1.0
2026-01-31 11:47:24,155 [WARN] PackLoader:240 - Cannot read IP mode file for STMicroelectronics.X-CUBE-ALS.1.0.1
2026-01-31 11:47:24,161 [WARN] PackLoader:240 - Cannot read IP mode file for STMicroelectronics.X-CUBE-AI.7.0.0
2026-01-31 11:47:24,176 [WARN] PackLoader:240 - Cannot read IP mode file for STMicroelectronics.X-CUBE-AZRTOS-WB.1.1.0
2026-01-31 11:47:24,197 [WARN] PackLoader:240 - Cannot read IP mode file for STMicroelectronics.X-CUBE-AZRTOS-L5.1.0.0
2026-01-31 11:47:24,205 [WARN] PackLoader:240 - Cannot read IP mode file for STMicroelectronics.X-CUBE-EEPRMA1.3.1.0
2026-01-31 11:47:24,210 [INFO] UserAuth:487 - Internet connection configuration mode: 1
2026-01-31 11:47:24,214 [WARN] PackLoader:240 - Cannot read IP mode file for STMicroelectronics.X-CUBE-EEPRMA1.3.1.1
2026-01-31 11:47:24,237 [WARN] PackLoader:240 - Cannot read IP mode file for STMicroelectronics.X-CUBE-AZRTOS-H7RS.1.0.0
2026-01-31 11:47:24,252 [WARN] PackLoader:240 - Cannot read IP mode file for STMicroelectronics.X-CUBE-GNSS1.5.2.0
2026-01-31 11:47:24,258 [WARN] PackLoader:240 - Cannot read IP mode file for STMicroelectronics.FP-ATR-ASTRA1.2.0.0
2026-01-31 11:47:24,272 [WARN] PackLoader:240 - Cannot read IP mode file for STMicroelectronics.X-CUBE-TOF1.3.4.2
2026-01-31 11:47:24,300 [WARN] PackLoader:240 - Cannot read IP mode file for STMicroelectronics.X-CUBE-TOF1.3.4.3
2026-01-31 11:47:24,329 [WARN] PackLoader:240 - Cannot read IP mode file for STMicroelectronics.X-CUBE-TOF1.3.4.0
2026-01-31 11:47:24,357 [WARN] PackLoader:240 - Cannot read IP mode file for STMicroelectronics.X-CUBE-TOF1.3.4.1
2026-01-31 11:47:24,397 [WARN] PackLoader:240 - Cannot read IP mode file for STMicroelectronics.X-CUBE-AZRTOS-H7.3.2.0
2026-01-31 11:47:24,408 [WARN] PackLoader:240 - Cannot read IP mode file for wolfSSL.I-CUBE-wolfSSH.1.4.17
2026-01-31 11:47:24,408 [INFO] ThirdParty:978 - Integrity check success = true
2026-01-31 11:47:24,408 [INFO] IntegrityCheckThread:100 - exiting critical section [integrity check]
2026-01-31 11:47:24,408 [INFO] IntegrityCheckThread:103 - End integrity checks thread
2026-01-31 16:06:37,147 [INFO] WebApp:403 - JxBrowser engine has been closed 
2026-01-31 20:29:06,044 [INFO] Activator:176 - 


2026-01-31 20:29:06,046 [INFO] Activator:177 - !SESSION log4j initialized
2026-01-31 20:29:13,075 [INFO] LogOutputStream:77 - [STDOUT_REDIRECT] 
