2026-01-09 16:48:51,690 [INFO] Activator:176 - 


2026-01-09 16:48:51,697 [INFO] Activator:177 - !SESSION log4j initialized
2026-01-09 16:48:58,868 [INFO] LogOutputStream:77 - [STDOUT_REDIRECT] 
2026-01-09 16:49:00,339 [INFO] ApplicationProperties:184 - Using Application install path: C:\ST\STM32CubeIDE_1.19.0\STM32CubeIDE\plugins\com.st.stm32cube.common.mx_6.15.0.202507011659
2026-01-09 16:49:00,357 [INFO] DbMcusXml:78 - Set database path to: C:\ST\STM32CubeIDE_1.19.0\STM32CubeIDE\plugins\com.st.stm32cube.common.mx_6.15.0.202507011659\\db\/mcu/
2026-01-09 16:49:00,359 [INFO] ApiDb:274 - Set plugin database path to: C:\ST\STM32CubeIDE_1.19.0\STM32CubeIDE\plugins\com.st.stm32cube.common.mx_6.15.0.202507011659\\db\/plugins/boardmanager/
2026-01-09 16:49:00,360 [WARN] ApiDb:259 - Overriding images path with different value:  => C:\ST\STM32CubeIDE_1.19.0\STM32CubeIDE\plugins\com.st.stm32cube.common.mx_6.15.0.202507011659\\db\/plugins/mcufinder/images/
2026-01-09 16:49:00,369 [INFO] ApiDb:250 - Set database path to: C:\Users\ivanp\.stmcufinder\plugins\mcufinder//mcu/
2026-01-09 16:49:00,370 [INFO] DbMcusAds:125 - Set database path to: C:\Users\ivanp\.stmcufinder\plugins\mcufinder//mcu/
2026-01-09 16:49:00,373 [INFO] CrossReferenceDbSqlite:203 - Set database path to: C:\Users\ivanp\.stmcufinder\plugins\mcufinder//mcu/cs/
2026-01-09 16:49:00,524 [INFO] RulesReader:64 - Compatibility file has been processed (317 Rules)
2026-01-09 16:49:00,653 [INFO] DbMcusXml:78 - Set database path to: C:\ST\STM32CubeIDE_1.19.0\STM32CubeIDE\plugins\com.st.stm32cube.common.mx_6.15.0.202507011659\\db\/mcu/
2026-01-09 16:49:00,653 [INFO] ApiDb:274 - Set plugin database path to: C:\ST\STM32CubeIDE_1.19.0\STM32CubeIDE\plugins\com.st.stm32cube.common.mx_6.15.0.202507011659\\db\/plugins/boardmanager/
2026-01-09 16:49:00,653 [INFO] ApiDb:261 - Set plugin images path to: C:\ST\STM32CubeIDE_1.19.0\STM32CubeIDE\plugins\com.st.stm32cube.common.mx_6.15.0.202507011659\\db\/plugins/mcufinder/images/
2026-01-09 16:49:00,653 [WARN] DbFile:41 - Overriding database path with different value: C:\Users\ivanp\.stmcufinder\plugins\mcufinder/ => C:\Users\ivanp\.stmcufinder\plugins\mcufinder
2026-01-09 16:49:00,653 [INFO] ApiDb:250 - Set database path to: C:\Users\ivanp\.stmcufinder\plugins\mcufinder//mcu/
2026-01-09 16:49:00,654 [WARN] DbFile:41 - Overriding database path with different value: C:\Users\ivanp\.stmcufinder\plugins\mcufinder/ => C:\Users\ivanp\.stmcufinder\plugins\mcufinder
2026-01-09 16:49:00,654 [INFO] DbMcusAds:125 - Set database path to: C:\Users\ivanp\.stmcufinder\plugins\mcufinder//mcu/
2026-01-09 16:49:00,654 [WARN] DbFile:41 - Overriding database path with different value: C:\Users\ivanp\.stmcufinder\plugins\mcufinder/ => C:\Users\ivanp\.stmcufinder\plugins\mcufinder
2026-01-09 16:49:00,654 [WARN] DbFile:41 - Overriding database path with different value: C:\Users\ivanp\.stmcufinder\plugins\mcufinder/ => C:\Users\ivanp\.stmcufinder\plugins\mcufinder
2026-01-09 16:49:00,654 [INFO] CrossReferenceDbSqlite:203 - Set database path to: C:\Users\ivanp\.stmcufinder\plugins\mcufinder//mcu/cs/
2026-01-09 16:49:00,766 [INFO] MainPanel:274 - HeapMemory: 268435456
2026-01-09 16:49:00,932 [INFO] DbMcusXml:78 - Set database path to: C:\ST\STM32CubeIDE_1.19.0\STM32CubeIDE\plugins\com.st.stm32cube.common.mx_6.15.0.202507011659\\db\/mcu/
2026-01-09 16:49:00,932 [INFO] ApiDb:274 - Set plugin database path to: C:\ST\STM32CubeIDE_1.19.0\STM32CubeIDE\plugins\com.st.stm32cube.common.mx_6.15.0.202507011659\\db\/plugins/boardmanager/
2026-01-09 16:49:00,933 [INFO] ApiDb:261 - Set plugin images path to: C:\ST\STM32CubeIDE_1.19.0\STM32CubeIDE\plugins\com.st.stm32cube.common.mx_6.15.0.202507011659\\db\/plugins/mcufinder/images/
2026-01-09 16:49:00,933 [WARN] DbFile:41 - Overriding database path with different value: C:\Users\ivanp\.stmcufinder\plugins\mcufinder/ => C:\Users\ivanp\.stmcufinder\plugins\mcufinder
2026-01-09 16:49:00,933 [INFO] ApiDb:250 - Set database path to: C:\Users\ivanp\.stmcufinder\plugins\mcufinder//mcu/
2026-01-09 16:49:00,933 [WARN] DbFile:41 - Overriding database path with different value: C:\Users\ivanp\.stmcufinder\plugins\mcufinder/ => C:\Users\ivanp\.stmcufinder\plugins\mcufinder
2026-01-09 16:49:00,934 [INFO] DbMcusAds:125 - Set database path to: C:\Users\ivanp\.stmcufinder\plugins\mcufinder//mcu/
2026-01-09 16:49:00,934 [WARN] DbFile:41 - Overriding database path with different value: C:\Users\ivanp\.stmcufinder\plugins\mcufinder/ => C:\Users\ivanp\.stmcufinder\plugins\mcufinder
2026-01-09 16:49:00,934 [WARN] DbFile:41 - Overriding database path with different value: C:\Users\ivanp\.stmcufinder\plugins\mcufinder/ => C:\Users\ivanp\.stmcufinder\plugins\mcufinder
2026-01-09 16:49:00,934 [INFO] CrossReferenceDbSqlite:203 - Set database path to: C:\Users\ivanp\.stmcufinder\plugins\mcufinder//mcu/cs/
2026-01-09 16:49:00,962 [INFO] ApplicationProperties:184 - Using Application install path: C:\ST\STM32CubeIDE_1.19.0\STM32CubeIDE\plugins\com.st.stm32cube.common.mx_6.15.0.202507011659
2026-01-09 16:49:00,964 [INFO] PluginManage:196 - Search for loadable plugins [exclusion list=, ]
2026-01-09 16:49:00,966 [INFO] PluginManage:310 - Check plugin analytics
2026-01-09 16:49:01,245 [INFO] AnalyticsPlugin:253 - Accepted Software Licenses: 
2026-01-09 16:49:01,246 [INFO] AnalyticsPlugin:255 - Accepted CMSIS Pack Licenses: 
2026-01-09 16:49:01,246 [INFO] AnalyticsPlugin:257 - Accepted Firmware Licenses: FW.F4.1.28.0,FW.G4.1.6.0
2026-01-09 16:49:01,251 [INFO] PluginManage:359 - Loaded plugin analytics (category:tool,tabindex:-1)
2026-01-09 16:49:01,251 [INFO] PluginManage:310 - Check plugin cadmodel
2026-01-09 16:49:01,259 [INFO] CADModel:105 - Init CAD model plugin
2026-01-09 16:49:01,259 [INFO] PluginManage:359 - Loaded plugin cadmodel (category:power,tabindex:5)
2026-01-09 16:49:01,259 [INFO] PluginManage:310 - Check plugin clock
2026-01-09 16:49:01,272 [INFO] PluginManage:359 - Loaded plugin clock (category:base,tabindex:2)
2026-01-09 16:49:01,273 [INFO] PluginManage:310 - Check plugin ddr
2026-01-09 16:49:01,275 [INFO] PluginManage:359 - Loaded plugin ddr (category:tool,tabindex:6)
2026-01-09 16:49:01,275 [INFO] PluginManage:310 - Check plugin filemanager
2026-01-09 16:49:01,462 [INFO] PluginManage:359 - Loaded plugin filemanager (category:base,tabindex:10)
2026-01-09 16:49:01,463 [INFO] PluginManage:310 - Check plugin ipmanager
2026-01-09 16:49:01,472 [INFO] PluginManage:359 - Loaded plugin ipmanager (category:base,tabindex:5)
2026-01-09 16:49:01,472 [INFO] PluginManage:310 - Check plugin lpbam
2026-01-09 16:49:01,481 [INFO] PluginManage:359 - Loaded plugin lpbam (category:base,tabindex:0)
2026-01-09 16:49:01,481 [INFO] PluginManage:310 - Check plugin memorymap
2026-01-09 16:49:01,499 [INFO] PluginManage:359 - Loaded plugin memorymap (category:base,tabindex:4)
2026-01-09 16:49:01,499 [INFO] PluginManage:310 - Check plugin pinoutandconfiguration
2026-01-09 16:49:01,512 [INFO] PluginManage:359 - Loaded plugin pinoutandconfiguration (category:base,tabindex:1)
2026-01-09 16:49:01,512 [INFO] PluginManage:310 - Check plugin pinoutconfig
2026-01-09 16:49:01,624 [WARN] SupportedApi:132 - Cannot load RTOS API schema: s4s-elt-must-match.1: The content of 'definitions' must match (annotation?, (simpleType | complexType)?, (unique | key | keyref)*)). A problem was found starting at: attribute.
2026-01-09 16:49:01,792 [INFO] PluginManage:359 - Loaded plugin pinoutconfig (category:base,tabindex:0)
2026-01-09 16:49:01,792 [INFO] PluginManage:310 - Check plugin power
2026-01-09 16:49:01,804 [INFO] PluginManage:359 - Loaded plugin power (category:power,tabindex:4)
2026-01-09 16:49:01,805 [INFO] PluginManage:310 - Check plugin projectmanager
2026-01-09 16:49:01,823 [INFO] PluginManage:359 - Loaded plugin projectmanager (category:projectmanager,tabindex:4)
2026-01-09 16:49:01,823 [INFO] PluginManage:310 - Check plugin rif
2026-01-09 16:49:01,835 [INFO] PluginManage:359 - Loaded plugin rif (category:base,tabindex:3)
2026-01-09 16:49:01,836 [INFO] PluginManage:310 - Check plugin thirdparty
2026-01-09 16:49:02,009 [INFO] PluginManage:359 - Loaded plugin thirdparty (category:base,tabindex:-1)
2026-01-09 16:49:02,009 [WARN] IntegrityCheckThread:84 - waiting for thirdparty lock release [integrity check]
2026-01-09 16:49:02,009 [INFO] PluginManage:310 - Check plugin tools
2026-01-09 16:49:02,009 [INFO] IntegrityCheckThread:86 - entering critical section [integrity check]
2026-01-09 16:49:02,010 [INFO] ThirdPartyUpdaterWithRetryManager:70 - Updater plugin not ready yet. [1/15]
2026-01-09 16:49:02,013 [INFO] PluginManage:359 - Loaded plugin tools (category:base,tabindex:7)
2026-01-09 16:49:02,013 [INFO] PluginManage:310 - Check plugin tutovideos
2026-01-09 16:49:02,320 [INFO] PluginManage:359 - Loaded plugin tutovideos (category:base,tabindex:-1)
2026-01-09 16:49:02,320 [INFO] PluginManage:310 - Check plugin updater
2026-01-09 16:49:02,354 [INFO] PluginManage:359 - Loaded plugin updater (category:base,tabindex:12)
2026-01-09 16:49:02,354 [INFO] PluginManage:310 - Check plugin userauth
2026-01-09 16:49:02,359 [INFO] UserAuth:118 - Init User Auth plugin
2026-01-09 16:49:02,359 [INFO] PluginManage:359 - Loaded plugin userauth (category:base,tabindex:14)
2026-01-09 16:49:02,360 [INFO] PluginManage:283 - PluginManage : Loaded plugins [18]
2026-01-09 16:49:02,593 [INFO] PinOutPanel:1589 - setPackage(No Configuration,No Configuration)
2026-01-09 16:49:02,699 [INFO] CADModel:165 - CPN selected for project level
2026-01-09 16:49:02,699 [INFO] CADModel:114 - Register for checkConnection events
2026-01-09 16:49:02,724 [INFO] IPUIPlugin:80 - create IPUIPlugin
2026-01-09 16:49:02,725 [INFO] PluginManager:220 - loadIPPluginJar : add adc
2026-01-09 16:49:02,730 [INFO] IPUIPlugin:80 - create IPUIPlugin
2026-01-09 16:49:02,730 [INFO] PluginManager:220 - loadIPPluginJar : add aes
2026-01-09 16:49:02,736 [INFO] IPUIPlugin:80 - create IPUIPlugin
2026-01-09 16:49:02,736 [INFO] PluginManager:220 - loadIPPluginJar : add can
2026-01-09 16:49:02,739 [INFO] IPUIPlugin:80 - create IPUIPlugin
2026-01-09 16:49:02,739 [INFO] PluginManager:220 - loadIPPluginJar : add comp
2026-01-09 16:49:02,745 [INFO] IPUIPlugin:80 - create IPUIPlugin
2026-01-09 16:49:02,746 [INFO] PluginManager:220 - loadIPPluginJar : add cryp
2026-01-09 16:49:02,753 [INFO] IPUIPlugin:80 - create IPUIPlugin
2026-01-09 16:49:02,754 [INFO] PluginManager:220 - loadIPPluginJar : add ddr_ctrl_phy
2026-01-09 16:49:02,759 [INFO] IPUIPlugin:80 - create IPUIPlugin
2026-01-09 16:49:02,759 [INFO] PluginManager:220 - loadIPPluginJar : add dfsdm
2026-01-09 16:49:02,770 [INFO] IPUIPlugin:80 - create IPUIPlugin
2026-01-09 16:49:02,772 [INFO] PluginManager:220 - loadIPPluginJar : add dma
2026-01-09 16:49:02,780 [INFO] IPUIPlugin:80 - create IPUIPlugin
2026-01-09 16:49:02,780 [INFO] PluginManager:220 - loadIPPluginJar : add dma3
2026-01-09 16:49:02,785 [INFO] IPUIPlugin:80 - create IPUIPlugin
2026-01-09 16:49:02,785 [INFO] PluginManager:220 - loadIPPluginJar : add extmemmanager
2026-01-09 16:49:02,789 [INFO] IPUIPlugin:80 - create IPUIPlugin
2026-01-09 16:49:02,789 [INFO] PluginManager:220 - loadIPPluginJar : add fatfs
2026-01-09 16:49:02,797 [INFO] IPUIPlugin:80 - create IPUIPlugin
2026-01-09 16:49:02,797 [INFO] PluginManager:220 - loadIPPluginJar : add fmc
2026-01-09 16:49:02,823 [INFO] IPUIPlugin:80 - create IPUIPlugin
2026-01-09 16:49:02,823 [INFO] PluginManager:220 - loadIPPluginJar : add freertos
2026-01-09 16:49:02,827 [INFO] IPUIPlugin:80 - create IPUIPlugin
2026-01-09 16:49:02,827 [INFO] PluginManager:220 - loadIPPluginJar : add genericplugin
2026-01-09 16:49:02,831 [INFO] IPUIPlugin:80 - create IPUIPlugin
2026-01-09 16:49:02,831 [INFO] PluginManager:220 - loadIPPluginJar : add gfxmmu
2026-01-09 16:49:02,838 [INFO] IPUIPlugin:80 - create IPUIPlugin
2026-01-09 16:49:02,838 [INFO] PluginManager:220 - loadIPPluginJar : add gic
2026-01-09 16:49:02,847 [INFO] IPUIPlugin:80 - create IPUIPlugin
2026-01-09 16:49:02,847 [INFO] PluginManager:220 - loadIPPluginJar : add gpio
2026-01-09 16:49:02,853 [INFO] IPUIPlugin:80 - create IPUIPlugin
2026-01-09 16:49:02,854 [INFO] PluginManager:220 - loadIPPluginJar : add gtzc
2026-01-09 16:49:02,860 [INFO] IPUIPlugin:80 - create IPUIPlugin
2026-01-09 16:49:02,860 [INFO] PluginManager:220 - loadIPPluginJar : add hash
2026-01-09 16:49:02,864 [INFO] IPUIPlugin:80 - create IPUIPlugin
2026-01-09 16:49:02,864 [INFO] PluginManager:220 - loadIPPluginJar : add i2c
2026-01-09 16:49:02,868 [INFO] IPUIPlugin:80 - create IPUIPlugin
2026-01-09 16:49:02,868 [INFO] PluginManager:220 - loadIPPluginJar : add i2s
2026-01-09 16:49:02,872 [INFO] IPUIPlugin:80 - create IPUIPlugin
2026-01-09 16:49:02,873 [INFO] PluginManager:220 - loadIPPluginJar : add i3c
2026-01-09 16:49:02,877 [INFO] IPUIPlugin:80 - create IPUIPlugin
2026-01-09 16:49:02,877 [INFO] PluginManager:220 - loadIPPluginJar : add ipddr
2026-01-09 16:49:02,886 [INFO] IPUIPlugin:80 - create IPUIPlugin
2026-01-09 16:49:02,886 [INFO] PluginManager:220 - loadIPPluginJar : add linkedlist
2026-01-09 16:49:02,890 [INFO] IPUIPlugin:80 - create IPUIPlugin
2026-01-09 16:49:02,890 [INFO] PluginManager:220 - loadIPPluginJar : add lorawan
2026-01-09 16:49:02,893 [INFO] IPUIPlugin:80 - create IPUIPlugin
2026-01-09 16:49:02,893 [INFO] PluginManager:220 - loadIPPluginJar : add ltdc
2026-01-09 16:49:02,900 [INFO] IPUIPlugin:80 - create IPUIPlugin
2026-01-09 16:49:02,900 [INFO] PluginManager:220 - loadIPPluginJar : add mdma
2026-01-09 16:49:02,907 [INFO] IPUIPlugin:80 - create IPUIPlugin
2026-01-09 16:49:02,907 [INFO] PluginManager:220 - loadIPPluginJar : add nvic
2026-01-09 16:49:02,911 [INFO] IPUIPlugin:80 - create IPUIPlugin
2026-01-09 16:49:02,912 [INFO] PluginManager:220 - loadIPPluginJar : add opamp
2026-01-09 16:49:02,916 [INFO] IPUIPlugin:80 - create IPUIPlugin
2026-01-09 16:49:02,916 [INFO] PluginManager:220 - loadIPPluginJar : add openamp
2026-01-09 16:49:02,920 [INFO] IPUIPlugin:80 - create IPUIPlugin
2026-01-09 16:49:02,920 [INFO] PluginManager:220 - loadIPPluginJar : add pdm2pcm
2026-01-09 16:49:02,927 [INFO] IPUIPlugin:80 - create IPUIPlugin
2026-01-09 16:49:02,933 [INFO] PluginManager:220 - loadIPPluginJar : add plateformsettings
2026-01-09 16:49:02,936 [INFO] IPUIPlugin:80 - create IPUIPlugin
2026-01-09 16:49:02,937 [INFO] PluginManager:220 - loadIPPluginJar : add quadspi
2026-01-09 16:49:02,940 [INFO] IPUIPlugin:80 - create IPUIPlugin
2026-01-09 16:49:02,941 [INFO] PluginManager:220 - loadIPPluginJar : add radio
2026-01-09 16:49:02,947 [INFO] IPUIPlugin:80 - create IPUIPlugin
2026-01-09 16:49:02,947 [INFO] PluginManager:220 - loadIPPluginJar : add resmgrutility
2026-01-09 16:49:02,952 [INFO] IPUIPlugin:80 - create IPUIPlugin
2026-01-09 16:49:02,952 [INFO] PluginManager:220 - loadIPPluginJar : add sai
2026-01-09 16:49:02,955 [INFO] IPUIPlugin:80 - create IPUIPlugin
2026-01-09 16:49:02,955 [INFO] PluginManager:220 - loadIPPluginJar : add spi
2026-01-09 16:49:02,962 [INFO] IPUIPlugin:80 - create IPUIPlugin
2026-01-09 16:49:02,963 [INFO] PluginManager:220 - loadIPPluginJar : add stm32_wpan
2026-01-09 16:49:02,965 [INFO] IPUIPlugin:80 - create IPUIPlugin
2026-01-09 16:49:02,965 [INFO] PluginManager:220 - loadIPPluginJar : add tim
2026-01-09 16:49:02,972 [INFO] IPUIPlugin:80 - create IPUIPlugin
2026-01-09 16:49:02,973 [INFO] PluginManager:220 - loadIPPluginJar : add touchsensing
2026-01-09 16:49:02,978 [INFO] IPUIPlugin:80 - create IPUIPlugin
2026-01-09 16:49:02,978 [INFO] PluginManager:220 - loadIPPluginJar : add tracer_emb
2026-01-09 16:49:02,980 [INFO] IPUIPlugin:80 - create IPUIPlugin
2026-01-09 16:49:02,981 [INFO] PluginManager:220 - loadIPPluginJar : add ts
2026-01-09 16:49:02,983 [INFO] IPUIPlugin:80 - create IPUIPlugin
2026-01-09 16:49:02,983 [INFO] PluginManager:220 - loadIPPluginJar : add tsc
2026-01-09 16:49:02,986 [INFO] IPUIPlugin:80 - create IPUIPlugin
2026-01-09 16:49:02,987 [INFO] PluginManager:220 - loadIPPluginJar : add ucpd
2026-01-09 16:49:02,991 [INFO] IPUIPlugin:80 - create IPUIPlugin
2026-01-09 16:49:02,991 [INFO] PluginManager:220 - loadIPPluginJar : add usart
2026-01-09 16:49:02,995 [INFO] IPUIPlugin:80 - create IPUIPlugin
2026-01-09 16:49:02,995 [INFO] PluginManager:220 - loadIPPluginJar : add usbx
2026-01-09 16:49:03,139 [FATAL] Updater:351 - Updater called before beeing initialized
2026-01-09 16:49:03,191 [INFO] RulesReader:64 - Compatibility file has been processed (317 Rules)
2026-01-09 16:49:03,207 [INFO] RulesReader:64 - Compatibility file has been processed (317 Rules)
2026-01-09 16:49:03,221 [INFO] CADModel:165 - CPN selected for project level
2026-01-09 16:49:03,221 [INFO] CADModel:114 - Register for checkConnection events
2026-01-09 16:49:03,221 [FATAL] Updater:351 - Updater called before beeing initialized
2026-01-09 16:49:03,221 [ERROR] CADModel:125 - Updater not yet initialized, retry later 
2026-01-09 16:49:03,432 [FATAL] Updater:351 - Updater called before beeing initialized
2026-01-09 16:49:03,435 [INFO] CADModel:165 - CPN selected for project level
2026-01-09 16:49:03,435 [INFO] CADModel:114 - Register for checkConnection events
2026-01-09 16:49:03,435 [FATAL] Updater:351 - Updater called before beeing initialized
2026-01-09 16:49:03,435 [ERROR] CADModel:125 - Updater not yet initialized, retry later 
2026-01-09 16:49:03,439 [FATAL] Updater:351 - Updater called before beeing initialized
2026-01-09 16:49:03,615 [FATAL] Updater:351 - Updater called before beeing initialized
2026-01-09 16:49:03,619 [INFO] DbMcusAds:53 - JSON generation date=Mon Nov 10 11:43:01 CET 2025 (1762771381096)
2026-01-09 16:49:03,620 [FATAL] Updater:351 - Updater called before beeing initialized
2026-01-09 16:49:03,669 [WARN] DetailPanel:346 - Failed to get advertising image, set to default
2026-01-09 16:49:03,757 [FATAL] Updater:351 - Updater called before beeing initialized
2026-01-09 16:49:03,759 [FATAL] Updater:351 - Updater called before beeing initialized
2026-01-09 16:49:03,759 [FATAL] Updater:351 - Updater called before beeing initialized
2026-01-09 16:49:03,759 [WARN] DetailPanel:346 - Failed to get advertising image, set to default
2026-01-09 16:49:03,761 [FATAL] Updater:351 - Updater called before beeing initialized
2026-01-09 16:49:03,810 [ERROR] Updater:1198 - MainUpdater not yet initialized. External WinMGr cannot be set.
2026-01-09 16:49:03,812 [INFO] Updater:1134 - Updater Version found : 6.15.0
2026-01-09 16:49:03,826 [INFO] ApplicationProperties:184 - Using Application install path: C:\ST\STM32CubeIDE_1.19.0\STM32CubeIDE\plugins\com.st.stm32cube.common.mx_6.15.0.202507011659
2026-01-09 16:49:04,253 [INFO] MainUpdater:2872 - connection check result : 10
2026-01-09 16:49:04,253 [INFO] MainUpdater:289 - Updater Check For Update Now.
2026-01-09 16:49:04,253 [INFO] MicroXplorer:498 - Change Database Version : DB.6.0.150
2026-01-09 16:49:04,260 [INFO] McuFinderGlobals:63 - Set McuFinder mode to 2 (CubeIDE integrated)
2026-01-09 16:49:04,261 [INFO] UserAuth:487 - Internet connection configuration mode: 1
2026-01-09 16:49:04,295 [INFO] JxBrowserEngine:152 - Initiate JxBrowser Engine with user profile folder
2026-01-09 16:49:04,489 [INFO] CheckServerUpdateThread:120 - End of CheckServer Thread
2026-01-09 16:49:05,884 [WARN] PackLoader:240 - Cannot read IP mode file for STMicroelectronics.FP-SNS-MOTENVWB1.1.4.0
2026-01-09 16:49:05,897 [WARN] PackLoader:240 - Cannot read IP mode file for STMicroelectronics.FP-ATR-ASTRA1.2.0.2
2026-01-09 16:49:05,905 [WARN] PackLoader:240 - Cannot read IP mode file for STMicroelectronics.FP-ATR-ASTRA1.2.0.1
2026-01-09 16:49:05,925 [WARN] PackLoader:240 - Cannot read IP mode file for STMicroelectronics.X-CUBE-SMBUS.2.1.0
2026-01-09 16:49:05,946 [WARN] PackLoader:240 - Cannot read IP mode file for STMicroelectronics.X-CUBE-WB05N.1.1.0
2026-01-09 16:49:05,955 [WARN] PackLoader:240 - Cannot read IP mode file for STMicroelectronics.X-CUBE-TOUCHGFX.4.23.0
2026-01-09 16:49:05,961 [WARN] PackLoader:240 - Cannot read IP mode file for STMicroelectronics.X-CUBE-TOUCHGFX.4.23.2
2026-01-09 16:49:06,007 [WARN] PackLoader:240 - Cannot read IP mode file for STMicroelectronics.X-CUBE-AZRTOS-F7.1.1.0
2026-01-09 16:49:06,029 [WARN] PackLoader:240 - Cannot read IP mode file for STMicroelectronics.FP-SNS-MOTENV1.4.3.2
2026-01-09 16:49:06,039 [ERROR] RealEvaluatedCondition:428 - Found unsupported composite condition: GROUP='STM32_MetaDataManager' CLASS='Data Exchange'
2026-01-09 16:49:06,039 [ERROR] RealEvaluatedCondition:428 - Found unsupported composite condition: GROUP='STM32_MetaDataManager' CLASS='Data Exchange'
2026-01-09 16:49:06,042 [WARN] PackLoader:240 - Cannot read IP mode file for STMicroelectronics.FP-SNS-MOTENV1.4.3.1
2026-01-09 16:49:06,053 [WARN] PackLoader:240 - Cannot read IP mode file for STMicroelectronics.FP-SNS-FLIGHT1.5.0.1
2026-01-09 16:49:06,061 [WARN] PackLoader:240 - Cannot read IP mode file for STMicroelectronics.X-CUBE-BLE1.6.2.3
2026-01-09 16:49:06,148 [WARN] PackLoader:240 - Cannot read IP mode file for STMicroelectronics.X-CUBE-MEMS1.11.0.0
2026-01-09 16:49:06,542 [WARN] PackLoader:240 - Cannot read IP mode file for STMicroelectronics.X-CUBE-BLE1.6.2.4
2026-01-09 16:49:06,547 [WARN] PackLoader:240 - Cannot read IP mode file for STMicroelectronics.FP-SNS-MOTENV1.5.1.0
2026-01-09 16:49:06,554 [WARN] PackLoader:240 - Cannot read IP mode file for STMicroelectronics.X-CUBE-BLE1.6.2.2
2026-01-09 16:49:06,558 [WARN] PackLoader:240 - Cannot read IP mode file for STMicroelectronics.FP-SNS-FLIGHT1.5.0.2
2026-01-09 16:49:06,566 [WARN] PackLoader:240 - Cannot read IP mode file for STMicroelectronics.X-CUBE-BLE2.3.2.2
2026-01-09 16:49:06,611 [WARN] PackLoader:240 - Cannot read IP mode file for STMicroelectronics.X-CUBE-AZRTOS-H7.3.4.0
2026-01-09 16:49:06,624 [WARN] PackLoader:240 - Cannot read IP mode file for STMicroelectronics.X-CUBE-DISPLAY.3.0.0
2026-01-09 16:49:06,634 [WARN] PackLoader:240 - Cannot read IP mode file for STMicroelectronics.X-CUBE-BLE1.7.0.0
2026-01-09 16:49:06,641 [WARN] PackLoader:240 - Cannot read IP mode file for STMicroelectronics.X-CUBE-NFC10.1.0.0
2026-01-09 16:49:06,654 [WARN] PackLoader:240 - Cannot read IP mode file for STMicroelectronics.X-CUBE-BLEMGR.4.0.0
2026-01-09 16:49:06,665 [WARN] PackLoader:240 - Cannot read IP mode file for STMicroelectronics.X-CUBE-ST60.1.1.0
2026-01-09 16:49:06,672 [WARN] PackLoader:240 - Cannot read IP mode file for STMicroelectronics.X-CUBE-TOUCHGFX.4.22.0
2026-01-09 16:49:06,681 [WARN] PackLoader:240 - Cannot read IP mode file for STMicroelectronics.X-CUBE-GNSS1.7.1.0
2026-01-09 16:49:06,686 [WARN] PackLoader:240 - Cannot read IP mode file for STMicroelectronics.X-CUBE-TOUCHGFX.4.22.1
2026-01-09 16:49:06,697 [WARN] PackLoader:240 - Cannot read IP mode file for STMicroelectronics.X-CUBE-SUBG2.4.2.0
2026-01-09 16:49:06,750 [WARN] PackLoader:240 - Cannot read IP mode file for STMicroelectronics.X-CUBE-MEMS1.9.3.0
2026-01-09 16:49:06,750 [INFO] WebApp:169 - Instantiating new browser for Auth
2026-01-09 16:49:07,010 [WARN] PackLoader:240 - Cannot read IP mode file for STMicroelectronics.X-CUBE-AI.7.2.0
2026-01-09 16:49:07,025 [WARN] PackLoader:240 - Cannot read IP mode file for STMicroelectronics.X-CUBE-BLEMGR.3.1.0
2026-01-09 16:49:07,036 [WARN] PackLoader:240 - Cannot read IP mode file for STMicroelectronics.X-CUBE-AI.10.0.0
2026-01-09 16:49:07,048 [WARN] PackLoader:240 - Cannot read IP mode file for STMicroelectronics.FP-SNS-STBOX1.2.1.0
2026-01-09 16:49:07,057 [WARN] PackLoader:240 - Cannot read IP mode file for STMicroelectronics.FP-SNS-SMARTAG2.1.2.0
2026-01-09 16:49:07,067 [WARN] PackLoader:240 - Cannot read IP mode file for STMicroelectronics.FP-SNS-FLIGHT1.5.1.0
2026-01-09 16:49:07,201 [WARN] PackLoader:240 - Cannot read IP mode file for STMicroelectronics.X-CUBE-MEMS1.11.1.0
2026-01-09 16:49:07,366 [INFO] LogOutputStream:77 - [STDOUT_REDIRECT] 1 : Invalid condition id : UX_CORESTACK_Condition cause : null
2026-01-09 16:49:07,367 [INFO] LogOutputStream:77 - [STDOUT_REDIRECT] 1 : Invalid condition id : UX_CORESTACK_Condition cause : null
2026-01-09 16:49:07,369 [INFO] LogOutputStream:77 - [STDOUT_REDIRECT] 1 : Invalid condition id : UX_CORESTACK_Condition cause : null
2026-01-09 16:49:07,372 [INFO] LogOutputStream:77 - [STDOUT_REDIRECT] 1 : Invalid condition id : UX_CORESTACK_Condition cause : null
2026-01-09 16:49:07,373 [INFO] LogOutputStream:77 - [STDOUT_REDIRECT] 1 : Invalid condition id : UX_CORESTACK_Condition cause : null
2026-01-09 16:49:07,377 [WARN] PackLoader:240 - Cannot read IP mode file for STMicroelectronics.X-CUBE-AZRTOS-WL.2.0.0
2026-01-09 16:49:07,386 [WARN] PackLoader:240 - Cannot read IP mode file for STMicroelectronics.X-CUBE-ALGOBUILD.1.2.1
2026-01-09 16:49:07,392 [WARN] PackLoader:240 - Cannot read IP mode file for STMicroelectronics.FP-SNS-MOTENV1.5.0.0
2026-01-09 16:49:07,416 [WARN] PackLoader:240 - Cannot read IP mode file for STMicroelectronics.X-CUBE-AZRTOS-H7RS.1.2.0
2026-01-09 16:49:07,425 [WARN] PackLoader:240 - Cannot read IP mode file for wolfSSL.I-CUBE-wolfMQTT.1.19.0
2026-01-09 16:49:07,438 [WARN] PackLoader:240 - Cannot read IP mode file for WES.I-CUBE-Cesium.1.3.0
2026-01-09 16:49:07,443 [WARN] PackLoader:240 - Cannot read IP mode file for STMicroelectronics.X-CUBE-BLE2.3.3.0
2026-01-09 16:49:07,474 [WARN] PackLoader:240 - Cannot read IP mode file for STMicroelectronics.X-CUBE-DISPLAY.2.2.0
2026-01-09 16:49:07,494 [WARN] PackLoader:240 - Cannot read IP mode file for STMicroelectronics.X-CUBE-TOF1.3.2.0
2026-01-09 16:49:07,502 [WARN] PackLoader:240 - Cannot read IP mode file for STMicroelectronics.X-CUBE-TOUCHGFX.4.18.1
2026-01-09 16:49:07,507 [WARN] PackLoader:240 - Cannot read IP mode file for STMicroelectronics.X-CUBE-ISPU.1.0.0
2026-01-09 16:49:07,513 [WARN] PackLoader:240 - Cannot read IP mode file for wolfSSL.I-CUBE-wolfSSL.5.0.0
2026-01-09 16:49:07,521 [WARN] PackLoader:240 - Cannot read IP mode file for STMicroelectronics.X-CUBE-NFC9.1.0.0
2026-01-09 16:49:07,551 [WARN] PackLoader:240 - Cannot read IP mode file for STMicroelectronics.X-CUBE-AZRTOS-H7.2.1.0
2026-01-09 16:49:07,557 [WARN] PackLoader:240 - Cannot read IP mode file for STMicroelectronics.X-CUBE-BLE1.7.1.0
2026-01-09 16:49:07,564 [WARN] PackLoader:240 - Cannot read IP mode file for STMicroelectronics.X-CUBE-TCPP.4.1.0
2026-01-09 16:49:07,573 [WARN] PackLoader:240 - Cannot read IP mode file for STMicroelectronics.X-CUBE-FREERTOS.1.4.0
2026-01-09 16:49:07,580 [WARN] PackLoader:240 - Cannot read IP mode file for STMicroelectronics.X-CUBE-EEPRMA1.5.2.0
2026-01-09 16:49:07,584 [WARN] PackLoader:240 - Cannot read IP mode file for STMicroelectronics.X-CUBE-TOUCHGFX.4.21.1
2026-01-09 16:49:07,588 [WARN] PackLoader:240 - Cannot read IP mode file for STMicroelectronics.X-CUBE-TOUCHGFX.4.21.0
2026-01-09 16:49:07,591 [WARN] PackLoader:240 - Cannot read IP mode file for STMicroelectronics.X-CUBE-TOUCHGFX.4.21.3
2026-01-09 16:49:07,594 [WARN] PackLoader:240 - Cannot read IP mode file for STMicroelectronics.X-CUBE-TOUCHGFX.4.21.4
2026-01-09 16:49:07,637 [WARN] PackLoader:240 - Cannot read IP mode file for STMicroelectronics.X-CUBE-MEMS1.9.4.0
2026-01-09 16:49:07,753 [WARN] PackLoader:240 - Cannot read IP mode file for STMicroelectronics.X-CUBE-AI.7.3.0
2026-01-09 16:49:07,760 [WARN] PackLoader:240 - Cannot read IP mode file for STMicroelectronics.X-CUBE-ST67W61.1.1.0
2026-01-09 16:49:07,822 [WARN] PackLoader:240 - Cannot read IP mode file for STMicroelectronics.X-CUBE-MEMS1.12.0.0
2026-01-09 16:49:07,932 [WARN] PackLoader:240 - Cannot read IP mode file for STMicroelectronics.X-CUBE-ALGOBUILD.1.3.0
2026-01-09 16:49:07,956 [WARN] PackLoader:240 - Cannot read IP mode file for STMicroelectronics.X-CUBE-AZRTOS-G0.1.1.0
2026-01-09 16:49:07,966 [WARN] PackLoader:240 - Cannot read IP mode file for STMicroelectronics.X-CUBE-SAFEA1.1.2.2
2026-01-09 16:49:07,974 [WARN] PackLoader:240 - Cannot read IP mode file for STMicroelectronics.X-CUBE-NFC4.3.0.0
2026-01-09 16:49:08,016 [WARN] PackLoader:240 - Cannot read IP mode file for SEGGER.I-CUBE-embOS.1.2.0
2026-01-09 16:49:08,073 [WARN] PackLoader:240 - Cannot read IP mode file for wolfSSL.I-CUBE-wolfMQTT.1.18.0
2026-01-09 16:49:08,087 [WARN] PackLoader:240 - Cannot read IP mode file for EmbeddedOffice.I-CUBE-FS-RTOS.1.0.1
2026-01-09 16:49:08,094 [WARN] PackLoader:240 - Cannot read IP mode file for STMicroelectronics.X-CUBE-WB05N.2.0.0
2026-01-09 16:49:08,107 [WARN] PackLoader:240 - Cannot read IP mode file for STMicroelectronics.X-CUBE-BLEMGR.3.0.0
2026-01-09 16:49:08,120 [WARN] PackLoader:240 - Cannot read IP mode file for STMicroelectronics.X-CUBE-BLEMGR.1.3.0
2026-01-09 16:49:08,134 [WARN] PackLoader:240 - Cannot read IP mode file for STMicroelectronics.X-CUBE-TCPP.4.2.0
2026-01-09 16:49:08,143 [WARN] PackLoader:240 - Cannot read IP mode file for RealThread.X-CUBE-RT-Thread_Nano.4.1.1
2026-01-09 16:49:08,212 [WARN] PackLoader:240 - Cannot read IP mode file for STMicroelectronics.X-CUBE-AZRTOS-H7.2.0.0
2026-01-09 16:49:08,233 [WARN] PackLoader:240 - Cannot read IP mode file for STMicroelectronics.FP-ATR-SIGFOX1.3.2.0
2026-01-09 16:49:08,242 [WARN] ConditionMgr:438 - getConditionDescription Invalid condition id : Cortex-A Device cause : null
2026-01-09 16:49:08,259 [WARN] ConditionMgr:1044 - genDependencies : Invalid condition id : Cortex-A Device cause : null
2026-01-09 16:49:08,259 [WARN] ConditionMgr:1044 - genDependencies : Invalid condition id : Cortex-A Device cause : null
2026-01-09 16:49:08,259 [WARN] ConditionMgr:1044 - genDependencies : Invalid condition id : Cortex-A Device cause : null
2026-01-09 16:49:08,267 [WARN] PackLoader:240 - Cannot read IP mode file for STMicroelectronics.X-CUBE-EEPRMA1.5.1.0
2026-01-09 16:49:08,281 [WARN] PackLoader:240 - Cannot read IP mode file for emotas.I-CUBE-CANOPEN.1.1.2
2026-01-09 16:49:08,285 [WARN] PackLoader:240 - Cannot read IP mode file for STMicroelectronics.X-CUBE-TOUCHGFX.4.20.0
2026-01-09 16:49:08,344 [WARN] PackLoader:240 - Cannot read IP mode file for STMicroelectronics.X-CUBE-MEMS1.9.5.0
2026-01-09 16:49:08,442 [INFO] WebApp:463 - Apply proxy settings
2026-01-09 16:49:08,443 [INFO] WebApp:548 - Chromium requires no authentication
2026-01-09 16:49:08,470 [INFO] WebApp:491 - Direct internet connection detected
2026-01-09 16:49:08,516 [WARN] PackLoader:240 - Cannot read IP mode file for STMicroelectronics.X-CUBE-AI.10.2.0
2026-01-09 16:49:08,536 [INFO] WebApp:900 - Register for checkConnection events
2026-01-09 16:49:08,536 [INFO] WebApp:463 - Apply proxy settings
2026-01-09 16:49:08,536 [INFO] WebApp:548 - Chromium requires no authentication
2026-01-09 16:49:08,537 [INFO] WebApp:491 - Direct internet connection detected
2026-01-09 16:49:08,544 [WARN] PackLoader:240 - Cannot read IP mode file for SEGGER.I-CUBE-embOS.1.3.1
2026-01-09 16:49:08,577 [WARN] PackLoader:240 - Cannot read IP mode file for STMicroelectronics.X-CUBE-ALGOBUILD.1.4.0
2026-01-09 16:49:08,626 [WARN] PackLoader:240 - Cannot read IP mode file for STMicroelectronics.X-CUBE-MEMS1.11.3.0
2026-01-09 16:49:08,746 [WARN] PackLoader:240 - Cannot read IP mode file for STMicroelectronics.X-CUBE-DISPLAY.2.0.0
2026-01-09 16:49:08,750 [WARN] PackLoader:240 - Cannot read IP mode file for STMicroelectronics.X-CUBE-AI.9.1.0
2026-01-09 16:49:08,755 [WARN] PackLoader:240 - Cannot read IP mode file for STMicroelectronics.X-CUBE-PM33A1.1.0.0
2026-01-09 16:49:08,760 [WARN] PackLoader:240 - Cannot read IP mode file for STMicroelectronics.X-CUBE-GNSS1.6.0.0
2026-01-09 16:49:08,778 [WARN] PackLoader:240 - Cannot read IP mode file for STMicroelectronics.X-CUBE-AZRTOS-F4.1.1.0
2026-01-09 16:49:08,783 [WARN] PackLoader:240 - Cannot read IP mode file for STMicroelectronics.X-CUBE-ISPU.2.1.0
2026-01-09 16:49:08,796 [WARN] PackLoader:240 - Cannot read IP mode file for STMicroelectronics.X-CUBE-IPS.3.2.0
2026-01-09 16:49:08,804 [WARN] PackLoader:240 - Cannot read IP mode file for STMicroelectronics.X-CUBE-FREERTOS.1.2.0
2026-01-09 16:49:08,811 [WARN] PackLoader:240 - Cannot read IP mode file for STMicroelectronics.X-CUBE-NFC12.1.0.0
2026-01-09 16:49:08,820 [WARN] PackLoader:240 - Cannot read IP mode file for STMicroelectronics.X-CUBE-BLEMGR.1.2.0
2026-01-09 16:49:08,839 [WARN] PackLoader:240 - Cannot read IP mode file for STMicroelectronics.X-CUBE-AZRTOS-L5.2.0.0
2026-01-09 16:49:08,870 [WARN] PackLoader:240 - Cannot read IP mode file for STMicroelectronics.X-CUBE-MEMS1.9.6.0
2026-01-09 16:49:08,966 [INFO] WebApp:225 - Starting web application
2026-01-09 16:49:08,966 [INFO] WebApp:593 - Web application path used C:\ST\STM32CubeIDE_1.19.0\STM32CubeIDE\plugins\com.st.stm32cube.common.mx_6.15.0.202507011659\db\plugins\mcufinder\reactClient1\index.html
2026-01-09 16:49:08,993 [WARN] PackLoader:240 - Cannot read IP mode file for STMicroelectronics.X-CUBE-EEPRMA1.4.2.0
2026-01-09 16:49:09,009 [WARN] PackLoader:240 - Cannot read IP mode file for STMicroelectronics.X-CUBE-NFC6.3.1.0
2026-01-09 16:49:09,019 [WARN] PackLoader:240 - Cannot read IP mode file for ITTIA_DB.I-CUBE-ITTIADB.8.8.0
2026-01-09 16:49:09,027 [WARN] PackLoader:240 - Cannot read IP mode file for STMicroelectronics.X-CUBE-BLEMGR.2.0.0
2026-01-09 16:49:09,039 [WARN] PackLoader:240 - Cannot read IP mode file for STMicroelectronics.X-CUBE-DPower.1.2.0
2026-01-09 16:49:09,044 [WARN] PackLoader:240 - Cannot read IP mode file for STMicroelectronics.X-CUBE-NFC4.2.0.5
2026-01-09 16:49:09,052 [WARN] PackLoader:240 - Cannot read IP mode file for STMicroelectronics.X-CUBE-NFC4.2.0.4
2026-01-09 16:49:09,056 [INFO] WebApp:191 - Connection restablished
2026-01-09 16:49:09,057 [WARN] PackLoader:240 - Cannot read IP mode file for STMicroelectronics.X-CUBE-NFC4.2.0.3
2026-01-09 16:49:09,063 [WARN] PackLoader:240 - Cannot read IP mode file for STMicroelectronics.X-CUBE-AI.9.0.0
2026-01-09 16:49:09,106 [WARN] ConditionMgr:438 - getConditionDescription Invalid condition id : UX DEVICE CLASS RTOS Condition cause : null
2026-01-09 16:49:09,107 [WARN] ConditionMgr:438 - getConditionDescription Invalid condition id : UX DEVICE CLASS RTOS Condition cause : null
2026-01-09 16:49:09,118 [WARN] PackLoader:240 - Cannot read IP mode file for STMicroelectronics.X-CUBE-AZRTOS-H7.3.1.0
2026-01-09 16:49:09,119 [WARN] ConditionMgr:1044 - genDependencies : Invalid condition id : UX DEVICE CLASS RTOS Condition cause : null
2026-01-09 16:49:09,120 [WARN] ConditionMgr:1044 - genDependencies : Invalid condition id : UX DEVICE CLASS RTOS Condition cause : null
2026-01-09 16:49:09,121 [WARN] ConditionMgr:1044 - genDependencies : Invalid condition id : UX DEVICE CLASS RTOS Condition cause : null
2026-01-09 16:49:09,121 [WARN] ConditionMgr:1044 - genDependencies : Invalid condition id : UX DEVICE CLASS RTOS Condition cause : null
2026-01-09 16:49:09,122 [WARN] ConditionMgr:1044 - genDependencies : Invalid condition id : UX DEVICE CLASS RTOS Condition cause : null
2026-01-09 16:49:09,139 [WARN] PackLoader:240 - Cannot read IP mode file for STMicroelectronics.X-CUBE-SFXS2LP1.3.1.0
2026-01-09 16:49:09,177 [WARN] PackLoader:240 - Cannot read IP mode file for STMicroelectronics.X-CUBE-AZRTOS-F4.1.0.0
2026-01-09 16:49:09,330 [WARN] PackLoader:240 - Cannot read IP mode file for STMicroelectronics.X-CUBE-TOF1.2.0.0
2026-01-09 16:49:09,414 [WARN] PackLoader:240 - Cannot read IP mode file for STMicroelectronics.X-CUBE-FREERTOS.1.3.1
2026-01-09 16:49:09,419 [WARN] PackLoader:240 - Cannot read IP mode file for STMicroelectronics.X-CUBE-FREERTOS.1.3.0
2026-01-09 16:49:09,427 [WARN] PackLoader:240 - Cannot read IP mode file for STMicroelectronics.X-CUBE-NFC7.1.0.1
2026-01-09 16:49:09,437 [WARN] PackLoader:240 - Cannot read IP mode file for STMicroelectronics.X-CUBE-NFC7.1.0.0
2026-01-09 16:49:09,444 [WARN] PackLoader:240 - Cannot read IP mode file for wolfSSL.I-CUBE-wolfTPM.3.2.0
2026-01-09 16:49:09,448 [WARN] PackLoader:240 - Cannot read IP mode file for STMicroelectronics.X-CUBE-TOUCHGFX.4.26.0
2026-01-09 16:49:09,458 [WARN] PackLoader:240 - Cannot read IP mode file for STMicroelectronics.X-CUBE-NFC6.3.0.0
2026-01-09 16:49:09,466 [WARN] PackLoader:240 - Cannot read IP mode file for STMicroelectronics.X-CUBE-EEPRMA1.4.1.0
2026-01-09 16:49:09,476 [WARN] PackLoader:240 - Cannot read IP mode file for STMicroelectronics.FP-SNS-STAIOTCFT.1.0.0
2026-01-09 16:49:09,482 [WARN] PackLoader:240 - Cannot read IP mode file for STMicroelectronics.X-CUBE-DPower.1.3.0
2026-01-09 16:49:09,489 [WARN] PackLoader:240 - Cannot read IP mode file for STMicroelectronics.X-CUBE-AI.8.1.0
2026-01-09 16:49:09,514 [INFO] UserAuth:487 - Internet connection configuration mode: 1
2026-01-09 16:49:09,521 [WARN] ConditionMgr:438 - getConditionDescription Invalid condition id : LAN8742 Phy interface Condition cause : null
2026-01-09 16:49:09,523 [WARN] PackLoader:240 - Cannot read IP mode file for STMicroelectronics.X-CUBE-AZRTOS-L4.2.0.0
2026-01-09 16:49:09,527 [WARN] ConditionMgr:1044 - genDependencies : Invalid condition id : LAN8742 Phy interface Condition cause : null
2026-01-09 16:49:09,527 [WARN] ConditionMgr:1044 - genDependencies : Invalid condition id : LAN8742 Phy interface Condition cause : null
2026-01-09 16:49:09,529 [WARN] ConditionMgr:1044 - genDependencies : Invalid condition id : LAN8742 Phy interface Condition cause : null
2026-01-09 16:49:09,539 [WARN] PackLoader:240 - Cannot read IP mode file for STMicroelectronics.X-CUBE-SFXS2LP1.4.0.0
2026-01-09 16:49:09,582 [WARN] PackLoader:240 - Cannot read IP mode file for STMicroelectronics.X-CUBE-AZRTOS-H7.3.0.0
2026-01-09 16:49:09,607 [WARN] PackLoader:240 - Cannot read IP mode file for STMicroelectronics.X-CUBE-ISPU.1.1.0
2026-01-09 16:49:09,683 [WARN] PackLoader:240 - Cannot read IP mode file for STMicroelectronics.X-CUBE-AZRTOS-H7.3.3.0
2026-01-09 16:49:09,697 [WARN] PackLoader:240 - Cannot read IP mode file for RoweBots.I-CUBE-UNISONRTOS.5.5.0-4
2026-01-09 16:49:09,716 [WARN] PackLoader:240 - Cannot read IP mode file for STMicroelectronics.X-CUBE-BLEMGR.4.1.0
2026-01-09 16:49:09,735 [WARN] PackLoader:240 - Cannot read IP mode file for STMicroelectronics.X-CUBE-AI.8.0.0
2026-01-09 16:49:09,747 [WARN] PackLoader:240 - Cannot read IP mode file for STMicroelectronics.X-CUBE-IPS.3.0.0
2026-01-09 16:49:09,769 [WARN] ConditionMgr:438 - getConditionDescription Invalid condition id : UX DEVICE CLASS RTOS Condition cause : null
2026-01-09 16:49:09,771 [WARN] ConditionMgr:438 - getConditionDescription Invalid condition id : UX DEVICE CLASS RTOS Condition cause : null
2026-01-09 16:49:09,777 [WARN] PackLoader:240 - Cannot read IP mode file for STMicroelectronics.X-CUBE-AZRTOS-WB.2.0.0
2026-01-09 16:49:09,780 [WARN] ConditionMgr:1044 - genDependencies : Invalid condition id : UX DEVICE CLASS RTOS Condition cause : null
2026-01-09 16:49:09,781 [WARN] ConditionMgr:1044 - genDependencies : Invalid condition id : UX DEVICE CLASS RTOS Condition cause : null
2026-01-09 16:49:09,786 [WARN] ConditionMgr:1044 - genDependencies : Invalid condition id : UX DEVICE CLASS RTOS Condition cause : null
2026-01-09 16:49:09,790 [WARN] ConditionMgr:1044 - genDependencies : Invalid condition id : UX DEVICE CLASS RTOS Condition cause : null
2026-01-09 16:49:09,790 [WARN] ConditionMgr:1044 - genDependencies : Invalid condition id : UX DEVICE CLASS RTOS Condition cause : null
2026-01-09 16:49:09,799 [WARN] PackLoader:240 - Cannot read IP mode file for STMicroelectronics.X-CUBE-FREERTOS.1.0.0
2026-01-09 16:49:09,814 [WARN] PackLoader:240 - Cannot read IP mode file for STMicroelectronics.X-CUBE-FREERTOS.1.0.1
2026-01-09 16:49:09,827 [WARN] PackLoader:240 - Cannot read IP mode file for STMicroelectronics.X-CUBE-GNSS1.7.0.0
2026-01-09 16:49:09,835 [WARN] PackLoader:240 - Cannot read IP mode file for STMicroelectronics.X-CUBE-GNSS1.7.0.1
2026-01-09 16:49:09,843 [WARN] PackLoader:240 - Cannot read IP mode file for STMicroelectronics.FP-SNS-STBOX1.2.0.0
2026-01-09 16:49:09,882 [WARN] PackLoader:240 - Cannot read IP mode file for STMicroelectronics.X-CUBE-AZRTOS-L5.1.1.0
2026-01-09 16:49:09,923 [WARN] PackLoader:240 - Cannot read IP mode file for STMicroelectronics.X-CUBE-AI.8.0.1
2026-01-09 16:49:09,940 [WARN] PackLoader:240 - Cannot read IP mode file for STMicroelectronics.X-CUBE-SUBG2.5.0.0
2026-01-09 16:49:09,979 [WARN] PackLoader:240 - Cannot read IP mode file for STMicroelectronics.X-CUBE-AZRTOS-H7RS.1.1.0
2026-01-09 16:49:10,009 [WARN] PackLoader:240 - Cannot read IP mode file for STMicroelectronics.X-CUBE-AZRTOS-G4.2.0.0
2026-01-09 16:49:10,027 [WARN] PackLoader:240 - Cannot read IP mode file for STMicroelectronics.X-CUBE-TOF1.3.3.0
2026-01-09 16:49:10,057 [WARN] PackLoader:240 - Cannot read IP mode file for STMicroelectronics.FP-ATR-ASTRA1.1.1.1
2026-01-09 16:49:10,084 [WARN] PackLoader:240 - Cannot read IP mode file for Infineon.AIROC-Wi-Fi-Bluetooth-STM32.1.5.1
2026-01-09 16:49:10,099 [WARN] PackLoader:240 - Cannot read IP mode file for STMicroelectronics.X-CUBE-NFC7.2.0.0
2026-01-09 16:49:10,115 [WARN] PackLoader:240 - Cannot read IP mode file for STMicroelectronics.FP-SNS-MOTENVWB1.1.3.1
2026-01-09 16:49:10,137 [WARN] PackLoader:240 - Cannot read IP mode file for STMicroelectronics.X-CUBE-AZRTOS-G4.1.0.0
2026-01-09 16:49:10,161 [WARN] PackLoader:240 - Cannot read IP mode file for STMicroelectronics.X-CUBE-AZRTOS-L4.1.0.0
2026-01-09 16:49:10,168 [WARN] PackLoader:240 - Cannot read IP mode file for STMicroelectronics.X-CUBE-ISPU.2.0.0
2026-01-09 16:49:10,186 [WARN] PackLoader:240 - Cannot read IP mode file for STMicroelectronics.X-CUBE-IPS.3.1.0
2026-01-09 16:49:10,198 [WARN] PackLoader:240 - Cannot read IP mode file for STMicroelectronics.X-CUBE-ALS.1.0.2
2026-01-09 16:49:10,266 [WARN] PackLoader:240 - Cannot read IP mode file for STMicroelectronics.X-CUBE-MEMS1.10.0.0
2026-01-09 16:49:10,433 [WARN] PackLoader:240 - Cannot read IP mode file for STMicroelectronics.X-CUBE-FREERTOS.1.1.0
2026-01-09 16:49:10,437 [WARN] PackLoader:240 - Cannot read IP mode file for STMicroelectronics.X-CUBE-TOUCHGFX.4.24.0
2026-01-09 16:49:10,462 [WARN] PackLoader:240 - Cannot read IP mode file for STMicroelectronics.X-CUBE-AZRTOS-F7.1.0.0
2026-01-09 16:49:10,472 [WARN] PackLoader:240 - Cannot read IP mode file for STMicroelectronics.X-CUBE-TOUCHGFX.4.24.2
2026-01-09 16:49:10,485 [WARN] PackLoader:240 - Cannot read IP mode file for STMicroelectronics.X-CUBE-AZRTOS-WL.1.0.0
2026-01-09 16:49:10,490 [WARN] PackLoader:240 - Cannot read IP mode file for STMicroelectronics.X-CUBE-TOUCHGFX.4.24.1
2026-01-09 16:49:10,498 [WARN] PackLoader:240 - Cannot read IP mode file for STMicroelectronics.X-CUBE-STSE01.1.0.0
2026-01-09 16:49:10,537 [WARN] PackLoader:240 - Cannot read IP mode file for STMicroelectronics.X-CUBE-MEMS1.9.1.0
2026-01-09 16:49:10,630 [WARN] PackLoader:240 - Cannot read IP mode file for portGmbH.I-Cube-SoM-uGOAL.1.1.0
2026-01-09 16:49:10,636 [WARN] PackLoader:240 - Cannot read IP mode file for STMicroelectronics.X-CUBE-ALS.1.0.1
2026-01-09 16:49:10,642 [WARN] PackLoader:240 - Cannot read IP mode file for STMicroelectronics.X-CUBE-AI.7.0.0
2026-01-09 16:49:10,657 [WARN] PackLoader:240 - Cannot read IP mode file for STMicroelectronics.X-CUBE-AZRTOS-WB.1.1.0
2026-01-09 16:49:10,676 [WARN] PackLoader:240 - Cannot read IP mode file for STMicroelectronics.X-CUBE-AZRTOS-L5.1.0.0
2026-01-09 16:49:10,687 [WARN] PackLoader:240 - Cannot read IP mode file for STMicroelectronics.X-CUBE-EEPRMA1.3.1.0
2026-01-09 16:49:10,697 [WARN] PackLoader:240 - Cannot read IP mode file for STMicroelectronics.X-CUBE-EEPRMA1.3.1.1
2026-01-09 16:49:10,723 [WARN] PackLoader:240 - Cannot read IP mode file for STMicroelectronics.X-CUBE-AZRTOS-H7RS.1.0.0
2026-01-09 16:49:10,733 [WARN] PackLoader:240 - Cannot read IP mode file for STMicroelectronics.X-CUBE-GNSS1.5.2.0
2026-01-09 16:49:10,741 [WARN] PackLoader:240 - Cannot read IP mode file for STMicroelectronics.FP-ATR-ASTRA1.2.0.0
2026-01-09 16:49:10,756 [WARN] PackLoader:240 - Cannot read IP mode file for STMicroelectronics.X-CUBE-TOF1.3.4.2
2026-01-09 16:49:10,796 [WARN] PackLoader:240 - Cannot read IP mode file for STMicroelectronics.X-CUBE-TOF1.3.4.3
2026-01-09 16:49:10,822 [WARN] PackLoader:240 - Cannot read IP mode file for STMicroelectronics.X-CUBE-TOF1.3.4.0
2026-01-09 16:49:10,847 [WARN] PackLoader:240 - Cannot read IP mode file for STMicroelectronics.X-CUBE-TOF1.3.4.1
2026-01-09 16:49:10,886 [WARN] PackLoader:240 - Cannot read IP mode file for STMicroelectronics.X-CUBE-AZRTOS-H7.3.2.0
2026-01-09 16:49:10,896 [WARN] PackLoader:240 - Cannot read IP mode file for wolfSSL.I-CUBE-wolfSSH.1.4.17
2026-01-09 16:49:10,897 [INFO] ThirdParty:978 - Integrity check success = true
2026-01-09 16:49:10,897 [INFO] IntegrityCheckThread:100 - exiting critical section [integrity check]
2026-01-09 16:49:10,897 [INFO] IntegrityCheckThread:103 - End integrity checks thread
2026-01-09 16:49:32,862 [INFO] WebApp:194 - Connection lost
2026-01-09 16:49:33,055 [INFO] WebApp:191 - Connection restablished
2026-01-09 16:49:44,801 [INFO] WebApp:194 - Connection lost
2026-01-09 16:49:44,983 [INFO] WebApp:191 - Connection restablished
2026-01-09 16:49:50,310 [INFO] WebApp:194 - Connection lost
2026-01-09 16:49:50,491 [INFO] WebApp:191 - Connection restablished
2026-01-09 16:50:03,778 [INFO] WebApp:194 - Connection lost
2026-01-09 16:50:03,967 [INFO] WebApp:191 - Connection restablished
2026-01-09 16:56:52,311 [INFO] WebApp:194 - Connection lost
2026-01-09 16:56:52,548 [INFO] WebApp:191 - Connection restablished
2026-01-09 16:57:06,816 [INFO] WebApp:194 - Connection lost
2026-01-09 16:57:06,989 [INFO] WebApp:191 - Connection restablished
2026-01-09 17:38:19,314 [INFO] WebApp:194 - Connection lost
2026-01-09 17:38:19,541 [INFO] WebApp:191 - Connection restablished
2026-01-09 17:44:01,853 [INFO] WebApp:194 - Connection lost
2026-01-09 17:44:02,078 [INFO] WebApp:191 - Connection restablished
2026-01-09 17:44:15,334 [INFO] WebApp:194 - Connection lost
2026-01-09 17:44:15,505 [INFO] WebApp:191 - Connection restablished
2026-01-09 17:44:38,751 [ERROR] LogOutputStream:75 - [STDERR_REDIRECT] 
