../Core/Src/main.c:71:13:UART_Start_RX_IT	1
../Core/Src/main.c:76:6:HAL_UART_RxCpltCallback	6
../Core/Src/main.c:93:6:pwm_set_duty_percent	8
../Core/Src/main.c:102:6:process_line	7
../Core/Src/main.c:130:5:main	2
../Core/Src/main.c:197:6:SystemClock_Config	3
../Core/Src/main.c:238:13:MX_TIM1_Init	5
../Core/Src/main.c:310:13:MX_TIM2_Init	4
../Core/Src/main.c:359:13:MX_USART2_UART_Init	5
../Core/Src/main.c:407:13:MX_GPIO_Init	1
../Core/Src/main.c:434:6:HAL_GPIO_EXTI_Callback	4
../Core/Src/main.c:469:6:Error_Handler	1
