../Core/Src/main.c:71:13:UART_Start_RX_IT	8	static
../Core/Src/main.c:76:6:HAL_UART_RxCpltCallback	24	static
../Core/Src/main.c:93:6:pwm_set_duty_percent	32	static
../Core/Src/main.c:102:6:process_line	64	static
../Core/Src/main.c:130:5:main	80	static,ignoring_inline_asm
../Core/Src/main.c:197:6:SystemClock_Config	88	static
../Core/Src/main.c:238:13:MX_TIM1_Init	104	static
../Core/Src/main.c:310:13:MX_TIM2_Init	48	static
../Core/Src/main.c:359:13:MX_USART2_UART_Init	8	static
../Core/Src/main.c:407:13:MX_GPIO_Init	40	static
../Core/Src/main.c:434:6:HAL_GPIO_EXTI_Callback	64	static
../Core/Src/main.c:469:6:Error_Handler	4	static,ignoring_inline_asm
