../Core/Src/main.c:69:13:UART_Start_RX_IT	8	static
../Core/Src/main.c:74:6:HAL_UART_RxCpltCallback	24	static
../Core/Src/main.c:91:6:pwm_set_duty_percent	32	static
../Core/Src/main.c:100:6:process_line	64	static
../Core/Src/main.c:128:5:main	80	static,ignoring_inline_asm
../Core/Src/main.c:194:6:SystemClock_Config	88	static
../Core/Src/main.c:235:13:MX_TIM2_Init	48	static
../Core/Src/main.c:284:13:MX_USART2_UART_Init	8	static
../Core/Src/main.c:332:13:MX_GPIO_Init	40	static
../Core/Src/main.c:359:6:HAL_GPIO_EXTI_Callback	64	static
../Core/Src/main.c:394:6:Error_Handler	4	static,ignoring_inline_asm
