10:59:49 **** Incremental Build of configuration Debug for project PWM_output ****
make -j8 all 
arm-none-eabi-gcc "../Core/Src/control.c" -mcpu=cortex-m4 -std=gnu11 -g3 -DDEBUG -DUSE_HAL_DRIVER -DSTM32G491xx -c -I../Core/Inc -I../Drivers/STM32G4xx_HAL_Driver/Inc -I../Drivers/STM32G4xx_HAL_Driver/Inc/Legacy -I../Drivers/CMSIS/Device/ST/STM32G4xx/Include -I../Drivers/CMSIS/Include -O0 -ffunction-sections -fdata-sections -Wall -fstack-usage -fcyclomatic-complexity -MMD -MP -MF"Core/Src/control.d" -MT"Core/Src/control.o" --specs=nano.specs -mfpu=fpv4-sp-d16 -mfloat-abi=hard -mthumb -o "Core/Src/control.o"
arm-none-eabi-gcc "../Core/Src/main.c" -mcpu=cortex-m4 -std=gnu11 -g3 -DDEBUG -DUSE_HAL_DRIVER -DSTM32G491xx -c -I../Core/Inc -I../Drivers/STM32G4xx_HAL_Driver/Inc -I../Drivers/STM32G4xx_HAL_Driver/Inc/Legacy -I../Drivers/CMSIS/Device/ST/STM32G4xx/Include -I../Drivers/CMSIS/Include -O0 -ffunction-sections -fdata-sections -Wall -fstack-usage -fcyclomatic-complexity -MMD -MP -MF"Core/Src/main.d" -MT"Core/Src/main.o" --specs=nano.specs -mfpu=fpv4-sp-d16 -mfloat-abi=hard -mthumb -o "Core/Src/main.o"
arm-none-eabi-gcc "../Core/Src/pwm.c" -mcpu=cortex-m4 -std=gnu11 -g3 -DDEBUG -DUSE_HAL_DRIVER -DSTM32G491xx -c -I../Core/Inc -I../Drivers/STM32G4xx_HAL_Driver/Inc -I../Drivers/STM32G4xx_HAL_Driver/Inc/Legacy -I../Drivers/CMSIS/Device/ST/STM32G4xx/Include -I../Drivers/CMSIS/Include -O0 -ffunction-sections -fdata-sections -Wall -fstack-usage -fcyclomatic-complexity -MMD -MP -MF"Core/Src/pwm.d" -MT"Core/Src/pwm.o" --specs=nano.specs -mfpu=fpv4-sp-d16 -mfloat-abi=hard -mthumb -o "Core/Src/pwm.o"
arm-none-eabi-gcc "../Core/Src/sin_lut.c" -mcpu=cortex-m4 -std=gnu11 -g3 -DDEBUG -DUSE_HAL_DRIVER -DSTM32G491xx -c -I../Core/Inc -I../Drivers/STM32G4xx_HAL_Driver/Inc -I../Drivers/STM32G4xx_HAL_Driver/Inc/Legacy -I../Drivers/CMSIS/Device/ST/STM32G4xx/Include -I../Drivers/CMSIS/Include -O0 -ffunction-sections -fdata-sections -Wall -fstack-usage -fcyclomatic-complexity -MMD -MP -MF"Core/Src/sin_lut.d" -MT"Core/Src/sin_lut.o" --specs=nano.specs -mfpu=fpv4-sp-d16 -mfloat-abi=hard -mthumb -o "Core/Src/sin_lut.o"
arm-none-eabi-gcc -o "PWM_output.elf" @"objects.list"   -mcpu=cortex-m4 -T"C:\STM32_projekti\STM32G491-FOC_Motor_Control\STM32G491-FOC_Motor_Control\PWM_output\STM32G491RETX_FLASH.ld" --specs=nosys.specs -Wl,-Map="PWM_output.map" -Wl,--gc-sections -static --specs=nano.specs -mfpu=fpv4-sp-d16 -mfloat-abi=hard -mthumb -Wl,--start-group -lc -lm -Wl,--end-group
Finished building target: PWM_output.elf
 
arm-none-eabi-size  PWM_output.elf 
arm-none-eabi-objdump -h -S PWM_output.elf  > "PWM_output.list"
   text	   data	    bss	    dec	    hex	filename
  42260	     96	   4560	  46916	   b744	PWM_output.elf
Finished building: default.size.stdout
 
Finished building: PWM_output.list
 
11:00:08 **** Incremental Build of configuration Debug for project PWM_output ****
make -j8 all 
arm-none-eabi-size  PWM_output.elf 
   text	   data	    bss	    dec	    hex	filename
  42260	     96	   4560	  46916	   b744	PWM_output.elf
Finished building: default.size.stdout
 
11:35:48 **** Incremental Build of configuration Debug for project PWM_output ****
make -j8 all 
arm-none-eabi-gcc "../Core/Src/main.c" -mcpu=cortex-m4 -std=gnu11 -g3 -DDEBUG -DUSE_HAL_DRIVER -DSTM32G491xx -c -I../Core/Inc -I../Drivers/STM32G4xx_HAL_Driver/Inc -I../Drivers/STM32G4xx_HAL_Driver/Inc/Legacy -I../Drivers/CMSIS/Device/ST/STM32G4xx/Include -I../Drivers/CMSIS/Include -O0 -ffunction-sections -fdata-sections -Wall -fstack-usage -fcyclomatic-complexity -MMD -MP -MF"Core/Src/main.d" -MT"Core/Src/main.o" --specs=nano.specs -mfpu=fpv4-sp-d16 -mfloat-abi=hard -mthumb -o "Core/Src/main.o"
arm-none-eabi-gcc "../Core/Src/pwm.c" -mcpu=cortex-m4 -std=gnu11 -g3 -DDEBUG -DUSE_HAL_DRIVER -DSTM32G491xx -c -I../Core/Inc -I../Drivers/STM32G4xx_HAL_Driver/Inc -I../Drivers/STM32G4xx_HAL_Driver/Inc/Legacy -I../Drivers/CMSIS/Device/ST/STM32G4xx/Include -I../Drivers/CMSIS/Include -O0 -ffunction-sections -fdata-sections -Wall -fstack-usage -fcyclomatic-complexity -MMD -MP -MF"Core/Src/pwm.d" -MT"Core/Src/pwm.o" --specs=nano.specs -mfpu=fpv4-sp-d16 -mfloat-abi=hard -mthumb -o "Core/Src/pwm.o"
../Core/Src/pwm.c: In function 'HAL_TIM_PeriodElapsedCallback':
../Core/Src/pwm.c:32:18: warning: unused variable 'ccr1' [-Wunused-variable]
   32 |         uint32_t ccr1 = (uint32_t) (sin_val1 * (float)arr);
      |                  ^~~~
arm-none-eabi-gcc -o "PWM_output.elf" @"objects.list"   -mcpu=cortex-m4 -T"C:\STM32_projekti\STM32G491-FOC_Motor_Control\STM32G491-FOC_Motor_Control\PWM_output\STM32G491RETX_FLASH.ld" --specs=nosys.specs -Wl,-Map="PWM_output.map" -Wl,--gc-sections -static --specs=nano.specs -mfpu=fpv4-sp-d16 -mfloat-abi=hard -mthumb -Wl,--start-group -lc -lm -Wl,--end-group
Finished building target: PWM_output.elf
 
arm-none-eabi-size  PWM_output.elf 
arm-none-eabi-objdump -h -S PWM_output.elf  > "PWM_output.list"
   text	   data	    bss	    dec	    hex	filename
  42260	     96	   4560	  46916	   b744	PWM_output.elf
Finished building: default.size.stdout
 
Finished building: PWM_output.list
 
11:36:49 **** Incremental Build of configuration Debug for project PWM_output ****
make -j8 all 
arm-none-eabi-gcc "../Core/Src/main.c" -mcpu=cortex-m4 -std=gnu11 -g3 -DDEBUG -DUSE_HAL_DRIVER -DSTM32G491xx -c -I../Core/Inc -I../Drivers/STM32G4xx_HAL_Driver/Inc -I../Drivers/STM32G4xx_HAL_Driver/Inc/Legacy -I../Drivers/CMSIS/Device/ST/STM32G4xx/Include -I../Drivers/CMSIS/Include -O0 -ffunction-sections -fdata-sections -Wall -fstack-usage -fcyclomatic-complexity -MMD -MP -MF"Core/Src/main.d" -MT"Core/Src/main.o" --specs=nano.specs -mfpu=fpv4-sp-d16 -mfloat-abi=hard -mthumb -o "Core/Src/main.o"
arm-none-eabi-gcc -o "PWM_output.elf" @"objects.list"   -mcpu=cortex-m4 -T"C:\STM32_projekti\STM32G491-FOC_Motor_Control\STM32G491-FOC_Motor_Control\PWM_output\STM32G491RETX_FLASH.ld" --specs=nosys.specs -Wl,-Map="PWM_output.map" -Wl,--gc-sections -static --specs=nano.specs -mfpu=fpv4-sp-d16 -mfloat-abi=hard -mthumb -Wl,--start-group -lc -lm -Wl,--end-group
Finished building target: PWM_output.elf
 
arm-none-eabi-size  PWM_output.elf 
arm-none-eabi-objdump -h -S PWM_output.elf  > "PWM_output.list"
   text	   data	    bss	    dec	    hex	filename
  42260	     96	   4560	  46916	   b744	PWM_output.elf
Finished building: default.size.stdout
 
Finished building: PWM_output.list
 
11:43:33 **** Incremental Build of configuration Debug for project PWM_output ****
make -j8 all 
arm-none-eabi-gcc "../Core/Src/main.c" -mcpu=cortex-m4 -std=gnu11 -g3 -DDEBUG -DUSE_HAL_DRIVER -DSTM32G491xx -c -I../Core/Inc -I../Drivers/STM32G4xx_HAL_Driver/Inc -I../Drivers/STM32G4xx_HAL_Driver/Inc/Legacy -I../Drivers/CMSIS/Device/ST/STM32G4xx/Include -I../Drivers/CMSIS/Include -O0 -ffunction-sections -fdata-sections -Wall -fstack-usage -fcyclomatic-complexity -MMD -MP -MF"Core/Src/main.d" -MT"Core/Src/main.o" --specs=nano.specs -mfpu=fpv4-sp-d16 -mfloat-abi=hard -mthumb -o "Core/Src/main.o"
arm-none-eabi-gcc -o "PWM_output.elf" @"objects.list"   -mcpu=cortex-m4 -T"C:\STM32_projekti\STM32G491-FOC_Motor_Control\STM32G491-FOC_Motor_Control\PWM_output\STM32G491RETX_FLASH.ld" --specs=nosys.specs -Wl,-Map="PWM_output.map" -Wl,--gc-sections -static --specs=nano.specs -mfpu=fpv4-sp-d16 -mfloat-abi=hard -mthumb -Wl,--start-group -lc -lm -Wl,--end-group
Finished building target: PWM_output.elf
 
arm-none-eabi-size  PWM_output.elf 
arm-none-eabi-objdump -h -S PWM_output.elf  > "PWM_output.list"
   text	   data	    bss	    dec	    hex	filename
  42040	     96	   4560	  46696	   b668	PWM_output.elf
Finished building: default.size.stdout
 
Finished building: PWM_output.list
 
11:53:06 **** Incremental Build of configuration Debug for project PWM_output ****
make -j8 all 
arm-none-eabi-gcc "../Core/Src/main.c" -mcpu=cortex-m4 -std=gnu11 -g3 -DDEBUG -DUSE_HAL_DRIVER -DSTM32G491xx -c -I../Core/Inc -I../Drivers/STM32G4xx_HAL_Driver/Inc -I../Drivers/STM32G4xx_HAL_Driver/Inc/Legacy -I../Drivers/CMSIS/Device/ST/STM32G4xx/Include -I../Drivers/CMSIS/Include -O0 -ffunction-sections -fdata-sections -Wall -fstack-usage -fcyclomatic-complexity -MMD -MP -MF"Core/Src/main.d" -MT"Core/Src/main.o" --specs=nano.specs -mfpu=fpv4-sp-d16 -mfloat-abi=hard -mthumb -o "Core/Src/main.o"
arm-none-eabi-gcc "../Core/Src/pwm.c" -mcpu=cortex-m4 -std=gnu11 -g3 -DDEBUG -DUSE_HAL_DRIVER -DSTM32G491xx -c -I../Core/Inc -I../Drivers/STM32G4xx_HAL_Driver/Inc -I../Drivers/STM32G4xx_HAL_Driver/Inc/Legacy -I../Drivers/CMSIS/Device/ST/STM32G4xx/Include -I../Drivers/CMSIS/Include -O0 -ffunction-sections -fdata-sections -Wall -fstack-usage -fcyclomatic-complexity -MMD -MP -MF"Core/Src/pwm.d" -MT"Core/Src/pwm.o" --specs=nano.specs -mfpu=fpv4-sp-d16 -mfloat-abi=hard -mthumb -o "Core/Src/pwm.o"
../Core/Src/pwm.c: In function 'HAL_TIM_PeriodElapsedCallback':
../Core/Src/pwm.c:32:18: warning: unused variable 'ccr1' [-Wunused-variable]
   32 |         uint32_t ccr1 = (uint32_t) (sin_val1 * (float)arr);
      |                  ^~~~
arm-none-eabi-gcc -o "PWM_output.elf" @"objects.list"   -mcpu=cortex-m4 -T"C:\STM32_projekti\STM32G491-FOC_Motor_Control\STM32G491-FOC_Motor_Control\PWM_output\STM32G491RETX_FLASH.ld" --specs=nosys.specs -Wl,-Map="PWM_output.map" -Wl,--gc-sections -static --specs=nano.specs -mfpu=fpv4-sp-d16 -mfloat-abi=hard -mthumb -Wl,--start-group -lc -lm -Wl,--end-group
Finished building target: PWM_output.elf
 
arm-none-eabi-size  PWM_output.elf 
arm-none-eabi-objdump -h -S PWM_output.elf  > "PWM_output.list"
   text	   data	    bss	    dec	    hex	filename
  42292	     96	   4560	  46948	   b764	PWM_output.elf
Finished building: default.size.stdout
 
Finished building: PWM_output.list
 
11:57:44 **** Incremental Build of configuration Debug for project PWM_output ****
make -j8 all 
arm-none-eabi-gcc "../Core/Src/control.c" -mcpu=cortex-m4 -std=gnu11 -g3 -DDEBUG -DUSE_HAL_DRIVER -DSTM32G491xx -c -I../Core/Inc -I../Drivers/STM32G4xx_HAL_Driver/Inc -I../Drivers/STM32G4xx_HAL_Driver/Inc/Legacy -I../Drivers/CMSIS/Device/ST/STM32G4xx/Include -I../Drivers/CMSIS/Include -O0 -ffunction-sections -fdata-sections -Wall -fstack-usage -fcyclomatic-complexity -MMD -MP -MF"Core/Src/control.d" -MT"Core/Src/control.o" --specs=nano.specs -mfpu=fpv4-sp-d16 -mfloat-abi=hard -mthumb -o "Core/Src/control.o"
arm-none-eabi-gcc "../Core/Src/main.c" -mcpu=cortex-m4 -std=gnu11 -g3 -DDEBUG -DUSE_HAL_DRIVER -DSTM32G491xx -c -I../Core/Inc -I../Drivers/STM32G4xx_HAL_Driver/Inc -I../Drivers/STM32G4xx_HAL_Driver/Inc/Legacy -I../Drivers/CMSIS/Device/ST/STM32G4xx/Include -I../Drivers/CMSIS/Include -O0 -ffunction-sections -fdata-sections -Wall -fstack-usage -fcyclomatic-complexity -MMD -MP -MF"Core/Src/main.d" -MT"Core/Src/main.o" --specs=nano.specs -mfpu=fpv4-sp-d16 -mfloat-abi=hard -mthumb -o "Core/Src/main.o"
arm-none-eabi-gcc "../Core/Src/pwm.c" -mcpu=cortex-m4 -std=gnu11 -g3 -DDEBUG -DUSE_HAL_DRIVER -DSTM32G491xx -c -I../Core/Inc -I../Drivers/STM32G4xx_HAL_Driver/Inc -I../Drivers/STM32G4xx_HAL_Driver/Inc/Legacy -I../Drivers/CMSIS/Device/ST/STM32G4xx/Include -I../Drivers/CMSIS/Include -O0 -ffunction-sections -fdata-sections -Wall -fstack-usage -fcyclomatic-complexity -MMD -MP -MF"Core/Src/pwm.d" -MT"Core/Src/pwm.o" --specs=nano.specs -mfpu=fpv4-sp-d16 -mfloat-abi=hard -mthumb -o "Core/Src/pwm.o"
../Core/Src/pwm.c: In function 'PWM_Init':
../Core/Src/pwm.c:13:28: warning: unused variable 'm' [-Wunused-variable]
   13 |         static const float m = 0.8;
      |                            ^
../Core/Src/pwm.c:12:25: warning: unused variable 'idx' [-Wunused-variable]
   12 |         static uint16_t idx = 0;
      |                         ^~~
../Core/Src/pwm.c: In function 'HAL_TIM_PeriodElapsedCallback':
../Core/Src/pwm.c:32:40: error: 'm' undeclared (first use in this function)
   32 |         float sin_val1 = 0.5f + 0.5f * m * sinLUT_Get(idx);
      |                                        ^
../Core/Src/pwm.c:32:40: note: each undeclared identifier is reported only once for each function it appears in
../Core/Src/pwm.c:32:55: error: 'idx' undeclared (first use in this function)
   32 |         float sin_val1 = 0.5f + 0.5f * m * sinLUT_Get(idx);
      |                                                       ^~~
../Core/Src/pwm.c:36:18: warning: unused variable 'ccr1' [-Wunused-variable]
   36 |         uint32_t ccr1 = (uint32_t) (sin_val1 * (float)arr);
      |                  ^~~~
make: *** [Core/Src/subdir.mk:46: Core/Src/pwm.o] Error 1
make: *** Waiting for unfinished jobs....
"make -j8 all" terminated with exit code 2. Build might be incomplete.
11:58:15 **** Incremental Build of configuration Debug for project PWM_output ****
make -j8 all 
arm-none-eabi-gcc "../Core/Src/pwm.c" -mcpu=cortex-m4 -std=gnu11 -g3 -DDEBUG -DUSE_HAL_DRIVER -DSTM32G491xx -c -I../Core/Inc -I../Drivers/STM32G4xx_HAL_Driver/Inc -I../Drivers/STM32G4xx_HAL_Driver/Inc/Legacy -I../Drivers/CMSIS/Device/ST/STM32G4xx/Include -I../Drivers/CMSIS/Include -O0 -ffunction-sections -fdata-sections -Wall -fstack-usage -fcyclomatic-complexity -MMD -MP -MF"Core/Src/pwm.d" -MT"Core/Src/pwm.o" --specs=nano.specs -mfpu=fpv4-sp-d16 -mfloat-abi=hard -mthumb -o "Core/Src/pwm.o"
../Core/Src/pwm.c: In function 'PWM_Init':
../Core/Src/pwm.c:13:21: warning: unused variable 'm' [-Wunused-variable]
   13 |         const float m = 0.8;
      |                     ^
../Core/Src/pwm.c:12:18: warning: unused variable 'idx' [-Wunused-variable]
   12 |         uint16_t idx = 0;
      |                  ^~~
../Core/Src/pwm.c: In function 'HAL_TIM_PeriodElapsedCallback':
../Core/Src/pwm.c:32:40: error: 'm' undeclared (first use in this function)
   32 |         float sin_val1 = 0.5f + 0.5f * m * sinLUT_Get(idx);
      |                                        ^
../Core/Src/pwm.c:32:40: note: each undeclared identifier is reported only once for each function it appears in
../Core/Src/pwm.c:32:55: error: 'idx' undeclared (first use in this function)
   32 |         float sin_val1 = 0.5f + 0.5f * m * sinLUT_Get(idx);
      |                                                       ^~~
../Core/Src/pwm.c:36:18: warning: unused variable 'ccr1' [-Wunused-variable]
   36 |         uint32_t ccr1 = (uint32_t) (sin_val1 * (float)arr);
      |                  ^~~~
make: *** [Core/Src/subdir.mk:46: Core/Src/pwm.o] Error 1
"make -j8 all" terminated with exit code 2. Build might be incomplete.
11:59:14 **** Incremental Build of configuration Debug for project PWM_output ****
make -j8 all 
arm-none-eabi-gcc "../Core/Src/control.c" -mcpu=cortex-m4 -std=gnu11 -g3 -DDEBUG -DUSE_HAL_DRIVER -DSTM32G491xx -c -I../Core/Inc -I../Drivers/STM32G4xx_HAL_Driver/Inc -I../Drivers/STM32G4xx_HAL_Driver/Inc/Legacy -I../Drivers/CMSIS/Device/ST/STM32G4xx/Include -I../Drivers/CMSIS/Include -O0 -ffunction-sections -fdata-sections -Wall -fstack-usage -fcyclomatic-complexity -MMD -MP -MF"Core/Src/control.d" -MT"Core/Src/control.o" --specs=nano.specs -mfpu=fpv4-sp-d16 -mfloat-abi=hard -mthumb -o "Core/Src/control.o"
arm-none-eabi-gcc "../Core/Src/main.c" -mcpu=cortex-m4 -std=gnu11 -g3 -DDEBUG -DUSE_HAL_DRIVER -DSTM32G491xx -c -I../Core/Inc -I../Drivers/STM32G4xx_HAL_Driver/Inc -I../Drivers/STM32G4xx_HAL_Driver/Inc/Legacy -I../Drivers/CMSIS/Device/ST/STM32G4xx/Include -I../Drivers/CMSIS/Include -O0 -ffunction-sections -fdata-sections -Wall -fstack-usage -fcyclomatic-complexity -MMD -MP -MF"Core/Src/main.d" -MT"Core/Src/main.o" --specs=nano.specs -mfpu=fpv4-sp-d16 -mfloat-abi=hard -mthumb -o "Core/Src/main.o"
arm-none-eabi-gcc "../Core/Src/pwm.c" -mcpu=cortex-m4 -std=gnu11 -g3 -DDEBUG -DUSE_HAL_DRIVER -DSTM32G491xx -c -I../Core/Inc -I../Drivers/STM32G4xx_HAL_Driver/Inc -I../Drivers/STM32G4xx_HAL_Driver/Inc/Legacy -I../Drivers/CMSIS/Device/ST/STM32G4xx/Include -I../Drivers/CMSIS/Include -O0 -ffunction-sections -fdata-sections -Wall -fstack-usage -fcyclomatic-complexity -MMD -MP -MF"Core/Src/pwm.d" -MT"Core/Src/pwm.o" --specs=nano.specs -mfpu=fpv4-sp-d16 -mfloat-abi=hard -mthumb -o "Core/Src/pwm.o"
../Core/Src/main.c: In function 'main':
../Core/Src/main.c:114:3: warning: implicit declaration of function 'PWM_Init' [-Wimplicit-function-declaration]
  114 |   PWM_Init();
      |   ^~~~~~~~
../Core/Src/pwm.c: In function 'HAL_TIM_PeriodElapsedCallback':
../Core/Src/pwm.c:32:18: warning: unused variable 'ccr1' [-Wunused-variable]
   32 |         uint32_t ccr1 = (uint32_t) (sin_val1 * (float)arr);
      |                  ^~~~
arm-none-eabi-gcc -o "PWM_output.elf" @"objects.list"   -mcpu=cortex-m4 -T"C:\STM32_projekti\STM32G491-FOC_Motor_Control\STM32G491-FOC_Motor_Control\PWM_output\STM32G491RETX_FLASH.ld" --specs=nosys.specs -Wl,-Map="PWM_output.map" -Wl,--gc-sections -static --specs=nano.specs -mfpu=fpv4-sp-d16 -mfloat-abi=hard -mthumb -Wl,--start-group -lc -lm -Wl,--end-group
C:/ST/STM32CubeIDE_1.19.0/STM32CubeIDE/plugins/com.st.stm32cube.ide.mcu.externaltools.gnu-tools-for-stm32.13.3.rel1.win32_1.0.0.202411081344/tools/bin/../lib/gcc/arm-none-eabi/13.3.1/../../../../arm-none-eabi/bin/ld.exe: ./Core/Src/main.o: in function `main':
C:/STM32_projekti/STM32G491-FOC_Motor_Control/STM32G491-FOC_Motor_Control/PWM_output/Debug/../Core/Src/main.c:114:(.text.main+0x2a): undefined reference to `PWM_Init'
collect2.exe: error: ld returned 1 exit status
make: *** [makefile:64: PWM_output.elf] Error 1
"make -j8 all" terminated with exit code 2. Build might be incomplete.
11:59:29 **** Incremental Build of configuration Debug for project PWM_output ****
make -j8 all 
arm-none-eabi-gcc "../Core/Src/main.c" -mcpu=cortex-m4 -std=gnu11 -g3 -DDEBUG -DUSE_HAL_DRIVER -DSTM32G491xx -c -I../Core/Inc -I../Drivers/STM32G4xx_HAL_Driver/Inc -I../Drivers/STM32G4xx_HAL_Driver/Inc/Legacy -I../Drivers/CMSIS/Device/ST/STM32G4xx/Include -I../Drivers/CMSIS/Include -O0 -ffunction-sections -fdata-sections -Wall -fstack-usage -fcyclomatic-complexity -MMD -MP -MF"Core/Src/main.d" -MT"Core/Src/main.o" --specs=nano.specs -mfpu=fpv4-sp-d16 -mfloat-abi=hard -mthumb -o "Core/Src/main.o"
arm-none-eabi-gcc -o "PWM_output.elf" @"objects.list"   -mcpu=cortex-m4 -T"C:\STM32_projekti\STM32G491-FOC_Motor_Control\STM32G491-FOC_Motor_Control\PWM_output\STM32G491RETX_FLASH.ld" --specs=nosys.specs -Wl,-Map="PWM_output.map" -Wl,--gc-sections -static --specs=nano.specs -mfpu=fpv4-sp-d16 -mfloat-abi=hard -mthumb -Wl,--start-group -lc -lm -Wl,--end-group
Finished building target: PWM_output.elf
 
arm-none-eabi-size  PWM_output.elf 
arm-none-eabi-objdump -h -S PWM_output.elf  > "PWM_output.list"
   text	   data	    bss	    dec	    hex	filename
  42292	     96	   4560	  46948	   b764	PWM_output.elf
Finished building: default.size.stdout
 
Finished building: PWM_output.list
 
12:03:49 **** Incremental Build of configuration Debug for project PWM_output ****
make -j8 all 
arm-none-eabi-gcc "../Core/Src/main.c" -mcpu=cortex-m4 -std=gnu11 -g3 -DDEBUG -DUSE_HAL_DRIVER -DSTM32G491xx -c -I../Core/Inc -I../Drivers/STM32G4xx_HAL_Driver/Inc -I../Drivers/STM32G4xx_HAL_Driver/Inc/Legacy -I../Drivers/CMSIS/Device/ST/STM32G4xx/Include -I../Drivers/CMSIS/Include -O0 -ffunction-sections -fdata-sections -Wall -fstack-usage -fcyclomatic-complexity -MMD -MP -MF"Core/Src/main.d" -MT"Core/Src/main.o" --specs=nano.specs -mfpu=fpv4-sp-d16 -mfloat-abi=hard -mthumb -o "Core/Src/main.o"
arm-none-eabi-gcc "../Core/Src/pwm.c" -mcpu=cortex-m4 -std=gnu11 -g3 -DDEBUG -DUSE_HAL_DRIVER -DSTM32G491xx -c -I../Core/Inc -I../Drivers/STM32G4xx_HAL_Driver/Inc -I../Drivers/STM32G4xx_HAL_Driver/Inc/Legacy -I../Drivers/CMSIS/Device/ST/STM32G4xx/Include -I../Drivers/CMSIS/Include -O0 -ffunction-sections -fdata-sections -Wall -fstack-usage -fcyclomatic-complexity -MMD -MP -MF"Core/Src/pwm.d" -MT"Core/Src/pwm.o" --specs=nano.specs -mfpu=fpv4-sp-d16 -mfloat-abi=hard -mthumb -o "Core/Src/pwm.o"
../Core/Src/pwm.c: In function 'HAL_TIM_PeriodElapsedCallback':
../Core/Src/pwm.c:32:18: warning: unused variable 'ccr1' [-Wunused-variable]
   32 |         uint32_t ccr1 = (uint32_t) (sin_val1 * (float)arr);
      |                  ^~~~
arm-none-eabi-gcc -o "PWM_output.elf" @"objects.list"   -mcpu=cortex-m4 -T"C:\STM32_projekti\STM32G491-FOC_Motor_Control\STM32G491-FOC_Motor_Control\PWM_output\STM32G491RETX_FLASH.ld" --specs=nosys.specs -Wl,-Map="PWM_output.map" -Wl,--gc-sections -static --specs=nano.specs -mfpu=fpv4-sp-d16 -mfloat-abi=hard -mthumb -Wl,--start-group -lc -lm -Wl,--end-group
Finished building target: PWM_output.elf
 
arm-none-eabi-size  PWM_output.elf 
arm-none-eabi-objdump -h -S PWM_output.elf  > "PWM_output.list"
   text	   data	    bss	    dec	    hex	filename
  42284	     96	   4560	  46940	   b75c	PWM_output.elf
Finished building: default.size.stdout
 
Finished building: PWM_output.list
 
12:12:47 **** Incremental Build of configuration Debug for project PWM_output ****
make -j8 all 
arm-none-eabi-gcc "../Core/Src/sin_lut.c" -mcpu=cortex-m4 -std=gnu11 -g3 -DDEBUG -DUSE_HAL_DRIVER -DSTM32G491xx -c -I../Core/Inc -I../Drivers/STM32G4xx_HAL_Driver/Inc -I../Drivers/STM32G4xx_HAL_Driver/Inc/Legacy -I../Drivers/CMSIS/Device/ST/STM32G4xx/Include -I../Drivers/CMSIS/Include -O0 -ffunction-sections -fdata-sections -Wall -fstack-usage -fcyclomatic-complexity -MMD -MP -MF"Core/Src/sin_lut.d" -MT"Core/Src/sin_lut.o" --specs=nano.specs -mfpu=fpv4-sp-d16 -mfloat-abi=hard -mthumb -o "Core/Src/sin_lut.o"
arm-none-eabi-gcc -o "PWM_output.elf" @"objects.list"   -mcpu=cortex-m4 -T"C:\STM32_projekti\STM32G491-FOC_Motor_Control\STM32G491-FOC_Motor_Control\PWM_output\STM32G491RETX_FLASH.ld" --specs=nosys.specs -Wl,-Map="PWM_output.map" -Wl,--gc-sections -static --specs=nano.specs -mfpu=fpv4-sp-d16 -mfloat-abi=hard -mthumb -Wl,--start-group -lc -lm -Wl,--end-group
Finished building target: PWM_output.elf
 
arm-none-eabi-size  PWM_output.elf 
arm-none-eabi-objdump -h -S PWM_output.elf  > "PWM_output.list"
   text	   data	    bss	    dec	    hex	filename
  42280	     96	   4560	  46936	   b758	PWM_output.elf
Finished building: default.size.stdout
 
Finished building: PWM_output.list
 
12:14:56 **** Incremental Build of configuration Debug for project PWM_output ****
make -j8 all 
arm-none-eabi-gcc "../Core/Src/main.c" -mcpu=cortex-m4 -std=gnu11 -g3 -DDEBUG -DUSE_HAL_DRIVER -DSTM32G491xx -c -I../Core/Inc -I../Drivers/STM32G4xx_HAL_Driver/Inc -I../Drivers/STM32G4xx_HAL_Driver/Inc/Legacy -I../Drivers/CMSIS/Device/ST/STM32G4xx/Include -I../Drivers/CMSIS/Include -O0 -ffunction-sections -fdata-sections -Wall -fstack-usage -fcyclomatic-complexity -MMD -MP -MF"Core/Src/main.d" -MT"Core/Src/main.o" --specs=nano.specs -mfpu=fpv4-sp-d16 -mfloat-abi=hard -mthumb -o "Core/Src/main.o"
arm-none-eabi-gcc -o "PWM_output.elf" @"objects.list"   -mcpu=cortex-m4 -T"C:\STM32_projekti\STM32G491-FOC_Motor_Control\STM32G491-FOC_Motor_Control\PWM_output\STM32G491RETX_FLASH.ld" --specs=nosys.specs -Wl,-Map="PWM_output.map" -Wl,--gc-sections -static --specs=nano.specs -mfpu=fpv4-sp-d16 -mfloat-abi=hard -mthumb -Wl,--start-group -lc -lm -Wl,--end-group
Finished building target: PWM_output.elf
 
arm-none-eabi-size  PWM_output.elf 
arm-none-eabi-objdump -h -S PWM_output.elf  > "PWM_output.list"
   text	   data	    bss	    dec	    hex	filename
  42280	     96	   4560	  46936	   b758	PWM_output.elf
Finished building: default.size.stdout
 
Finished building: PWM_output.list
 
12:17:54 **** Incremental Build of configuration Debug for project PWM_output ****
make -j8 all 
arm-none-eabi-gcc "../Core/Src/pwm.c" -mcpu=cortex-m4 -std=gnu11 -g3 -DDEBUG -DUSE_HAL_DRIVER -DSTM32G491xx -c -I../Core/Inc -I../Drivers/STM32G4xx_HAL_Driver/Inc -I../Drivers/STM32G4xx_HAL_Driver/Inc/Legacy -I../Drivers/CMSIS/Device/ST/STM32G4xx/Include -I../Drivers/CMSIS/Include -O0 -ffunction-sections -fdata-sections -Wall -fstack-usage -fcyclomatic-complexity -MMD -MP -MF"Core/Src/pwm.d" -MT"Core/Src/pwm.o" --specs=nano.specs -mfpu=fpv4-sp-d16 -mfloat-abi=hard -mthumb -o "Core/Src/pwm.o"
../Core/Src/pwm.c: In function 'HAL_TIM_PeriodElapsedCallback':
../Core/Src/pwm.c:28:15: warning: unused variable 'sin_val1' [-Wunused-variable]
   28 |         float sin_val1 = 0.5f + 0.5f * m * sinLUT_Get(idx);
      |               ^~~~~~~~
arm-none-eabi-gcc -o "PWM_output.elf" @"objects.list"   -mcpu=cortex-m4 -T"C:\STM32_projekti\STM32G491-FOC_Motor_Control\STM32G491-FOC_Motor_Control\PWM_output\STM32G491RETX_FLASH.ld" --specs=nosys.specs -Wl,-Map="PWM_output.map" -Wl,--gc-sections -static --specs=nano.specs -mfpu=fpv4-sp-d16 -mfloat-abi=hard -mthumb -Wl,--start-group -lc -lm -Wl,--end-group
Finished building target: PWM_output.elf
 
arm-none-eabi-size  PWM_output.elf 
arm-none-eabi-objdump -h -S PWM_output.elf  > "PWM_output.list"
   text	   data	    bss	    dec	    hex	filename
  42080	     96	   4560	  46736	   b690	PWM_output.elf
Finished building: default.size.stdout
 
Finished building: PWM_output.list
 
12:18:08 **** Incremental Build of configuration Debug for project PWM_output ****
make -j8 all 
arm-none-eabi-gcc "../Core/Src/pwm.c" -mcpu=cortex-m4 -std=gnu11 -g3 -DDEBUG -DUSE_HAL_DRIVER -DSTM32G491xx -c -I../Core/Inc -I../Drivers/STM32G4xx_HAL_Driver/Inc -I../Drivers/STM32G4xx_HAL_Driver/Inc/Legacy -I../Drivers/CMSIS/Device/ST/STM32G4xx/Include -I../Drivers/CMSIS/Include -O0 -ffunction-sections -fdata-sections -Wall -fstack-usage -fcyclomatic-complexity -MMD -MP -MF"Core/Src/pwm.d" -MT"Core/Src/pwm.o" --specs=nano.specs -mfpu=fpv4-sp-d16 -mfloat-abi=hard -mthumb -o "Core/Src/pwm.o"
../Core/Src/pwm.c: In function 'HAL_TIM_PeriodElapsedCallback':
../Core/Src/pwm.c:24:22: warning: unused variable 'm' [-Wunused-variable]
   24 |         static float m = 0.8f; // < 1, da nije cijela amplituda
      |                      ^
arm-none-eabi-gcc -o "PWM_output.elf" @"objects.list"   -mcpu=cortex-m4 -T"C:\STM32_projekti\STM32G491-FOC_Motor_Control\STM32G491-FOC_Motor_Control\PWM_output\STM32G491RETX_FLASH.ld" --specs=nosys.specs -Wl,-Map="PWM_output.map" -Wl,--gc-sections -static --specs=nano.specs -mfpu=fpv4-sp-d16 -mfloat-abi=hard -mthumb -Wl,--start-group -lc -lm -Wl,--end-group
Finished building target: PWM_output.elf
 
arm-none-eabi-size  PWM_output.elf 
arm-none-eabi-objdump -h -S PWM_output.elf  > "PWM_output.list"
   text	   data	    bss	    dec	    hex	filename
  41988	     92	   4556	  46636	   b62c	PWM_output.elf
Finished building: default.size.stdout
 
Finished building: PWM_output.list
 
12:19:41 **** Incremental Build of configuration Debug for project PWM_output ****
make -j8 all 
arm-none-eabi-gcc "../Core/Src/pwm.c" -mcpu=cortex-m4 -std=gnu11 -g3 -DDEBUG -DUSE_HAL_DRIVER -DSTM32G491xx -c -I../Core/Inc -I../Drivers/STM32G4xx_HAL_Driver/Inc -I../Drivers/STM32G4xx_HAL_Driver/Inc/Legacy -I../Drivers/CMSIS/Device/ST/STM32G4xx/Include -I../Drivers/CMSIS/Include -O0 -ffunction-sections -fdata-sections -Wall -fstack-usage -fcyclomatic-complexity -MMD -MP -MF"Core/Src/pwm.d" -MT"Core/Src/pwm.o" --specs=nano.specs -mfpu=fpv4-sp-d16 -mfloat-abi=hard -mthumb -o "Core/Src/pwm.o"
arm-none-eabi-gcc -o "PWM_output.elf" @"objects.list"   -mcpu=cortex-m4 -T"C:\STM32_projekti\STM32G491-FOC_Motor_Control\STM32G491-FOC_Motor_Control\PWM_output\STM32G491RETX_FLASH.ld" --specs=nosys.specs -Wl,-Map="PWM_output.map" -Wl,--gc-sections -static --specs=nano.specs -mfpu=fpv4-sp-d16 -mfloat-abi=hard -mthumb -Wl,--start-group -lc -lm -Wl,--end-group
Finished building target: PWM_output.elf
 
arm-none-eabi-size  PWM_output.elf 
arm-none-eabi-objdump -h -S PWM_output.elf  > "PWM_output.list"
   text	   data	    bss	    dec	    hex	filename
  42080	     96	   4560	  46736	   b690	PWM_output.elf
Finished building: default.size.stdout
 
Finished building: PWM_output.list
 
12:21:31 **** Incremental Build of configuration Debug for project PWM_output ****
make -j8 all 
arm-none-eabi-size  PWM_output.elf 
   text	   data	    bss	    dec	    hex	filename
  42080	     96	   4560	  46736	   b690	PWM_output.elf
Finished building: default.size.stdout
 
12:23:01 **** Incremental Build of configuration Debug for project PWM_output ****
make -j8 all 
arm-none-eabi-size  PWM_output.elf 
   text	   data	    bss	    dec	    hex	filename
  42080	     96	   4560	  46736	   b690	PWM_output.elf
Finished building: default.size.stdout
 
12:27:12 **** Incremental Build of configuration Debug for project PWM_output ****
make -j8 all 
arm-none-eabi-gcc "../Core/Src/main.c" -mcpu=cortex-m4 -std=gnu11 -g3 -DDEBUG -DUSE_HAL_DRIVER -DSTM32G491xx -c -I../Core/Inc -I../Drivers/STM32G4xx_HAL_Driver/Inc -I../Drivers/STM32G4xx_HAL_Driver/Inc/Legacy -I../Drivers/CMSIS/Device/ST/STM32G4xx/Include -I../Drivers/CMSIS/Include -O0 -ffunction-sections -fdata-sections -Wall -fstack-usage -fcyclomatic-complexity -MMD -MP -MF"Core/Src/main.d" -MT"Core/Src/main.o" --specs=nano.specs -mfpu=fpv4-sp-d16 -mfloat-abi=hard -mthumb -o "Core/Src/main.o"
arm-none-eabi-gcc "../Core/Src/pwm.c" -mcpu=cortex-m4 -std=gnu11 -g3 -DDEBUG -DUSE_HAL_DRIVER -DSTM32G491xx -c -I../Core/Inc -I../Drivers/STM32G4xx_HAL_Driver/Inc -I../Drivers/STM32G4xx_HAL_Driver/Inc/Legacy -I../Drivers/CMSIS/Device/ST/STM32G4xx/Include -I../Drivers/CMSIS/Include -O0 -ffunction-sections -fdata-sections -Wall -fstack-usage -fcyclomatic-complexity -MMD -MP -MF"Core/Src/pwm.d" -MT"Core/Src/pwm.o" --specs=nano.specs -mfpu=fpv4-sp-d16 -mfloat-abi=hard -mthumb -o "Core/Src/pwm.o"
arm-none-eabi-gcc "../Core/Src/sin_lut.c" -mcpu=cortex-m4 -std=gnu11 -g3 -DDEBUG -DUSE_HAL_DRIVER -DSTM32G491xx -c -I../Core/Inc -I../Drivers/STM32G4xx_HAL_Driver/Inc -I../Drivers/STM32G4xx_HAL_Driver/Inc/Legacy -I../Drivers/CMSIS/Device/ST/STM32G4xx/Include -I../Drivers/CMSIS/Include -O0 -ffunction-sections -fdata-sections -Wall -fstack-usage -fcyclomatic-complexity -MMD -MP -MF"Core/Src/sin_lut.d" -MT"Core/Src/sin_lut.o" --specs=nano.specs -mfpu=fpv4-sp-d16 -mfloat-abi=hard -mthumb -o "Core/Src/sin_lut.o"
../Core/Src/main.c: In function 'main':
../Core/Src/main.c:138:11: error: break statement not within loop or switch
  138 |           break;
      |           ^~~~~
make: *** [Core/Src/subdir.mk:46: Core/Src/main.o] Error 1
make: *** Waiting for unfinished jobs....
"make -j8 all" terminated with exit code 2. Build might be incomplete.
12:28:31 **** Incremental Build of configuration Debug for project PWM_output ****
make -j8 all 
arm-none-eabi-gcc "../Core/Src/main.c" -mcpu=cortex-m4 -std=gnu11 -g3 -DDEBUG -DUSE_HAL_DRIVER -DSTM32G491xx -c -I../Core/Inc -I../Drivers/STM32G4xx_HAL_Driver/Inc -I../Drivers/STM32G4xx_HAL_Driver/Inc/Legacy -I../Drivers/CMSIS/Device/ST/STM32G4xx/Include -I../Drivers/CMSIS/Include -O0 -ffunction-sections -fdata-sections -Wall -fstack-usage -fcyclomatic-complexity -MMD -MP -MF"Core/Src/main.d" -MT"Core/Src/main.o" --specs=nano.specs -mfpu=fpv4-sp-d16 -mfloat-abi=hard -mthumb -o "Core/Src/main.o"
arm-none-eabi-gcc -o "PWM_output.elf" @"objects.list"   -mcpu=cortex-m4 -T"C:\STM32_projekti\STM32G491-FOC_Motor_Control\STM32G491-FOC_Motor_Control\PWM_output\STM32G491RETX_FLASH.ld" --specs=nosys.specs -Wl,-Map="PWM_output.map" -Wl,--gc-sections -static --specs=nano.specs -mfpu=fpv4-sp-d16 -mfloat-abi=hard -mthumb -Wl,--start-group -lc -lm -Wl,--end-group
Finished building target: PWM_output.elf
 
arm-none-eabi-size  PWM_output.elf 
arm-none-eabi-objdump -h -S PWM_output.elf  > "PWM_output.list"
   text	   data	    bss	    dec	    hex	filename
  42132	     96	   4560	  46788	   b6c4	PWM_output.elf
Finished building: default.size.stdout
 
Finished building: PWM_output.list
 
12:32:01 **** Incremental Build of configuration Debug for project PWM_output ****
make -j8 all 
arm-none-eabi-size  PWM_output.elf 
   text	   data	    bss	    dec	    hex	filename
  42132	     96	   4560	  46788	   b6c4	PWM_output.elf
Finished building: default.size.stdout
 
12:33:20 **** Incremental Build of configuration Debug for project PWM_output ****
make -j8 all 
arm-none-eabi-gcc "../Core/Src/main.c" -mcpu=cortex-m4 -std=gnu11 -g3 -DDEBUG -DUSE_HAL_DRIVER -DSTM32G491xx -c -I../Core/Inc -I../Drivers/STM32G4xx_HAL_Driver/Inc -I../Drivers/STM32G4xx_HAL_Driver/Inc/Legacy -I../Drivers/CMSIS/Device/ST/STM32G4xx/Include -I../Drivers/CMSIS/Include -O0 -ffunction-sections -fdata-sections -Wall -fstack-usage -fcyclomatic-complexity -MMD -MP -MF"Core/Src/main.d" -MT"Core/Src/main.o" --specs=nano.specs -mfpu=fpv4-sp-d16 -mfloat-abi=hard -mthumb -o "Core/Src/main.o"
arm-none-eabi-gcc -o "PWM_output.elf" @"objects.list"   -mcpu=cortex-m4 -T"C:\STM32_projekti\STM32G491-FOC_Motor_Control\STM32G491-FOC_Motor_Control\PWM_output\STM32G491RETX_FLASH.ld" --specs=nosys.specs -Wl,-Map="PWM_output.map" -Wl,--gc-sections -static --specs=nano.specs -mfpu=fpv4-sp-d16 -mfloat-abi=hard -mthumb -Wl,--start-group -lc -lm -Wl,--end-group
Finished building target: PWM_output.elf
 
arm-none-eabi-size  PWM_output.elf 
arm-none-eabi-objdump -h -S PWM_output.elf  > "PWM_output.list"
   text	   data	    bss	    dec	    hex	filename
  42132	     96	   4560	  46788	   b6c4	PWM_output.elf
Finished building: default.size.stdout
 
Finished building: PWM_output.list
 
12:33:55 **** Incremental Build of configuration Debug for project PWM_output ****
make -j8 all 
arm-none-eabi-gcc "../Core/Src/main.c" -mcpu=cortex-m4 -std=gnu11 -g3 -DDEBUG -DUSE_HAL_DRIVER -DSTM32G491xx -c -I../Core/Inc -I../Drivers/STM32G4xx_HAL_Driver/Inc -I../Drivers/STM32G4xx_HAL_Driver/Inc/Legacy -I../Drivers/CMSIS/Device/ST/STM32G4xx/Include -I../Drivers/CMSIS/Include -O0 -ffunction-sections -fdata-sections -Wall -fstack-usage -fcyclomatic-complexity -MMD -MP -MF"Core/Src/main.d" -MT"Core/Src/main.o" --specs=nano.specs -mfpu=fpv4-sp-d16 -mfloat-abi=hard -mthumb -o "Core/Src/main.o"
arm-none-eabi-gcc -o "PWM_output.elf" @"objects.list"   -mcpu=cortex-m4 -T"C:\STM32_projekti\STM32G491-FOC_Motor_Control\STM32G491-FOC_Motor_Control\PWM_output\STM32G491RETX_FLASH.ld" --specs=nosys.specs -Wl,-Map="PWM_output.map" -Wl,--gc-sections -static --specs=nano.specs -mfpu=fpv4-sp-d16 -mfloat-abi=hard -mthumb -Wl,--start-group -lc -lm -Wl,--end-group
Finished building target: PWM_output.elf
 
arm-none-eabi-size  PWM_output.elf 
arm-none-eabi-objdump -h -S PWM_output.elf  > "PWM_output.list"
   text	   data	    bss	    dec	    hex	filename
  42128	     96	   4560	  46784	   b6c0	PWM_output.elf
Finished building: default.size.stdout
 
Finished building: PWM_output.list
 
12:34:29 **** Incremental Build of configuration Debug for project PWM_output ****
make -j8 all 
arm-none-eabi-size  PWM_output.elf 
   text	   data	    bss	    dec	    hex	filename
  42128	     96	   4560	  46784	   b6c0	PWM_output.elf
Finished building: default.size.stdout
 
12:35:27 **** Incremental Build of configuration Debug for project PWM_output ****
make -j8 all 
arm-none-eabi-gcc "../Core/Src/sin_lut.c" -mcpu=cortex-m4 -std=gnu11 -g3 -DDEBUG -DUSE_HAL_DRIVER -DSTM32G491xx -c -I../Core/Inc -I../Drivers/STM32G4xx_HAL_Driver/Inc -I../Drivers/STM32G4xx_HAL_Driver/Inc/Legacy -I../Drivers/CMSIS/Device/ST/STM32G4xx/Include -I../Drivers/CMSIS/Include -O0 -ffunction-sections -fdata-sections -Wall -fstack-usage -fcyclomatic-complexity -MMD -MP -MF"Core/Src/sin_lut.d" -MT"Core/Src/sin_lut.o" --specs=nano.specs -mfpu=fpv4-sp-d16 -mfloat-abi=hard -mthumb -o "Core/Src/sin_lut.o"
arm-none-eabi-gcc -o "PWM_output.elf" @"objects.list"   -mcpu=cortex-m4 -T"C:\STM32_projekti\STM32G491-FOC_Motor_Control\STM32G491-FOC_Motor_Control\PWM_output\STM32G491RETX_FLASH.ld" --specs=nosys.specs -Wl,-Map="PWM_output.map" -Wl,--gc-sections -static --specs=nano.specs -mfpu=fpv4-sp-d16 -mfloat-abi=hard -mthumb -Wl,--start-group -lc -lm -Wl,--end-group
Finished building target: PWM_output.elf
 
arm-none-eabi-size  PWM_output.elf 
arm-none-eabi-objdump -h -S PWM_output.elf  > "PWM_output.list"
   text	   data	    bss	    dec	    hex	filename
  42128	     96	   4560	  46784	   b6c0	PWM_output.elf
Finished building: default.size.stdout
 
Finished building: PWM_output.list
 
12:37:32 **** Incremental Build of configuration Debug for project PWM_output ****
make -j8 all 
arm-none-eabi-gcc "../Core/Src/sin_lut.c" -mcpu=cortex-m4 -std=gnu11 -g3 -DDEBUG -DUSE_HAL_DRIVER -DSTM32G491xx -c -I../Core/Inc -I../Drivers/STM32G4xx_HAL_Driver/Inc -I../Drivers/STM32G4xx_HAL_Driver/Inc/Legacy -I../Drivers/CMSIS/Device/ST/STM32G4xx/Include -I../Drivers/CMSIS/Include -O0 -ffunction-sections -fdata-sections -Wall -fstack-usage -fcyclomatic-complexity -MMD -MP -MF"Core/Src/sin_lut.d" -MT"Core/Src/sin_lut.o" --specs=nano.specs -mfpu=fpv4-sp-d16 -mfloat-abi=hard -mthumb -o "Core/Src/sin_lut.o"
arm-none-eabi-gcc -o "PWM_output.elf" @"objects.list"   -mcpu=cortex-m4 -T"C:\STM32_projekti\STM32G491-FOC_Motor_Control\STM32G491-FOC_Motor_Control\PWM_output\STM32G491RETX_FLASH.ld" --specs=nosys.specs -Wl,-Map="PWM_output.map" -Wl,--gc-sections -static --specs=nano.specs -mfpu=fpv4-sp-d16 -mfloat-abi=hard -mthumb -Wl,--start-group -lc -lm -Wl,--end-group
Finished building target: PWM_output.elf
 
arm-none-eabi-size  PWM_output.elf 
arm-none-eabi-objdump -h -S PWM_output.elf  > "PWM_output.list"
   text	   data	    bss	    dec	    hex	filename
  43512	     96	   4560	  48168	   bc28	PWM_output.elf
Finished building: default.size.stdout
 
Finished building: PWM_output.list
 
12:40:57 **** Incremental Build of configuration Debug for project PWM_output ****
make -j8 all 
arm-none-eabi-size  PWM_output.elf 
   text	   data	    bss	    dec	    hex	filename
  43512	     96	   4560	  48168	   bc28	PWM_output.elf
Finished building: default.size.stdout
 
12:41:32 **** Cleaning Selected Files of configuration Debug for project PWM_output ****
Info: Internal Builder is used for build
Debug/Core/Src/main.o deleted.
Debug/Core/Src/main.su deleted.
Debug/Core/Src/main.cyclo deleted.
12:42:41 **** Incremental Build of configuration Debug for project PWM_output ****
make -j8 all 
arm-none-eabi-gcc "../Core/Src/main.c" -mcpu=cortex-m4 -std=gnu11 -g3 -DDEBUG -DUSE_HAL_DRIVER -DSTM32G491xx -c -I../Core/Inc -I../Drivers/STM32G4xx_HAL_Driver/Inc -I../Drivers/STM32G4xx_HAL_Driver/Inc/Legacy -I../Drivers/CMSIS/Device/ST/STM32G4xx/Include -I../Drivers/CMSIS/Include -O0 -ffunction-sections -fdata-sections -Wall -fstack-usage -fcyclomatic-complexity -MMD -MP -MF"Core/Src/main.d" -MT"Core/Src/main.o" --specs=nano.specs -mfpu=fpv4-sp-d16 -mfloat-abi=hard -mthumb -o "Core/Src/main.o"
arm-none-eabi-gcc -o "PWM_output.elf" @"objects.list"   -mcpu=cortex-m4 -T"C:\STM32_projekti\STM32G491-FOC_Motor_Control\STM32G491-FOC_Motor_Control\PWM_output\STM32G491RETX_FLASH.ld" --specs=nosys.specs -Wl,-Map="PWM_output.map" -Wl,--gc-sections -static --specs=nano.specs -mfpu=fpv4-sp-d16 -mfloat-abi=hard -mthumb -Wl,--start-group -lc -lm -Wl,--end-group
Finished building target: PWM_output.elf
 
arm-none-eabi-size  PWM_output.elf 
arm-none-eabi-objdump -h -S PWM_output.elf  > "PWM_output.list"
   text	   data	    bss	    dec	    hex	filename
  43512	     96	   4560	  48168	   bc28	PWM_output.elf
Finished building: default.size.stdout
 
Finished building: PWM_output.list
 
12:44:36 **** Incremental Build of configuration Debug for project PWM_output ****
make -j8 all 
arm-none-eabi-gcc "../Core/Src/pwm.c" -mcpu=cortex-m4 -std=gnu11 -g3 -DDEBUG -DUSE_HAL_DRIVER -DSTM32G491xx -c -I../Core/Inc -I../Drivers/STM32G4xx_HAL_Driver/Inc -I../Drivers/STM32G4xx_HAL_Driver/Inc/Legacy -I../Drivers/CMSIS/Device/ST/STM32G4xx/Include -I../Drivers/CMSIS/Include -O0 -ffunction-sections -fdata-sections -Wall -fstack-usage -fcyclomatic-complexity -MMD -MP -MF"Core/Src/pwm.d" -MT"Core/Src/pwm.o" --specs=nano.specs -mfpu=fpv4-sp-d16 -mfloat-abi=hard -mthumb -o "Core/Src/pwm.o"
arm-none-eabi-gcc -o "PWM_output.elf" @"objects.list"   -mcpu=cortex-m4 -T"C:\STM32_projekti\STM32G491-FOC_Motor_Control\STM32G491-FOC_Motor_Control\PWM_output\STM32G491RETX_FLASH.ld" --specs=nosys.specs -Wl,-Map="PWM_output.map" -Wl,--gc-sections -static --specs=nano.specs -mfpu=fpv4-sp-d16 -mfloat-abi=hard -mthumb -Wl,--start-group -lc -lm -Wl,--end-group
Finished building target: PWM_output.elf
 
arm-none-eabi-size  PWM_output.elf 
arm-none-eabi-objdump -h -S PWM_output.elf  > "PWM_output.list"
   text	   data	    bss	    dec	    hex	filename
  43504	     96	   4560	  48160	   bc20	PWM_output.elf
Finished building: default.size.stdout
 
Finished building: PWM_output.list
 
13:02:19 **** Incremental Build of configuration Debug for project PWM_output ****
make -j8 all 
arm-none-eabi-gcc "../Core/Src/pwm.c" -mcpu=cortex-m4 -std=gnu11 -g3 -DDEBUG -DUSE_HAL_DRIVER -DSTM32G491xx -c -I../Core/Inc -I../Drivers/STM32G4xx_HAL_Driver/Inc -I../Drivers/STM32G4xx_HAL_Driver/Inc/Legacy -I../Drivers/CMSIS/Device/ST/STM32G4xx/Include -I../Drivers/CMSIS/Include -O0 -ffunction-sections -fdata-sections -Wall -fstack-usage -fcyclomatic-complexity -MMD -MP -MF"Core/Src/pwm.d" -MT"Core/Src/pwm.o" --specs=nano.specs -mfpu=fpv4-sp-d16 -mfloat-abi=hard -mthumb -o "Core/Src/pwm.o"
arm-none-eabi-gcc -o "PWM_output.elf" @"objects.list"   -mcpu=cortex-m4 -T"C:\STM32_projekti\STM32G491-FOC_Motor_Control\STM32G491-FOC_Motor_Control\PWM_output\STM32G491RETX_FLASH.ld" --specs=nosys.specs -Wl,-Map="PWM_output.map" -Wl,--gc-sections -static --specs=nano.specs -mfpu=fpv4-sp-d16 -mfloat-abi=hard -mthumb -Wl,--start-group -lc -lm -Wl,--end-group
Finished building target: PWM_output.elf
 
arm-none-eabi-size  PWM_output.elf 
arm-none-eabi-objdump -h -S PWM_output.elf  > "PWM_output.list"
   text	   data	    bss	    dec	    hex	filename
  43512	     96	   4560	  48168	   bc28	PWM_output.elf
Finished building: default.size.stdout
 
Finished building: PWM_output.list
 
13:07:19 **** Incremental Build of configuration Debug for project PWM_output ****
make -j8 all 
arm-none-eabi-gcc "../Core/Src/main.c" -mcpu=cortex-m4 -std=gnu11 -g3 -DDEBUG -DUSE_HAL_DRIVER -DSTM32G491xx -c -I../Core/Inc -I../Drivers/STM32G4xx_HAL_Driver/Inc -I../Drivers/STM32G4xx_HAL_Driver/Inc/Legacy -I../Drivers/CMSIS/Device/ST/STM32G4xx/Include -I../Drivers/CMSIS/Include -O0 -ffunction-sections -fdata-sections -Wall -fstack-usage -fcyclomatic-complexity -MMD -MP -MF"Core/Src/main.d" -MT"Core/Src/main.o" --specs=nano.specs -mfpu=fpv4-sp-d16 -mfloat-abi=hard -mthumb -o "Core/Src/main.o"
arm-none-eabi-gcc -o "PWM_output.elf" @"objects.list"   -mcpu=cortex-m4 -T"C:\STM32_projekti\STM32G491-FOC_Motor_Control\STM32G491-FOC_Motor_Control\PWM_output\STM32G491RETX_FLASH.ld" --specs=nosys.specs -Wl,-Map="PWM_output.map" -Wl,--gc-sections -static --specs=nano.specs -mfpu=fpv4-sp-d16 -mfloat-abi=hard -mthumb -Wl,--start-group -lc -lm -Wl,--end-group
Finished building target: PWM_output.elf
 
arm-none-eabi-size  PWM_output.elf 
arm-none-eabi-objdump -h -S PWM_output.elf  > "PWM_output.list"
   text	   data	    bss	    dec	    hex	filename
  43512	     96	   4560	  48168	   bc28	PWM_output.elf
Finished building: default.size.stdout
 
Finished building: PWM_output.list
 
13:08:13 **** Incremental Build of configuration Debug for project PWM_output ****
make -j8 all 
arm-none-eabi-gcc "../Core/Src/main.c" -mcpu=cortex-m4 -std=gnu11 -g3 -DDEBUG -DUSE_HAL_DRIVER -DSTM32G491xx -c -I../Core/Inc -I../Drivers/STM32G4xx_HAL_Driver/Inc -I../Drivers/STM32G4xx_HAL_Driver/Inc/Legacy -I../Drivers/CMSIS/Device/ST/STM32G4xx/Include -I../Drivers/CMSIS/Include -O0 -ffunction-sections -fdata-sections -Wall -fstack-usage -fcyclomatic-complexity -MMD -MP -MF"Core/Src/main.d" -MT"Core/Src/main.o" --specs=nano.specs -mfpu=fpv4-sp-d16 -mfloat-abi=hard -mthumb -o "Core/Src/main.o"
arm-none-eabi-gcc -o "PWM_output.elf" @"objects.list"   -mcpu=cortex-m4 -T"C:\STM32_projekti\STM32G491-FOC_Motor_Control\STM32G491-FOC_Motor_Control\PWM_output\STM32G491RETX_FLASH.ld" --specs=nosys.specs -Wl,-Map="PWM_output.map" -Wl,--gc-sections -static --specs=nano.specs -mfpu=fpv4-sp-d16 -mfloat-abi=hard -mthumb -Wl,--start-group -lc -lm -Wl,--end-group
Finished building target: PWM_output.elf
 
arm-none-eabi-size  PWM_output.elf 
arm-none-eabi-objdump -h -S PWM_output.elf  > "PWM_output.list"
   text	   data	    bss	    dec	    hex	filename
  43512	     96	   4560	  48168	   bc28	PWM_output.elf
Finished building: default.size.stdout
 
Finished building: PWM_output.list
 
13:09:32 **** Incremental Build of configuration Debug for project PWM_output ****
make -j8 all 
arm-none-eabi-gcc "../Core/Src/main.c" -mcpu=cortex-m4 -std=gnu11 -g3 -DDEBUG -DUSE_HAL_DRIVER -DSTM32G491xx -c -I../Core/Inc -I../Drivers/STM32G4xx_HAL_Driver/Inc -I../Drivers/STM32G4xx_HAL_Driver/Inc/Legacy -I../Drivers/CMSIS/Device/ST/STM32G4xx/Include -I../Drivers/CMSIS/Include -O0 -ffunction-sections -fdata-sections -Wall -fstack-usage -fcyclomatic-complexity -MMD -MP -MF"Core/Src/main.d" -MT"Core/Src/main.o" --specs=nano.specs -mfpu=fpv4-sp-d16 -mfloat-abi=hard -mthumb -o "Core/Src/main.o"
arm-none-eabi-gcc -o "PWM_output.elf" @"objects.list"   -mcpu=cortex-m4 -T"C:\STM32_projekti\STM32G491-FOC_Motor_Control\STM32G491-FOC_Motor_Control\PWM_output\STM32G491RETX_FLASH.ld" --specs=nosys.specs -Wl,-Map="PWM_output.map" -Wl,--gc-sections -static --specs=nano.specs -mfpu=fpv4-sp-d16 -mfloat-abi=hard -mthumb -Wl,--start-group -lc -lm -Wl,--end-group
Finished building target: PWM_output.elf
 
arm-none-eabi-size  PWM_output.elf 
arm-none-eabi-objdump -h -S PWM_output.elf  > "PWM_output.list"
   text	   data	    bss	    dec	    hex	filename
  43512	     96	   4560	  48168	   bc28	PWM_output.elf
Finished building: default.size.stdout
 
Finished building: PWM_output.list
 
13:10:56 **** Incremental Build of configuration Debug for project PWM_output ****
make -j8 all 
arm-none-eabi-gcc "../Core/Src/pwm.c" -mcpu=cortex-m4 -std=gnu11 -g3 -DDEBUG -DUSE_HAL_DRIVER -DSTM32G491xx -c -I../Core/Inc -I../Drivers/STM32G4xx_HAL_Driver/Inc -I../Drivers/STM32G4xx_HAL_Driver/Inc/Legacy -I../Drivers/CMSIS/Device/ST/STM32G4xx/Include -I../Drivers/CMSIS/Include -O0 -ffunction-sections -fdata-sections -Wall -fstack-usage -fcyclomatic-complexity -MMD -MP -MF"Core/Src/pwm.d" -MT"Core/Src/pwm.o" --specs=nano.specs -mfpu=fpv4-sp-d16 -mfloat-abi=hard -mthumb -o "Core/Src/pwm.o"
arm-none-eabi-gcc -o "PWM_output.elf" @"objects.list"   -mcpu=cortex-m4 -T"C:\STM32_projekti\STM32G491-FOC_Motor_Control\STM32G491-FOC_Motor_Control\PWM_output\STM32G491RETX_FLASH.ld" --specs=nosys.specs -Wl,-Map="PWM_output.map" -Wl,--gc-sections -static --specs=nano.specs -mfpu=fpv4-sp-d16 -mfloat-abi=hard -mthumb -Wl,--start-group -lc -lm -Wl,--end-group
Finished building target: PWM_output.elf
 
arm-none-eabi-size  PWM_output.elf 
arm-none-eabi-objdump -h -S PWM_output.elf  > "PWM_output.list"
   text	   data	    bss	    dec	    hex	filename
  43504	     96	   4560	  48160	   bc20	PWM_output.elf
Finished building: default.size.stdout
 
Finished building: PWM_output.list
 
13:33:32 **** Incremental Build of configuration Debug for project PWM_output ****
make -j8 all 
arm-none-eabi-gcc "../Core/Src/main.c" -mcpu=cortex-m4 -std=gnu11 -g3 -DDEBUG -DUSE_HAL_DRIVER -DSTM32G491xx -c -I../Core/Inc -I../Drivers/STM32G4xx_HAL_Driver/Inc -I../Drivers/STM32G4xx_HAL_Driver/Inc/Legacy -I../Drivers/CMSIS/Device/ST/STM32G4xx/Include -I../Drivers/CMSIS/Include -O0 -ffunction-sections -fdata-sections -Wall -fstack-usage -fcyclomatic-complexity -MMD -MP -MF"Core/Src/main.d" -MT"Core/Src/main.o" --specs=nano.specs -mfpu=fpv4-sp-d16 -mfloat-abi=hard -mthumb -o "Core/Src/main.o"
arm-none-eabi-gcc "../Core/Src/pwm.c" -mcpu=cortex-m4 -std=gnu11 -g3 -DDEBUG -DUSE_HAL_DRIVER -DSTM32G491xx -c -I../Core/Inc -I../Drivers/STM32G4xx_HAL_Driver/Inc -I../Drivers/STM32G4xx_HAL_Driver/Inc/Legacy -I../Drivers/CMSIS/Device/ST/STM32G4xx/Include -I../Drivers/CMSIS/Include -O0 -ffunction-sections -fdata-sections -Wall -fstack-usage -fcyclomatic-complexity -MMD -MP -MF"Core/Src/pwm.d" -MT"Core/Src/pwm.o" --specs=nano.specs -mfpu=fpv4-sp-d16 -mfloat-abi=hard -mthumb -o "Core/Src/pwm.o"
arm-none-eabi-gcc "../Core/Src/sin_lut.c" -mcpu=cortex-m4 -std=gnu11 -g3 -DDEBUG -DUSE_HAL_DRIVER -DSTM32G491xx -c -I../Core/Inc -I../Drivers/STM32G4xx_HAL_Driver/Inc -I../Drivers/STM32G4xx_HAL_Driver/Inc/Legacy -I../Drivers/CMSIS/Device/ST/STM32G4xx/Include -I../Drivers/CMSIS/Include -O0 -ffunction-sections -fdata-sections -Wall -fstack-usage -fcyclomatic-complexity -MMD -MP -MF"Core/Src/sin_lut.d" -MT"Core/Src/sin_lut.o" --specs=nano.specs -mfpu=fpv4-sp-d16 -mfloat-abi=hard -mthumb -o "Core/Src/sin_lut.o"
arm-none-eabi-gcc -o "PWM_output.elf" @"objects.list"   -mcpu=cortex-m4 -T"C:\STM32_projekti\STM32G491-FOC_Motor_Control\STM32G491-FOC_Motor_Control\PWM_output\STM32G491RETX_FLASH.ld" --specs=nosys.specs -Wl,-Map="PWM_output.map" -Wl,--gc-sections -static --specs=nano.specs -mfpu=fpv4-sp-d16 -mfloat-abi=hard -mthumb -Wl,--start-group -lc -lm -Wl,--end-group
Finished building target: PWM_output.elf
 
arm-none-eabi-size  PWM_output.elf 
arm-none-eabi-objdump -h -S PWM_output.elf  > "PWM_output.list"
   text	   data	    bss	    dec	    hex	filename
  43504	     96	   3024	  46624	   b620	PWM_output.elf
Finished building: default.size.stdout
 
Finished building: PWM_output.list
 
13:52:33 **** Incremental Build of configuration Debug for project PWM_output ****
make -j8 all 
arm-none-eabi-gcc "../Core/Src/main.c" -mcpu=cortex-m4 -std=gnu11 -g3 -DDEBUG -DUSE_HAL_DRIVER -DSTM32G491xx -c -I../Core/Inc -I../Drivers/STM32G4xx_HAL_Driver/Inc -I../Drivers/STM32G4xx_HAL_Driver/Inc/Legacy -I../Drivers/CMSIS/Device/ST/STM32G4xx/Include -I../Drivers/CMSIS/Include -O0 -ffunction-sections -fdata-sections -Wall -fstack-usage -fcyclomatic-complexity -MMD -MP -MF"Core/Src/main.d" -MT"Core/Src/main.o" --specs=nano.specs -mfpu=fpv4-sp-d16 -mfloat-abi=hard -mthumb -o "Core/Src/main.o"
arm-none-eabi-gcc -o "PWM_output.elf" @"objects.list"   -mcpu=cortex-m4 -T"C:\STM32_projekti\STM32G491-FOC_Motor_Control\STM32G491-FOC_Motor_Control\PWM_output\STM32G491RETX_FLASH.ld" --specs=nosys.specs -Wl,-Map="PWM_output.map" -Wl,--gc-sections -static --specs=nano.specs -mfpu=fpv4-sp-d16 -mfloat-abi=hard -mthumb -Wl,--start-group -lc -lm -Wl,--end-group
Finished building target: PWM_output.elf
 
arm-none-eabi-size  PWM_output.elf 
arm-none-eabi-objdump -h -S PWM_output.elf  > "PWM_output.list"
   text	   data	    bss	    dec	    hex	filename
  43504	     96	   3024	  46624	   b620	PWM_output.elf
Finished building: default.size.stdout
 
Finished building: PWM_output.list
 
13:54:55 **** Incremental Build of configuration Debug for project PWM_output ****
make -j8 all 
arm-none-eabi-gcc "../Core/Src/main.c" -mcpu=cortex-m4 -std=gnu11 -g3 -DDEBUG -DUSE_HAL_DRIVER -DSTM32G491xx -c -I../Core/Inc -I../Drivers/STM32G4xx_HAL_Driver/Inc -I../Drivers/STM32G4xx_HAL_Driver/Inc/Legacy -I../Drivers/CMSIS/Device/ST/STM32G4xx/Include -I../Drivers/CMSIS/Include -O0 -ffunction-sections -fdata-sections -Wall -fstack-usage -fcyclomatic-complexity -MMD -MP -MF"Core/Src/main.d" -MT"Core/Src/main.o" --specs=nano.specs -mfpu=fpv4-sp-d16 -mfloat-abi=hard -mthumb -o "Core/Src/main.o"
arm-none-eabi-gcc "../Core/Src/pwm.c" -mcpu=cortex-m4 -std=gnu11 -g3 -DDEBUG -DUSE_HAL_DRIVER -DSTM32G491xx -c -I../Core/Inc -I../Drivers/STM32G4xx_HAL_Driver/Inc -I../Drivers/STM32G4xx_HAL_Driver/Inc/Legacy -I../Drivers/CMSIS/Device/ST/STM32G4xx/Include -I../Drivers/CMSIS/Include -O0 -ffunction-sections -fdata-sections -Wall -fstack-usage -fcyclomatic-complexity -MMD -MP -MF"Core/Src/pwm.d" -MT"Core/Src/pwm.o" --specs=nano.specs -mfpu=fpv4-sp-d16 -mfloat-abi=hard -mthumb -o "Core/Src/pwm.o"
arm-none-eabi-gcc "../Core/Src/sin_lut.c" -mcpu=cortex-m4 -std=gnu11 -g3 -DDEBUG -DUSE_HAL_DRIVER -DSTM32G491xx -c -I../Core/Inc -I../Drivers/STM32G4xx_HAL_Driver/Inc -I../Drivers/STM32G4xx_HAL_Driver/Inc/Legacy -I../Drivers/CMSIS/Device/ST/STM32G4xx/Include -I../Drivers/CMSIS/Include -O0 -ffunction-sections -fdata-sections -Wall -fstack-usage -fcyclomatic-complexity -MMD -MP -MF"Core/Src/sin_lut.d" -MT"Core/Src/sin_lut.o" --specs=nano.specs -mfpu=fpv4-sp-d16 -mfloat-abi=hard -mthumb -o "Core/Src/sin_lut.o"
arm-none-eabi-gcc -o "PWM_output.elf" @"objects.list"   -mcpu=cortex-m4 -T"C:\STM32_projekti\STM32G491-FOC_Motor_Control\STM32G491-FOC_Motor_Control\PWM_output\STM32G491RETX_FLASH.ld" --specs=nosys.specs -Wl,-Map="PWM_output.map" -Wl,--gc-sections -static --specs=nano.specs -mfpu=fpv4-sp-d16 -mfloat-abi=hard -mthumb -Wl,--start-group -lc -lm -Wl,--end-group
Finished building target: PWM_output.elf
 
arm-none-eabi-size  PWM_output.elf 
arm-none-eabi-objdump -h -S PWM_output.elf  > "PWM_output.list"
   text	   data	    bss	    dec	    hex	filename
  43504	     96	   4560	  48160	   bc20	PWM_output.elf
Finished building: default.size.stdout
 
Finished building: PWM_output.list
 
13:55:38 **** Incremental Build of configuration Debug for project PWM_output ****
make -j8 all 
arm-none-eabi-gcc "../Core/Src/pwm.c" -mcpu=cortex-m4 -std=gnu11 -g3 -DDEBUG -DUSE_HAL_DRIVER -DSTM32G491xx -c -I../Core/Inc -I../Drivers/STM32G4xx_HAL_Driver/Inc -I../Drivers/STM32G4xx_HAL_Driver/Inc/Legacy -I../Drivers/CMSIS/Device/ST/STM32G4xx/Include -I../Drivers/CMSIS/Include -O0 -ffunction-sections -fdata-sections -Wall -fstack-usage -fcyclomatic-complexity -MMD -MP -MF"Core/Src/pwm.d" -MT"Core/Src/pwm.o" --specs=nano.specs -mfpu=fpv4-sp-d16 -mfloat-abi=hard -mthumb -o "Core/Src/pwm.o"
arm-none-eabi-gcc -o "PWM_output.elf" @"objects.list"   -mcpu=cortex-m4 -T"C:\STM32_projekti\STM32G491-FOC_Motor_Control\STM32G491-FOC_Motor_Control\PWM_output\STM32G491RETX_FLASH.ld" --specs=nosys.specs -Wl,-Map="PWM_output.map" -Wl,--gc-sections -static --specs=nano.specs -mfpu=fpv4-sp-d16 -mfloat-abi=hard -mthumb -Wl,--start-group -lc -lm -Wl,--end-group
Finished building target: PWM_output.elf
 
arm-none-eabi-size  PWM_output.elf 
arm-none-eabi-objdump -h -S PWM_output.elf  > "PWM_output.list"
   text	   data	    bss	    dec	    hex	filename
  43512	     96	   4560	  48168	   bc28	PWM_output.elf
Finished building: default.size.stdout
 
Finished building: PWM_output.list
 
14:03:57 **** Incremental Build of configuration Debug for project PWM_output ****
make -j8 all 
arm-none-eabi-gcc "../Core/Src/main.c" -mcpu=cortex-m4 -std=gnu11 -g3 -DDEBUG -DUSE_HAL_DRIVER -DSTM32G491xx -c -I../Core/Inc -I../Drivers/STM32G4xx_HAL_Driver/Inc -I../Drivers/STM32G4xx_HAL_Driver/Inc/Legacy -I../Drivers/CMSIS/Device/ST/STM32G4xx/Include -I../Drivers/CMSIS/Include -O0 -ffunction-sections -fdata-sections -Wall -fstack-usage -fcyclomatic-complexity -MMD -MP -MF"Core/Src/main.d" -MT"Core/Src/main.o" --specs=nano.specs -mfpu=fpv4-sp-d16 -mfloat-abi=hard -mthumb -o "Core/Src/main.o"
arm-none-eabi-gcc "../Core/Src/pwm.c" -mcpu=cortex-m4 -std=gnu11 -g3 -DDEBUG -DUSE_HAL_DRIVER -DSTM32G491xx -c -I../Core/Inc -I../Drivers/STM32G4xx_HAL_Driver/Inc -I../Drivers/STM32G4xx_HAL_Driver/Inc/Legacy -I../Drivers/CMSIS/Device/ST/STM32G4xx/Include -I../Drivers/CMSIS/Include -O0 -ffunction-sections -fdata-sections -Wall -fstack-usage -fcyclomatic-complexity -MMD -MP -MF"Core/Src/pwm.d" -MT"Core/Src/pwm.o" --specs=nano.specs -mfpu=fpv4-sp-d16 -mfloat-abi=hard -mthumb -o "Core/Src/pwm.o"
arm-none-eabi-gcc "../Core/Src/sin_lut.c" -mcpu=cortex-m4 -std=gnu11 -g3 -DDEBUG -DUSE_HAL_DRIVER -DSTM32G491xx -c -I../Core/Inc -I../Drivers/STM32G4xx_HAL_Driver/Inc -I../Drivers/STM32G4xx_HAL_Driver/Inc/Legacy -I../Drivers/CMSIS/Device/ST/STM32G4xx/Include -I../Drivers/CMSIS/Include -O0 -ffunction-sections -fdata-sections -Wall -fstack-usage -fcyclomatic-complexity -MMD -MP -MF"Core/Src/sin_lut.d" -MT"Core/Src/sin_lut.o" --specs=nano.specs -mfpu=fpv4-sp-d16 -mfloat-abi=hard -mthumb -o "Core/Src/sin_lut.o"
arm-none-eabi-gcc -o "PWM_output.elf" @"objects.list"   -mcpu=cortex-m4 -T"C:\STM32_projekti\STM32G491-FOC_Motor_Control\STM32G491-FOC_Motor_Control\PWM_output\STM32G491RETX_FLASH.ld" --specs=nosys.specs -Wl,-Map="PWM_output.map" -Wl,--gc-sections -static --specs=nano.specs -mfpu=fpv4-sp-d16 -mfloat-abi=hard -mthumb -Wl,--start-group -lc -lm -Wl,--end-group
Finished building target: PWM_output.elf
 
arm-none-eabi-size  PWM_output.elf 
arm-none-eabi-objdump -h -S PWM_output.elf  > "PWM_output.list"
   text	   data	    bss	    dec	    hex	filename
  43504	     96	   3536	  47136	   b820	PWM_output.elf
Finished building: default.size.stdout
 
Finished building: PWM_output.list
 
14:13:16 **** Incremental Build of configuration Debug for project PWM_output ****
make -j8 all 
arm-none-eabi-gcc "../Core/Src/pwm.c" -mcpu=cortex-m4 -std=gnu11 -g3 -DDEBUG -DUSE_HAL_DRIVER -DSTM32G491xx -c -I../Core/Inc -I../Drivers/STM32G4xx_HAL_Driver/Inc -I../Drivers/STM32G4xx_HAL_Driver/Inc/Legacy -I../Drivers/CMSIS/Device/ST/STM32G4xx/Include -I../Drivers/CMSIS/Include -O0 -ffunction-sections -fdata-sections -Wall -fstack-usage -fcyclomatic-complexity -MMD -MP -MF"Core/Src/pwm.d" -MT"Core/Src/pwm.o" --specs=nano.specs -mfpu=fpv4-sp-d16 -mfloat-abi=hard -mthumb -o "Core/Src/pwm.o"
arm-none-eabi-gcc "../Core/Src/sin_lut.c" -mcpu=cortex-m4 -std=gnu11 -g3 -DDEBUG -DUSE_HAL_DRIVER -DSTM32G491xx -c -I../Core/Inc -I../Drivers/STM32G4xx_HAL_Driver/Inc -I../Drivers/STM32G4xx_HAL_Driver/Inc/Legacy -I../Drivers/CMSIS/Device/ST/STM32G4xx/Include -I../Drivers/CMSIS/Include -O0 -ffunction-sections -fdata-sections -Wall -fstack-usage -fcyclomatic-complexity -MMD -MP -MF"Core/Src/sin_lut.d" -MT"Core/Src/sin_lut.o" --specs=nano.specs -mfpu=fpv4-sp-d16 -mfloat-abi=hard -mthumb -o "Core/Src/sin_lut.o"
arm-none-eabi-gcc -o "PWM_output.elf" @"objects.list"   -mcpu=cortex-m4 -T"C:\STM32_projekti\STM32G491-FOC_Motor_Control\STM32G491-FOC_Motor_Control\PWM_output\STM32G491RETX_FLASH.ld" --specs=nosys.specs -Wl,-Map="PWM_output.map" -Wl,--gc-sections -static --specs=nano.specs -mfpu=fpv4-sp-d16 -mfloat-abi=hard -mthumb -Wl,--start-group -lc -lm -Wl,--end-group
Finished building target: PWM_output.elf
 
arm-none-eabi-size  PWM_output.elf 
arm-none-eabi-objdump -h -S PWM_output.elf  > "PWM_output.list"
   text	   data	    bss	    dec	    hex	filename
  43672	     96	   3536	  47304	   b8c8	PWM_output.elf
Finished building: default.size.stdout
 
Finished building: PWM_output.list
 
14:13:58 **** Incremental Build of configuration Debug for project PWM_output ****
make -j8 all 
arm-none-eabi-size  PWM_output.elf 
   text	   data	    bss	    dec	    hex	filename
  43672	     96	   3536	  47304	   b8c8	PWM_output.elf
Finished building: default.size.stdout
 
14:28:22 **** Incremental Build of configuration Debug for project PWM_output ****
make -j8 all 
arm-none-eabi-size  PWM_output.elf 
   text	   data	    bss	    dec	    hex	filename
  43672	     96	   3536	  47304	   b8c8	PWM_output.elf
Finished building: default.size.stdout
 
14:38:11 **** Incremental Build of configuration Debug for project PWM_output ****
make -j8 all 
arm-none-eabi-gcc "../Core/Src/pwm.c" -mcpu=cortex-m4 -std=gnu11 -g3 -DDEBUG -DUSE_HAL_DRIVER -DSTM32G491xx -c -I../Core/Inc -I../Drivers/STM32G4xx_HAL_Driver/Inc -I../Drivers/STM32G4xx_HAL_Driver/Inc/Legacy -I../Drivers/CMSIS/Device/ST/STM32G4xx/Include -I../Drivers/CMSIS/Include -O0 -ffunction-sections -fdata-sections -Wall -fstack-usage -fcyclomatic-complexity -MMD -MP -MF"Core/Src/pwm.d" -MT"Core/Src/pwm.o" --specs=nano.specs -mfpu=fpv4-sp-d16 -mfloat-abi=hard -mthumb -o "Core/Src/pwm.o"
arm-none-eabi-gcc -o "PWM_output.elf" @"objects.list"   -mcpu=cortex-m4 -T"C:\STM32_projekti\STM32G491-FOC_Motor_Control\STM32G491-FOC_Motor_Control\PWM_output\STM32G491RETX_FLASH.ld" --specs=nosys.specs -Wl,-Map="PWM_output.map" -Wl,--gc-sections -static --specs=nano.specs -mfpu=fpv4-sp-d16 -mfloat-abi=hard -mthumb -Wl,--start-group -lc -lm -Wl,--end-group
Finished building target: PWM_output.elf
 
arm-none-eabi-size  PWM_output.elf 
arm-none-eabi-objdump -h -S PWM_output.elf  > "PWM_output.list"
   text	   data	    bss	    dec	    hex	filename
  43584	     96	   3536	  47216	   b870	PWM_output.elf
Finished building: default.size.stdout
 
Finished building: PWM_output.list
 
14:40:57 **** Incremental Build of configuration Debug for project PWM_output ****
make -j8 all 
arm-none-eabi-gcc "../Core/Src/pwm.c" -mcpu=cortex-m4 -std=gnu11 -g3 -DDEBUG -DUSE_HAL_DRIVER -DSTM32G491xx -c -I../Core/Inc -I../Drivers/STM32G4xx_HAL_Driver/Inc -I../Drivers/STM32G4xx_HAL_Driver/Inc/Legacy -I../Drivers/CMSIS/Device/ST/STM32G4xx/Include -I../Drivers/CMSIS/Include -O0 -ffunction-sections -fdata-sections -Wall -fstack-usage -fcyclomatic-complexity -MMD -MP -MF"Core/Src/pwm.d" -MT"Core/Src/pwm.o" --specs=nano.specs -mfpu=fpv4-sp-d16 -mfloat-abi=hard -mthumb -o "Core/Src/pwm.o"
arm-none-eabi-gcc -o "PWM_output.elf" @"objects.list"   -mcpu=cortex-m4 -T"C:\STM32_projekti\STM32G491-FOC_Motor_Control\STM32G491-FOC_Motor_Control\PWM_output\STM32G491RETX_FLASH.ld" --specs=nosys.specs -Wl,-Map="PWM_output.map" -Wl,--gc-sections -static --specs=nano.specs -mfpu=fpv4-sp-d16 -mfloat-abi=hard -mthumb -Wl,--start-group -lc -lm -Wl,--end-group
Finished building target: PWM_output.elf
 
arm-none-eabi-size  PWM_output.elf 
arm-none-eabi-objdump -h -S PWM_output.elf  > "PWM_output.list"
   text	   data	    bss	    dec	    hex	filename
  43672	     96	   3536	  47304	   b8c8	PWM_output.elf
Finished building: default.size.stdout
 
Finished building: PWM_output.list
 
14:44:57 **** Incremental Build of configuration Debug for project PWM_output ****
make -j8 all 
arm-none-eabi-gcc "../Core/Src/pwm.c" -mcpu=cortex-m4 -std=gnu11 -g3 -DDEBUG -DUSE_HAL_DRIVER -DSTM32G491xx -c -I../Core/Inc -I../Drivers/STM32G4xx_HAL_Driver/Inc -I../Drivers/STM32G4xx_HAL_Driver/Inc/Legacy -I../Drivers/CMSIS/Device/ST/STM32G4xx/Include -I../Drivers/CMSIS/Include -O0 -ffunction-sections -fdata-sections -Wall -fstack-usage -fcyclomatic-complexity -MMD -MP -MF"Core/Src/pwm.d" -MT"Core/Src/pwm.o" --specs=nano.specs -mfpu=fpv4-sp-d16 -mfloat-abi=hard -mthumb -o "Core/Src/pwm.o"
arm-none-eabi-gcc -o "PWM_output.elf" @"objects.list"   -mcpu=cortex-m4 -T"C:\STM32_projekti\STM32G491-FOC_Motor_Control\STM32G491-FOC_Motor_Control\PWM_output\STM32G491RETX_FLASH.ld" --specs=nosys.specs -Wl,-Map="PWM_output.map" -Wl,--gc-sections -static --specs=nano.specs -mfpu=fpv4-sp-d16 -mfloat-abi=hard -mthumb -Wl,--start-group -lc -lm -Wl,--end-group
Finished building target: PWM_output.elf
 
arm-none-eabi-size  PWM_output.elf 
arm-none-eabi-objdump -h -S PWM_output.elf  > "PWM_output.list"
   text	   data	    bss	    dec	    hex	filename
  43672	     96	   3536	  47304	   b8c8	PWM_output.elf
Finished building: default.size.stdout
 
Finished building: PWM_output.list
 
20:06:19 **** Build of configuration Debug for project PWM_output ****
make -j8 all 
arm-none-eabi-gcc "../Core/Src/main.c" -mcpu=cortex-m4 -std=gnu11 -g3 -DDEBUG -DUSE_HAL_DRIVER -DSTM32G491xx -c -I../Core/Inc -I../Drivers/STM32G4xx_HAL_Driver/Inc -I../Drivers/STM32G4xx_HAL_Driver/Inc/Legacy -I../Drivers/CMSIS/Device/ST/STM32G4xx/Include -I../Drivers/CMSIS/Include -O0 -ffunction-sections -fdata-sections -Wall -fstack-usage -fcyclomatic-complexity -MMD -MP -MF"Core/Src/main.d" -MT"Core/Src/main.o" --specs=nano.specs -mfpu=fpv4-sp-d16 -mfloat-abi=hard -mthumb -o "Core/Src/main.o"
arm-none-eabi-gcc "../Core/Src/pwm.c" -mcpu=cortex-m4 -std=gnu11 -g3 -DDEBUG -DUSE_HAL_DRIVER -DSTM32G491xx -c -I../Core/Inc -I../Drivers/STM32G4xx_HAL_Driver/Inc -I../Drivers/STM32G4xx_HAL_Driver/Inc/Legacy -I../Drivers/CMSIS/Device/ST/STM32G4xx/Include -I../Drivers/CMSIS/Include -O0 -ffunction-sections -fdata-sections -Wall -fstack-usage -fcyclomatic-complexity -MMD -MP -MF"Core/Src/pwm.d" -MT"Core/Src/pwm.o" --specs=nano.specs -mfpu=fpv4-sp-d16 -mfloat-abi=hard -mthumb -o "Core/Src/pwm.o"
arm-none-eabi-gcc "../Core/Src/sin_lut.c" -mcpu=cortex-m4 -std=gnu11 -g3 -DDEBUG -DUSE_HAL_DRIVER -DSTM32G491xx -c -I../Core/Inc -I../Drivers/STM32G4xx_HAL_Driver/Inc -I../Drivers/STM32G4xx_HAL_Driver/Inc/Legacy -I../Drivers/CMSIS/Device/ST/STM32G4xx/Include -I../Drivers/CMSIS/Include -O0 -ffunction-sections -fdata-sections -Wall -fstack-usage -fcyclomatic-complexity -MMD -MP -MF"Core/Src/sin_lut.d" -MT"Core/Src/sin_lut.o" --specs=nano.specs -mfpu=fpv4-sp-d16 -mfloat-abi=hard -mthumb -o "Core/Src/sin_lut.o"
arm-none-eabi-gcc -o "PWM_output.elf" @"objects.list"   -mcpu=cortex-m4 -T"C:\STM32_projekti\STM32G491-FOC_Motor_Control\STM32G491-FOC_Motor_Control\PWM_output\STM32G491RETX_FLASH.ld" --specs=nosys.specs -Wl,-Map="PWM_output.map" -Wl,--gc-sections -static --specs=nano.specs -mfpu=fpv4-sp-d16 -mfloat-abi=hard -mthumb -Wl,--start-group -lc -lm -Wl,--end-group
Finished building target: PWM_output.elf
 
arm-none-eabi-size  PWM_output.elf 
arm-none-eabi-objdump -h -S PWM_output.elf  > "PWM_output.list"
   text	   data	    bss	    dec	    hex	filename
  43704	     96	   3712	  47512	   b998	PWM_output.elf
Finished building: default.size.stdout
 
Finished building: PWM_output.list
 
20:22:25 **** Incremental Build of configuration Debug for project PWM_output ****
make -j8 all 
arm-none-eabi-gcc "../Core/Src/control.c" -mcpu=cortex-m4 -std=gnu11 -g3 -DDEBUG -DUSE_HAL_DRIVER -DSTM32G491xx -c -I../Core/Inc -I../Drivers/STM32G4xx_HAL_Driver/Inc -I../Drivers/STM32G4xx_HAL_Driver/Inc/Legacy -I../Drivers/CMSIS/Device/ST/STM32G4xx/Include -I../Drivers/CMSIS/Include -O0 -ffunction-sections -fdata-sections -Wall -fstack-usage -fcyclomatic-complexity -MMD -MP -MF"Core/Src/control.d" -MT"Core/Src/control.o" --specs=nano.specs -mfpu=fpv4-sp-d16 -mfloat-abi=hard -mthumb -o "Core/Src/control.o"
arm-none-eabi-gcc "../Core/Src/main.c" -mcpu=cortex-m4 -std=gnu11 -g3 -DDEBUG -DUSE_HAL_DRIVER -DSTM32G491xx -c -I../Core/Inc -I../Drivers/STM32G4xx_HAL_Driver/Inc -I../Drivers/STM32G4xx_HAL_Driver/Inc/Legacy -I../Drivers/CMSIS/Device/ST/STM32G4xx/Include -I../Drivers/CMSIS/Include -O0 -ffunction-sections -fdata-sections -Wall -fstack-usage -fcyclomatic-complexity -MMD -MP -MF"Core/Src/main.d" -MT"Core/Src/main.o" --specs=nano.specs -mfpu=fpv4-sp-d16 -mfloat-abi=hard -mthumb -o "Core/Src/main.o"
arm-none-eabi-gcc -o "PWM_output.elf" @"objects.list"   -mcpu=cortex-m4 -T"C:\STM32_projekti\STM32G491-FOC_Motor_Control\STM32G491-FOC_Motor_Control\PWM_output\STM32G491RETX_FLASH.ld" --specs=nosys.specs -Wl,-Map="PWM_output.map" -Wl,--gc-sections -static --specs=nano.specs -mfpu=fpv4-sp-d16 -mfloat-abi=hard -mthumb -Wl,--start-group -lc -lm -Wl,--end-group
Finished building target: PWM_output.elf
 
arm-none-eabi-size  PWM_output.elf 
arm-none-eabi-objdump -h -S PWM_output.elf  > "PWM_output.list"
   text	   data	    bss	    dec	    hex	filename
  43536	     96	   3704	  47336	   b8e8	PWM_output.elf
Finished building: default.size.stdout
 
Finished building: PWM_output.list
 
20:26:55 **** Incremental Build of configuration Debug for project PWM_output ****
make -j8 all 
arm-none-eabi-gcc "../Core/Src/control.c" -mcpu=cortex-m4 -std=gnu11 -g3 -DDEBUG -DUSE_HAL_DRIVER -DSTM32G491xx -c -I../Core/Inc -I../Drivers/STM32G4xx_HAL_Driver/Inc -I../Drivers/STM32G4xx_HAL_Driver/Inc/Legacy -I../Drivers/CMSIS/Device/ST/STM32G4xx/Include -I../Drivers/CMSIS/Include -O0 -ffunction-sections -fdata-sections -Wall -fstack-usage -fcyclomatic-complexity -MMD -MP -MF"Core/Src/control.d" -MT"Core/Src/control.o" --specs=nano.specs -mfpu=fpv4-sp-d16 -mfloat-abi=hard -mthumb -o "Core/Src/control.o"
arm-none-eabi-gcc -o "PWM_output.elf" @"objects.list"   -mcpu=cortex-m4 -T"C:\STM32_projekti\STM32G491-FOC_Motor_Control\STM32G491-FOC_Motor_Control\PWM_output\STM32G491RETX_FLASH.ld" --specs=nosys.specs -Wl,-Map="PWM_output.map" -Wl,--gc-sections -static --specs=nano.specs -mfpu=fpv4-sp-d16 -mfloat-abi=hard -mthumb -Wl,--start-group -lc -lm -Wl,--end-group
Finished building target: PWM_output.elf
 
arm-none-eabi-size  PWM_output.elf 
arm-none-eabi-objdump -h -S PWM_output.elf  > "PWM_output.list"
   text	   data	    bss	    dec	    hex	filename
  43656	     96	   3712	  47464	   b968	PWM_output.elf
Finished building: default.size.stdout
 
Finished building: PWM_output.list
 
20:43:43 **** Incremental Build of configuration Debug for project PWM_output ****
make -j8 all 
arm-none-eabi-gcc "../Core/Src/control.c" -mcpu=cortex-m4 -std=gnu11 -g3 -DDEBUG -DUSE_HAL_DRIVER -DSTM32G491xx -c -I../Core/Inc -I../Drivers/STM32G4xx_HAL_Driver/Inc -I../Drivers/STM32G4xx_HAL_Driver/Inc/Legacy -I../Drivers/CMSIS/Device/ST/STM32G4xx/Include -I../Drivers/CMSIS/Include -O0 -ffunction-sections -fdata-sections -Wall -fstack-usage -fcyclomatic-complexity -MMD -MP -MF"Core/Src/control.d" -MT"Core/Src/control.o" --specs=nano.specs -mfpu=fpv4-sp-d16 -mfloat-abi=hard -mthumb -o "Core/Src/control.o"
arm-none-eabi-gcc "../Core/Src/main.c" -mcpu=cortex-m4 -std=gnu11 -g3 -DDEBUG -DUSE_HAL_DRIVER -DSTM32G491xx -c -I../Core/Inc -I../Drivers/STM32G4xx_HAL_Driver/Inc -I../Drivers/STM32G4xx_HAL_Driver/Inc/Legacy -I../Drivers/CMSIS/Device/ST/STM32G4xx/Include -I../Drivers/CMSIS/Include -O0 -ffunction-sections -fdata-sections -Wall -fstack-usage -fcyclomatic-complexity -MMD -MP -MF"Core/Src/main.d" -MT"Core/Src/main.o" --specs=nano.specs -mfpu=fpv4-sp-d16 -mfloat-abi=hard -mthumb -o "Core/Src/main.o"
../Core/Src/control.c: In function 'HAL_GPIO_EXTI_Callback':
../Core/Src/control.c:76:46: error: 'buf' undeclared (first use in this function); did you mean 'buf3'?
   76 |         HAL_UART_Transmit(s_huart, (uint8_t*)buf, n, HAL_MAX_DELAY);
      |                                              ^~~
      |                                              buf3
../Core/Src/control.c:76:46: note: each undeclared identifier is reported only once for each function it appears in
../Core/Src/control.c:76:51: error: 'n' undeclared (first use in this function); did you mean 'n3'?
   76 |         HAL_UART_Transmit(s_huart, (uint8_t*)buf, n, HAL_MAX_DELAY);
      |                                                   ^
      |                                                   n3
../Core/Src/control.c:75:13: warning: unused variable 'n3' [-Wunused-variable]
   75 |         int n3 = snprintf(buf3, sizeof(buf3), "CH3 ccr = %lu%%\r\n", ccr3_print);
      |             ^~
../Core/Src/control.c:74:13: warning: unused variable 'n2' [-Wunused-variable]
   74 |         int n2 = snprintf(buf2, sizeof(buf2), "CH2 ccr = %lu%%\r\n", ccr2_print);
      |             ^~
../Core/Src/control.c:73:13: warning: unused variable 'n1' [-Wunused-variable]
   73 |         int n1 = snprintf(buf1, sizeof(buf1), "CH1 ccr = %lu%%\r\n", ccr1_print);
      |             ^~
make: *** [Core/Src/subdir.mk:46: Core/Src/control.o] Error 1
make: *** Waiting for unfinished jobs....
"make -j8 all" terminated with exit code 2. Build might be incomplete.
20:44:23 **** Incremental Build of configuration Debug for project PWM_output ****
make -j8 all 
arm-none-eabi-gcc "../Core/Src/control.c" -mcpu=cortex-m4 -std=gnu11 -g3 -DDEBUG -DUSE_HAL_DRIVER -DSTM32G491xx -c -I../Core/Inc -I../Drivers/STM32G4xx_HAL_Driver/Inc -I../Drivers/STM32G4xx_HAL_Driver/Inc/Legacy -I../Drivers/CMSIS/Device/ST/STM32G4xx/Include -I../Drivers/CMSIS/Include -O0 -ffunction-sections -fdata-sections -Wall -fstack-usage -fcyclomatic-complexity -MMD -MP -MF"Core/Src/control.d" -MT"Core/Src/control.o" --specs=nano.specs -mfpu=fpv4-sp-d16 -mfloat-abi=hard -mthumb -o "Core/Src/control.o"
arm-none-eabi-gcc -o "PWM_output.elf" @"objects.list"   -mcpu=cortex-m4 -T"C:\STM32_projekti\STM32G491-FOC_Motor_Control\STM32G491-FOC_Motor_Control\PWM_output\STM32G491RETX_FLASH.ld" --specs=nosys.specs -Wl,-Map="PWM_output.map" -Wl,--gc-sections -static --specs=nano.specs -mfpu=fpv4-sp-d16 -mfloat-abi=hard -mthumb -Wl,--start-group -lc -lm -Wl,--end-group
Finished building target: PWM_output.elf
 
arm-none-eabi-size  PWM_output.elf 
arm-none-eabi-objdump -h -S PWM_output.elf  > "PWM_output.list"
   text	   data	    bss	    dec	    hex	filename
  43808	     96	   3712	  47616	   ba00	PWM_output.elf
Finished building: default.size.stdout
 
Finished building: PWM_output.list
 
20:51:25 **** Incremental Build of configuration Debug for project PWM_output ****
make -j8 all 
arm-none-eabi-gcc "../Core/Src/control.c" -mcpu=cortex-m4 -std=gnu11 -g3 -DDEBUG -DUSE_HAL_DRIVER -DSTM32G491xx -c -I../Core/Inc -I../Drivers/STM32G4xx_HAL_Driver/Inc -I../Drivers/STM32G4xx_HAL_Driver/Inc/Legacy -I../Drivers/CMSIS/Device/ST/STM32G4xx/Include -I../Drivers/CMSIS/Include -O0 -ffunction-sections -fdata-sections -Wall -fstack-usage -fcyclomatic-complexity -MMD -MP -MF"Core/Src/control.d" -MT"Core/Src/control.o" --specs=nano.specs -mfpu=fpv4-sp-d16 -mfloat-abi=hard -mthumb -o "Core/Src/control.o"
../Core/Src/control.c: In function 'HAL_GPIO_EXTI_Callback':
../Core/Src/control.c:66:18: warning: unused variable 'ccr3x' [-Wunused-variable]
   66 |         uint32_t ccr3x = __HAL_TIM_GET_COMPARE(s_htim_pwm, TIM_CHANNEL_3);
      |                  ^~~~~
../Core/Src/control.c:65:18: warning: unused variable 'ccr2x' [-Wunused-variable]
   65 |         uint32_t ccr2x = __HAL_TIM_GET_COMPARE(s_htim_pwm, TIM_CHANNEL_2);
      |                  ^~~~~
arm-none-eabi-gcc -o "PWM_output.elf" @"objects.list"   -mcpu=cortex-m4 -T"C:\STM32_projekti\STM32G491-FOC_Motor_Control\STM32G491-FOC_Motor_Control\PWM_output\STM32G491RETX_FLASH.ld" --specs=nosys.specs -Wl,-Map="PWM_output.map" -Wl,--gc-sections -static --specs=nano.specs -mfpu=fpv4-sp-d16 -mfloat-abi=hard -mthumb -Wl,--start-group -lc -lm -Wl,--end-group
Finished building target: PWM_output.elf
 
arm-none-eabi-size  PWM_output.elf 
arm-none-eabi-objdump -h -S PWM_output.elf  > "PWM_output.list"
   text	   data	    bss	    dec	    hex	filename
  43936	     96	   3712	  47744	   ba80	PWM_output.elf
Finished building: default.size.stdout
 
Finished building: PWM_output.list
 
20:52:07 **** Incremental Build of configuration Debug for project PWM_output ****
make -j8 all 
arm-none-eabi-gcc "../Core/Src/control.c" -mcpu=cortex-m4 -std=gnu11 -g3 -DDEBUG -DUSE_HAL_DRIVER -DSTM32G491xx -c -I../Core/Inc -I../Drivers/STM32G4xx_HAL_Driver/Inc -I../Drivers/STM32G4xx_HAL_Driver/Inc/Legacy -I../Drivers/CMSIS/Device/ST/STM32G4xx/Include -I../Drivers/CMSIS/Include -O0 -ffunction-sections -fdata-sections -Wall -fstack-usage -fcyclomatic-complexity -MMD -MP -MF"Core/Src/control.d" -MT"Core/Src/control.o" --specs=nano.specs -mfpu=fpv4-sp-d16 -mfloat-abi=hard -mthumb -o "Core/Src/control.o"
arm-none-eabi-gcc -o "PWM_output.elf" @"objects.list"   -mcpu=cortex-m4 -T"C:\STM32_projekti\STM32G491-FOC_Motor_Control\STM32G491-FOC_Motor_Control\PWM_output\STM32G491RETX_FLASH.ld" --specs=nosys.specs -Wl,-Map="PWM_output.map" -Wl,--gc-sections -static --specs=nano.specs -mfpu=fpv4-sp-d16 -mfloat-abi=hard -mthumb -Wl,--start-group -lc -lm -Wl,--end-group
Finished building target: PWM_output.elf
 
arm-none-eabi-size  PWM_output.elf 
arm-none-eabi-objdump -h -S PWM_output.elf  > "PWM_output.list"
   text	   data	    bss	    dec	    hex	filename
  43936	     96	   3712	  47744	   ba80	PWM_output.elf
Finished building: default.size.stdout
 
Finished building: PWM_output.list
 
20:53:00 **** Incremental Build of configuration Debug for project PWM_output ****
make -j8 all 
arm-none-eabi-gcc "../Core/Src/control.c" -mcpu=cortex-m4 -std=gnu11 -g3 -DDEBUG -DUSE_HAL_DRIVER -DSTM32G491xx -c -I../Core/Inc -I../Drivers/STM32G4xx_HAL_Driver/Inc -I../Drivers/STM32G4xx_HAL_Driver/Inc/Legacy -I../Drivers/CMSIS/Device/ST/STM32G4xx/Include -I../Drivers/CMSIS/Include -O0 -ffunction-sections -fdata-sections -Wall -fstack-usage -fcyclomatic-complexity -MMD -MP -MF"Core/Src/control.d" -MT"Core/Src/control.o" --specs=nano.specs -mfpu=fpv4-sp-d16 -mfloat-abi=hard -mthumb -o "Core/Src/control.o"
arm-none-eabi-gcc -o "PWM_output.elf" @"objects.list"   -mcpu=cortex-m4 -T"C:\STM32_projekti\STM32G491-FOC_Motor_Control\STM32G491-FOC_Motor_Control\PWM_output\STM32G491RETX_FLASH.ld" --specs=nosys.specs -Wl,-Map="PWM_output.map" -Wl,--gc-sections -static --specs=nano.specs -mfpu=fpv4-sp-d16 -mfloat-abi=hard -mthumb -Wl,--start-group -lc -lm -Wl,--end-group
Finished building target: PWM_output.elf
 
arm-none-eabi-size  PWM_output.elf 
arm-none-eabi-objdump -h -S PWM_output.elf  > "PWM_output.list"
   text	   data	    bss	    dec	    hex	filename
  43936	     96	   3712	  47744	   ba80	PWM_output.elf
Finished building: default.size.stdout
 
Finished building: PWM_output.list
 
20:53:55 **** Incremental Build of configuration Debug for project PWM_output ****
make -j8 all 
arm-none-eabi-gcc "../Core/Src/control.c" -mcpu=cortex-m4 -std=gnu11 -g3 -DDEBUG -DUSE_HAL_DRIVER -DSTM32G491xx -c -I../Core/Inc -I../Drivers/STM32G4xx_HAL_Driver/Inc -I../Drivers/STM32G4xx_HAL_Driver/Inc/Legacy -I../Drivers/CMSIS/Device/ST/STM32G4xx/Include -I../Drivers/CMSIS/Include -O0 -ffunction-sections -fdata-sections -Wall -fstack-usage -fcyclomatic-complexity -MMD -MP -MF"Core/Src/control.d" -MT"Core/Src/control.o" --specs=nano.specs -mfpu=fpv4-sp-d16 -mfloat-abi=hard -mthumb -o "Core/Src/control.o"
arm-none-eabi-gcc -o "PWM_output.elf" @"objects.list"   -mcpu=cortex-m4 -T"C:\STM32_projekti\STM32G491-FOC_Motor_Control\STM32G491-FOC_Motor_Control\PWM_output\STM32G491RETX_FLASH.ld" --specs=nosys.specs -Wl,-Map="PWM_output.map" -Wl,--gc-sections -static --specs=nano.specs -mfpu=fpv4-sp-d16 -mfloat-abi=hard -mthumb -Wl,--start-group -lc -lm -Wl,--end-group
Finished building target: PWM_output.elf
 
arm-none-eabi-size  PWM_output.elf 
arm-none-eabi-objdump -h -S PWM_output.elf  > "PWM_output.list"
   text	   data	    bss	    dec	    hex	filename
  43936	     96	   3712	  47744	   ba80	PWM_output.elf
Finished building: default.size.stdout
 
Finished building: PWM_output.list
 
16:49:35 **** Incremental Build of configuration Debug for project PWM_output ****
make -j8 all 
arm-none-eabi-size  PWM_output.elf 
   text	   data	    bss	    dec	    hex	filename
  43936	     96	   3712	  47744	   ba80	PWM_output.elf
Finished building: default.size.stdout
 
16:55:18 **** Incremental Build of configuration Debug for project PWM_output ****
make -j8 all 
arm-none-eabi-gcc "../Core/Src/sin_lut.c" -mcpu=cortex-m4 -std=gnu11 -g3 -DDEBUG -DUSE_HAL_DRIVER -DSTM32G491xx -c -I../Core/Inc -I../Drivers/STM32G4xx_HAL_Driver/Inc -I../Drivers/STM32G4xx_HAL_Driver/Inc/Legacy -I../Drivers/CMSIS/Device/ST/STM32G4xx/Include -I../Drivers/CMSIS/Include -O0 -ffunction-sections -fdata-sections -Wall -fstack-usage -fcyclomatic-complexity -MMD -MP -MF"Core/Src/sin_lut.d" -MT"Core/Src/sin_lut.o" --specs=nano.specs -mfpu=fpv4-sp-d16 -mfloat-abi=hard -mthumb -o "Core/Src/sin_lut.o"
arm-none-eabi-gcc -o "PWM_output.elf" @"objects.list"   -mcpu=cortex-m4 -T"C:\STM32_projekti\STM32G491-FOC_Motor_Control\STM32G491-FOC_Motor_Control\PWM_output\STM32G491RETX_FLASH.ld" --specs=nosys.specs -Wl,-Map="PWM_output.map" -Wl,--gc-sections -static --specs=nano.specs -mfpu=fpv4-sp-d16 -mfloat-abi=hard -mthumb -Wl,--start-group -lc -lm -Wl,--end-group
Finished building target: PWM_output.elf
 
arm-none-eabi-size  PWM_output.elf 
arm-none-eabi-objdump -h -S PWM_output.elf  > "PWM_output.list"
   text	   data	    bss	    dec	    hex	filename
  43976	     96	   4912	  48984	   bf58	PWM_output.elf
Finished building: default.size.stdout
 
Finished building: PWM_output.list
 
16:59:21 **** Incremental Build of configuration Debug for project PWM_output ****
make -j8 all 
arm-none-eabi-gcc "../Core/Src/pwm.c" -mcpu=cortex-m4 -std=gnu11 -g3 -DDEBUG -DUSE_HAL_DRIVER -DSTM32G491xx -c -I../Core/Inc -I../Drivers/STM32G4xx_HAL_Driver/Inc -I../Drivers/STM32G4xx_HAL_Driver/Inc/Legacy -I../Drivers/CMSIS/Device/ST/STM32G4xx/Include -I../Drivers/CMSIS/Include -O0 -ffunction-sections -fdata-sections -Wall -fstack-usage -fcyclomatic-complexity -MMD -MP -MF"Core/Src/pwm.d" -MT"Core/Src/pwm.o" --specs=nano.specs -mfpu=fpv4-sp-d16 -mfloat-abi=hard -mthumb -o "Core/Src/pwm.o"
arm-none-eabi-gcc -o "PWM_output.elf" @"objects.list"   -mcpu=cortex-m4 -T"C:\STM32_projekti\STM32G491-FOC_Motor_Control\STM32G491-FOC_Motor_Control\PWM_output\STM32G491RETX_FLASH.ld" --specs=nosys.specs -Wl,-Map="PWM_output.map" -Wl,--gc-sections -static --specs=nano.specs -mfpu=fpv4-sp-d16 -mfloat-abi=hard -mthumb -Wl,--start-group -lc -lm -Wl,--end-group
Finished building target: PWM_output.elf
 
arm-none-eabi-size  PWM_output.elf 
arm-none-eabi-objdump -h -S PWM_output.elf  > "PWM_output.list"
   text	   data	    bss	    dec	    hex	filename
  43976	     96	   4912	  48984	   bf58	PWM_output.elf
Finished building: default.size.stdout
 
Finished building: PWM_output.list
 
[...]
   90 |         uint32_t ccr1x = __HAL_TIM_GET_COMPARE(s_htim_pwm, TIM_CHANNEL_1);
      |                  ^~~~~
../Core/Src/main.c: In function 'main':
../Core/Src/main.c:160:12: warning: variable 'adc_last_main' set but not used [-Wunused-but-set-variable]
  160 |   uint16_t adc_last_main = 0;
      |            ^~~~~~~~~~~~~
../Core/Src/pwm.c: In function 'HAL_TIM_OC_DelayElapsedCallback':
../Core/Src/pwm.c:62:18: warning: unused variable 'm' [-Wunused-variable]
   62 |     static float m = 0.5f; // < 1, da nije cijela amplituda
      |                  ^
arm-none-eabi-gcc -o "PWM_output.elf" @"objects.list"   -mcpu=cortex-m4 -T"C:\STM32_projekti\STM32G491-FOC_Motor_Control\STM32G491-FOC_Motor_Control\PWM_output\STM32G491RETX_FLASH.ld" --specs=nosys.specs -Wl,-Map="PWM_output.map" -Wl,--gc-sections -static --specs=nano.specs -mfpu=fpv4-sp-d16 -mfloat-abi=hard -mthumb -Wl,--start-group -lc -lm -Wl,--end-group
Finished building target: PWM_output.elf
 
arm-none-eabi-size  PWM_output.elf 
arm-none-eabi-objdump -h -S PWM_output.elf  > "PWM_output.list"
   text	   data	    bss	    dec	    hex	filename
  48384	     92	   4852	  53328	   d050	PWM_output.elf
Finished building: default.size.stdout
 
Finished building: PWM_output.list
 
18:57:44 **** Incremental Build of configuration Debug for project PWM_output ****
make -j8 all 
arm-none-eabi-gcc "../Core/Src/control.c" -mcpu=cortex-m4 -std=gnu11 -g3 -DDEBUG -DUSE_HAL_DRIVER -DSTM32G491xx -c -I../Core/Inc -I../Drivers/STM32G4xx_HAL_Driver/Inc -I../Drivers/STM32G4xx_HAL_Driver/Inc/Legacy -I../Drivers/CMSIS/Device/ST/STM32G4xx/Include -I../Drivers/CMSIS/Include -O0 -ffunction-sections -fdata-sections -Wall -fstack-usage -fcyclomatic-complexity -MMD -MP -MF"Core/Src/control.d" -MT"Core/Src/control.o" --specs=nano.specs -mfpu=fpv4-sp-d16 -mfloat-abi=hard -mthumb -o "Core/Src/control.o"
../Core/Src/control.c: In function 'Control_Init':
../Core/Src/control.c:25:11: warning: assignment to 'UART_HandleTypeDef *' {aka 'struct __UART_HandleTypeDef *'} from incompatible pointer type 'ADC_HandleTypeDef *' [-Wincompatible-pointer-types]
   25 |     s_adc = hadc;
      |           ^
../Core/Src/control.c: In function 'HAL_GPIO_EXTI_Callback':
../Core/Src/control.c:102:59: warning: format '%f' expects argument of type 'double', but argument 4 has type 'int' [-Wformat=]
  102 |         int n1 = snprintf(buf1, sizeof(buf1), "CH1 adc = %f\r\n", (int)adc_true);
      |                                                          ~^       ~~~~~~~~~~~~~
      |                                                           |       |
      |                                                           double  int
      |                                                          %d
../Core/Src/control.c:91:18: warning: unused variable 'cntx' [-Wunused-variable]
   91 |         uint32_t cntx = __HAL_TIM_GET_COUNTER(s_htim_pwm);
      |                  ^~~~
../Core/Src/control.c:90:18: warning: unused variable 'ccr1x' [-Wunused-variable]
   90 |         uint32_t ccr1x = __HAL_TIM_GET_COMPARE(s_htim_pwm, TIM_CHANNEL_1);
      |                  ^~~~~
arm-none-eabi-gcc -o "PWM_output.elf" @"objects.list"   -mcpu=cortex-m4 -T"C:\STM32_projekti\STM32G491-FOC_Motor_Control\STM32G491-FOC_Motor_Control\PWM_output\STM32G491RETX_FLASH.ld" --specs=nosys.specs -Wl,-Map="PWM_output.map" -Wl,--gc-sections -static --specs=nano.specs -mfpu=fpv4-sp-d16 -mfloat-abi=hard -mthumb -Wl,--start-group -lc -lm -Wl,--end-group
Finished building target: PWM_output.elf
 
arm-none-eabi-size  PWM_output.elf 
arm-none-eabi-objdump -h -S PWM_output.elf  > "PWM_output.list"
   text	   data	    bss	    dec	    hex	filename
  48384	     92	   4852	  53328	   d050	PWM_output.elf
Finished building: default.size.stdout
 
Finished building: PWM_output.list
 
18:59:16 **** Incremental Build of configuration Debug for project PWM_output ****
make -j8 all 
arm-none-eabi-gcc "../Core/Src/control.c" -mcpu=cortex-m4 -std=gnu11 -g3 -DDEBUG -DUSE_HAL_DRIVER -DSTM32G491xx -c -I../Core/Inc -I../Drivers/STM32G4xx_HAL_Driver/Inc -I../Drivers/STM32G4xx_HAL_Driver/Inc/Legacy -I../Drivers/CMSIS/Device/ST/STM32G4xx/Include -I../Drivers/CMSIS/Include -O0 -ffunction-sections -fdata-sections -Wall -fstack-usage -fcyclomatic-complexity -MMD -MP -MF"Core/Src/control.d" -MT"Core/Src/control.o" --specs=nano.specs -mfpu=fpv4-sp-d16 -mfloat-abi=hard -mthumb -o "Core/Src/control.o"
../Core/Src/control.c: In function 'Control_Init':
../Core/Src/control.c:25:11: warning: assignment to 'UART_HandleTypeDef *' {aka 'struct __UART_HandleTypeDef *'} from incompatible pointer type 'ADC_HandleTypeDef *' [-Wincompatible-pointer-types]
   25 |     s_adc = hadc;
      |           ^
../Core/Src/control.c: In function 'HAL_GPIO_EXTI_Callback':
../Core/Src/control.c:102:59: warning: format '%f' expects argument of type 'double', but argument 4 has type 'int' [-Wformat=]
  102 |         int n1 = snprintf(buf1, sizeof(buf1), "CH1 adc = %f\r\n", (int)adc_true);
      |                                                          ~^       ~~~~~~~~~~~~~
      |                                                           |       |
      |                                                           double  int
      |                                                          %d
../Core/Src/control.c:91:18: warning: unused variable 'cntx' [-Wunused-variable]
   91 |         uint32_t cntx = __HAL_TIM_GET_COUNTER(s_htim_pwm);
      |                  ^~~~
../Core/Src/control.c:90:18: warning: unused variable 'ccr1x' [-Wunused-variable]
   90 |         uint32_t ccr1x = __HAL_TIM_GET_COMPARE(s_htim_pwm, TIM_CHANNEL_1);
      |                  ^~~~~
arm-none-eabi-gcc -o "PWM_output.elf" @"objects.list"   -mcpu=cortex-m4 -T"C:\STM32_projekti\STM32G491-FOC_Motor_Control\STM32G491-FOC_Motor_Control\PWM_output\STM32G491RETX_FLASH.ld" --specs=nosys.specs -Wl,-Map="PWM_output.map" -Wl,--gc-sections -static --specs=nano.specs -mfpu=fpv4-sp-d16 -mfloat-abi=hard -mthumb -Wl,--start-group -lc -lm -Wl,--end-group
Finished building target: PWM_output.elf
 
arm-none-eabi-size  PWM_output.elf 
arm-none-eabi-objdump -h -S PWM_output.elf  > "PWM_output.list"
   text	   data	    bss	    dec	    hex	filename
  48368	     92	   4852	  53312	   d040	PWM_output.elf
Finished building: default.size.stdout
 
Finished building: PWM_output.list
 
18:59:30 **** Incremental Build of configuration Debug for project PWM_output ****
make -j8 all 
arm-none-eabi-gcc "../Core/Src/control.c" -mcpu=cortex-m4 -std=gnu11 -g3 -DDEBUG -DUSE_HAL_DRIVER -DSTM32G491xx -c -I../Core/Inc -I../Drivers/STM32G4xx_HAL_Driver/Inc -I../Drivers/STM32G4xx_HAL_Driver/Inc/Legacy -I../Drivers/CMSIS/Device/ST/STM32G4xx/Include -I../Drivers/CMSIS/Include -O0 -ffunction-sections -fdata-sections -Wall -fstack-usage -fcyclomatic-complexity -MMD -MP -MF"Core/Src/control.d" -MT"Core/Src/control.o" --specs=nano.specs -mfpu=fpv4-sp-d16 -mfloat-abi=hard -mthumb -o "Core/Src/control.o"
../Core/Src/control.c: In function 'Control_Init':
../Core/Src/control.c:25:11: warning: assignment to 'UART_HandleTypeDef *' {aka 'struct __UART_HandleTypeDef *'} from incompatible pointer type 'ADC_HandleTypeDef *' [-Wincompatible-pointer-types]
   25 |     s_adc = hadc;
      |           ^
../Core/Src/control.c: In function 'HAL_GPIO_EXTI_Callback':
../Core/Src/control.c:91:18: warning: unused variable 'cntx' [-Wunused-variable]
   91 |         uint32_t cntx = __HAL_TIM_GET_COUNTER(s_htim_pwm);
      |                  ^~~~
../Core/Src/control.c:90:18: warning: unused variable 'ccr1x' [-Wunused-variable]
   90 |         uint32_t ccr1x = __HAL_TIM_GET_COMPARE(s_htim_pwm, TIM_CHANNEL_1);
      |                  ^~~~~
arm-none-eabi-gcc -o "PWM_output.elf" @"objects.list"   -mcpu=cortex-m4 -T"C:\STM32_projekti\STM32G491-FOC_Motor_Control\STM32G491-FOC_Motor_Control\PWM_output\STM32G491RETX_FLASH.ld" --specs=nosys.specs -Wl,-Map="PWM_output.map" -Wl,--gc-sections -static --specs=nano.specs -mfpu=fpv4-sp-d16 -mfloat-abi=hard -mthumb -Wl,--start-group -lc -lm -Wl,--end-group
Finished building target: PWM_output.elf
 
arm-none-eabi-size  PWM_output.elf 
arm-none-eabi-objdump -h -S PWM_output.elf  > "PWM_output.list"
   text	   data	    bss	    dec	    hex	filename
  48368	     92	   4852	  53312	   d040	PWM_output.elf
Finished building: default.size.stdout
 
Finished building: PWM_output.list
 
19:05:17 **** Incremental Build of configuration Debug for project PWM_output ****
make -j8 all 
arm-none-eabi-gcc "../Core/Src/adc.c" -mcpu=cortex-m4 -std=gnu11 -g3 -DDEBUG -DUSE_HAL_DRIVER -DSTM32G491xx -c -I../Core/Inc -I../Drivers/STM32G4xx_HAL_Driver/Inc -I../Drivers/STM32G4xx_HAL_Driver/Inc/Legacy -I../Drivers/CMSIS/Device/ST/STM32G4xx/Include -I../Drivers/CMSIS/Include -O0 -ffunction-sections -fdata-sections -Wall -fstack-usage -fcyclomatic-complexity -MMD -MP -MF"Core/Src/adc.d" -MT"Core/Src/adc.o" --specs=nano.specs -mfpu=fpv4-sp-d16 -mfloat-abi=hard -mthumb -o "Core/Src/adc.o"
arm-none-eabi-gcc "../Core/Src/control.c" -mcpu=cortex-m4 -std=gnu11 -g3 -DDEBUG -DUSE_HAL_DRIVER -DSTM32G491xx -c -I../Core/Inc -I../Drivers/STM32G4xx_HAL_Driver/Inc -I../Drivers/STM32G4xx_HAL_Driver/Inc/Legacy -I../Drivers/CMSIS/Device/ST/STM32G4xx/Include -I../Drivers/CMSIS/Include -O0 -ffunction-sections -fdata-sections -Wall -fstack-usage -fcyclomatic-complexity -MMD -MP -MF"Core/Src/control.d" -MT"Core/Src/control.o" --specs=nano.specs -mfpu=fpv4-sp-d16 -mfloat-abi=hard -mthumb -o "Core/Src/control.o"
arm-none-eabi-gcc "../Core/Src/main.c" -mcpu=cortex-m4 -std=gnu11 -g3 -DDEBUG -DUSE_HAL_DRIVER -DSTM32G491xx -c -I../Core/Inc -I../Drivers/STM32G4xx_HAL_Driver/Inc -I../Drivers/STM32G4xx_HAL_Driver/Inc/Legacy -I../Drivers/CMSIS/Device/ST/STM32G4xx/Include -I../Drivers/CMSIS/Include -O0 -ffunction-sections -fdata-sections -Wall -fstack-usage -fcyclomatic-complexity -MMD -MP -MF"Core/Src/main.d" -MT"Core/Src/main.o" --specs=nano.specs -mfpu=fpv4-sp-d16 -mfloat-abi=hard -mthumb -o "Core/Src/main.o"
arm-none-eabi-gcc "../Core/Src/pwm.c" -mcpu=cortex-m4 -std=gnu11 -g3 -DDEBUG -DUSE_HAL_DRIVER -DSTM32G491xx -c -I../Core/Inc -I../Drivers/STM32G4xx_HAL_Driver/Inc -I../Drivers/STM32G4xx_HAL_Driver/Inc/Legacy -I../Drivers/CMSIS/Device/ST/STM32G4xx/Include -I../Drivers/CMSIS/Include -O0 -ffunction-sections -fdata-sections -Wall -fstack-usage -fcyclomatic-complexity -MMD -MP -MF"Core/Src/pwm.d" -MT"Core/Src/pwm.o" --specs=nano.specs -mfpu=fpv4-sp-d16 -mfloat-abi=hard -mthumb -o "Core/Src/pwm.o"
../Core/Src/control.c: In function 'Control_Init':
../Core/Src/control.c:25:11: warning: assignment to 'UART_HandleTypeDef *' {aka 'struct __UART_HandleTypeDef *'} from incompatible pointer type 'ADC_HandleTypeDef *' [-Wincompatible-pointer-types]
   25 |     s_adc = hadc;
      |           ^
../Core/Src/control.c: In function 'HAL_GPIO_EXTI_Callback':
../Core/Src/control.c:91:18: warning: unused variable 'cntx' [-Wunused-variable]
   91 |         uint32_t cntx = __HAL_TIM_GET_COUNTER(s_htim_pwm);
      |                  ^~~~
../Core/Src/control.c:90:18: warning: unused variable 'ccr1x' [-Wunused-variable]
   90 |         uint32_t ccr1x = __HAL_TIM_GET_COMPARE(s_htim_pwm, TIM_CHANNEL_1);
      |                  ^~~~~
../Core/Src/main.c: In function 'main':
../Core/Src/main.c:160:12: warning: variable 'adc_last_main' set but not used [-Wunused-but-set-variable]
  160 |   uint16_t adc_last_main = 0;
      |            ^~~~~~~~~~~~~
../Core/Src/pwm.c: In function 'HAL_TIM_OC_DelayElapsedCallback':
../Core/Src/pwm.c:62:18: warning: unused variable 'm' [-Wunused-variable]
   62 |     static float m = 0.5f; // < 1, da nije cijela amplituda
      |                  ^
arm-none-eabi-gcc -o "PWM_output.elf" @"objects.list"   -mcpu=cortex-m4 -T"C:\STM32_projekti\STM32G491-FOC_Motor_Control\STM32G491-FOC_Motor_Control\PWM_output\STM32G491RETX_FLASH.ld" --specs=nosys.specs -Wl,-Map="PWM_output.map" -Wl,--gc-sections -static --specs=nano.specs -mfpu=fpv4-sp-d16 -mfloat-abi=hard -mthumb -Wl,--start-group -lc -lm -Wl,--end-group
Finished building target: PWM_output.elf
 
arm-none-eabi-size  PWM_output.elf 
arm-none-eabi-objdump -h -S PWM_output.elf  > "PWM_output.list"
   text	   data	    bss	    dec	    hex	filename
  48360	     92	   4852	  53304	   d038	PWM_output.elf
Finished building: default.size.stdout
 
Finished building: PWM_output.list
 
19:06:26 **** Incremental Build of configuration Debug for project PWM_output ****
make -j8 all 
arm-none-eabi-gcc "../Core/Src/control.c" -mcpu=cortex-m4 -std=gnu11 -g3 -DDEBUG -DUSE_HAL_DRIVER -DSTM32G491xx -c -I../Core/Inc -I../Drivers/STM32G4xx_HAL_Driver/Inc -I../Drivers/STM32G4xx_HAL_Driver/Inc/Legacy -I../Drivers/CMSIS/Device/ST/STM32G4xx/Include -I../Drivers/CMSIS/Include -O0 -ffunction-sections -fdata-sections -Wall -fstack-usage -fcyclomatic-complexity -MMD -MP -MF"Core/Src/control.d" -MT"Core/Src/control.o" --specs=nano.specs -mfpu=fpv4-sp-d16 -mfloat-abi=hard -mthumb -o "Core/Src/control.o"
../Core/Src/control.c: In function 'Control_Init':
../Core/Src/control.c:25:11: warning: assignment to 'UART_HandleTypeDef *' {aka 'struct __UART_HandleTypeDef *'} from incompatible pointer type 'ADC_HandleTypeDef *' [-Wincompatible-pointer-types]
   25 |     s_adc = hadc;
      |           ^
../Core/Src/control.c: In function 'HAL_GPIO_EXTI_Callback':
../Core/Src/control.c:91:18: warning: unused variable 'cntx' [-Wunused-variable]
   91 |         uint32_t cntx = __HAL_TIM_GET_COUNTER(s_htim_pwm);
      |                  ^~~~
../Core/Src/control.c:90:18: warning: unused variable 'ccr1x' [-Wunused-variable]
   90 |         uint32_t ccr1x = __HAL_TIM_GET_COMPARE(s_htim_pwm, TIM_CHANNEL_1);
      |                  ^~~~~
arm-none-eabi-gcc -o "PWM_output.elf" @"objects.list"   -mcpu=cortex-m4 -T"C:\STM32_projekti\STM32G491-FOC_Motor_Control\STM32G491-FOC_Motor_Control\PWM_output\STM32G491RETX_FLASH.ld" --specs=nosys.specs -Wl,-Map="PWM_output.map" -Wl,--gc-sections -static --specs=nano.specs -mfpu=fpv4-sp-d16 -mfloat-abi=hard -mthumb -Wl,--start-group -lc -lm -Wl,--end-group
Finished building target: PWM_output.elf
 
arm-none-eabi-size  PWM_output.elf 
arm-none-eabi-objdump -h -S PWM_output.elf  > "PWM_output.list"
   text	   data	    bss	    dec	    hex	filename
  48320	     92	   4852	  53264	   d010	PWM_output.elf
Finished building: default.size.stdout
 
Finished building: PWM_output.list
 
19:12:29 **** Incremental Build of configuration Debug for project PWM_output ****
make -j8 all 
arm-none-eabi-gcc "../Core/Src/control.c" -mcpu=cortex-m4 -std=gnu11 -g3 -DDEBUG -DUSE_HAL_DRIVER -DSTM32G491xx -c -I../Core/Inc -I../Drivers/STM32G4xx_HAL_Driver/Inc -I../Drivers/STM32G4xx_HAL_Driver/Inc/Legacy -I../Drivers/CMSIS/Device/ST/STM32G4xx/Include -I../Drivers/CMSIS/Include -O0 -ffunction-sections -fdata-sections -Wall -fstack-usage -fcyclomatic-complexity -MMD -MP -MF"Core/Src/control.d" -MT"Core/Src/control.o" --specs=nano.specs -mfpu=fpv4-sp-d16 -mfloat-abi=hard -mthumb -o "Core/Src/control.o"
../Core/Src/control.c: In function 'Control_Init':
../Core/Src/control.c:25:11: warning: assignment to 'UART_HandleTypeDef *' {aka 'struct __UART_HandleTypeDef *'} from incompatible pointer type 'ADC_HandleTypeDef *' [-Wincompatible-pointer-types]
   25 |     s_adc = hadc;
      |           ^
../Core/Src/control.c: In function 'HAL_GPIO_EXTI_Callback':
../Core/Src/control.c:93:18: warning: unused variable 'ccr3x' [-Wunused-variable]
   93 |         uint32_t ccr3x = __HAL_TIM_GET_COMPARE(s_htim_pwm, TIM_CHANNEL_3);
      |                  ^~~~~
../Core/Src/control.c:92:18: warning: unused variable 'ccr2x' [-Wunused-variable]
   92 |         uint32_t ccr2x = __HAL_TIM_GET_COMPARE(s_htim_pwm, TIM_CHANNEL_2);
      |                  ^~~~~
../Core/Src/control.c:91:18: warning: unused variable 'arr' [-Wunused-variable]
   91 |         uint32_t arr = __HAL_TIM_GET_AUTORELOAD(s_htim_pwm);
      |                  ^~~
arm-none-eabi-gcc -o "PWM_output.elf" @"objects.list"   -mcpu=cortex-m4 -T"C:\STM32_projekti\STM32G491-FOC_Motor_Control\STM32G491-FOC_Motor_Control\PWM_output\STM32G491RETX_FLASH.ld" --specs=nosys.specs -Wl,-Map="PWM_output.map" -Wl,--gc-sections -static --specs=nano.specs -mfpu=fpv4-sp-d16 -mfloat-abi=hard -mthumb -Wl,--start-group -lc -lm -Wl,--end-group
Finished building target: PWM_output.elf
 
arm-none-eabi-size  PWM_output.elf 
arm-none-eabi-objdump -h -S PWM_output.elf  > "PWM_output.list"
   text	   data	    bss	    dec	    hex	filename
  48344	     92	   4852	  53288	   d028	PWM_output.elf
Finished building: default.size.stdout
 
Finished building: PWM_output.list
 
19:13:48 **** Incremental Build of configuration Debug for project PWM_output ****
make -j8 all 
arm-none-eabi-gcc "../Core/Src/control.c" -mcpu=cortex-m4 -std=gnu11 -g3 -DDEBUG -DUSE_HAL_DRIVER -DSTM32G491xx -c -I../Core/Inc -I../Drivers/STM32G4xx_HAL_Driver/Inc -I../Drivers/STM32G4xx_HAL_Driver/Inc/Legacy -I../Drivers/CMSIS/Device/ST/STM32G4xx/Include -I../Drivers/CMSIS/Include -O0 -ffunction-sections -fdata-sections -Wall -fstack-usage -fcyclomatic-complexity -MMD -MP -MF"Core/Src/control.d" -MT"Core/Src/control.o" --specs=nano.specs -mfpu=fpv4-sp-d16 -mfloat-abi=hard -mthumb -o "Core/Src/control.o"
../Core/Src/control.c: In function 'Control_Init':
../Core/Src/control.c:25:11: warning: assignment to 'UART_HandleTypeDef *' {aka 'struct __UART_HandleTypeDef *'} from incompatible pointer type 'ADC_HandleTypeDef *' [-Wincompatible-pointer-types]
   25 |     s_adc = hadc;
      |           ^
../Core/Src/control.c: In function 'HAL_GPIO_EXTI_Callback':
../Core/Src/control.c:81:18: warning: unused variable 'arr' [-Wunused-variable]
   81 |         uint32_t arr = __HAL_TIM_GET_AUTORELOAD(s_htim_pwm);
      |                  ^~~
arm-none-eabi-gcc -o "PWM_output.elf" @"objects.list"   -mcpu=cortex-m4 -T"C:\STM32_projekti\STM32G491-FOC_Motor_Control\STM32G491-FOC_Motor_Control\PWM_output\STM32G491RETX_FLASH.ld" --specs=nosys.specs -Wl,-Map="PWM_output.map" -Wl,--gc-sections -static --specs=nano.specs -mfpu=fpv4-sp-d16 -mfloat-abi=hard -mthumb -Wl,--start-group -lc -lm -Wl,--end-group
Finished building target: PWM_output.elf
 
arm-none-eabi-size  PWM_output.elf 
arm-none-eabi-objdump -h -S PWM_output.elf  > "PWM_output.list"
   text	   data	    bss	    dec	    hex	filename
  48272	     92	   4844	  53208	   cfd8	PWM_output.elf
Finished building: default.size.stdout
 
Finished building: PWM_output.list
 
19:14:29 **** Incremental Build of configuration Debug for project PWM_output ****
make -j8 all 
arm-none-eabi-gcc "../Core/Src/pwm.c" -mcpu=cortex-m4 -std=gnu11 -g3 -DDEBUG -DUSE_HAL_DRIVER -DSTM32G491xx -c -I../Core/Inc -I../Drivers/STM32G4xx_HAL_Driver/Inc -I../Drivers/STM32G4xx_HAL_Driver/Inc/Legacy -I../Drivers/CMSIS/Device/ST/STM32G4xx/Include -I../Drivers/CMSIS/Include -O0 -ffunction-sections -fdata-sections -Wall -fstack-usage -fcyclomatic-complexity -MMD -MP -MF"Core/Src/pwm.d" -MT"Core/Src/pwm.o" --specs=nano.specs -mfpu=fpv4-sp-d16 -mfloat-abi=hard -mthumb -o "Core/Src/pwm.o"
../Core/Src/pwm.c: In function 'HAL_TIM_OC_DelayElapsedCallback':
../Core/Src/pwm.c:62:18: warning: unused variable 'm' [-Wunused-variable]
   62 |     static float m = 0.5f; // < 1, da nije cijela amplituda
      |                  ^
arm-none-eabi-gcc -o "PWM_output.elf" @"objects.list"   -mcpu=cortex-m4 -T"C:\STM32_projekti\STM32G491-FOC_Motor_Control\STM32G491-FOC_Motor_Control\PWM_output\STM32G491RETX_FLASH.ld" --specs=nosys.specs -Wl,-Map="PWM_output.map" -Wl,--gc-sections -static --specs=nano.specs -mfpu=fpv4-sp-d16 -mfloat-abi=hard -mthumb -Wl,--start-group -lc -lm -Wl,--end-group
Finished building target: PWM_output.elf
 
arm-none-eabi-size  PWM_output.elf 
arm-none-eabi-objdump -h -S PWM_output.elf  > "PWM_output.list"
   text	   data	    bss	    dec	    hex	filename
  48272	     92	   4844	  53208	   cfd8	PWM_output.elf
Finished building: default.size.stdout
 
Finished building: PWM_output.list
 
