19:14:29 **** Incremental Build of configuration Debug for project PWM_output ****
make -j8 all 
arm-none-eabi-gcc "../Core/Src/pwm.c" -mcpu=cortex-m4 -std=gnu11 -g3 -DDEBUG -DUSE_HAL_DRIVER -DSTM32G491xx -c -I../Core/Inc -I../Drivers/STM32G4xx_HAL_Driver/Inc -I../Drivers/STM32G4xx_HAL_Driver/Inc/Legacy -I../Drivers/CMSIS/Device/ST/STM32G4xx/Include -I../Drivers/CMSIS/Include -O0 -ffunction-sections -fdata-sections -Wall -fstack-usage -fcyclomatic-complexity -MMD -MP -MF"Core/Src/pwm.d" -MT"Core/Src/pwm.o" --specs=nano.specs -mfpu=fpv4-sp-d16 -mfloat-abi=hard -mthumb -o "Core/Src/pwm.o"
../Core/Src/pwm.c: In function 'HAL_TIM_OC_DelayElapsedCallback':
../Core/Src/pwm.c:62:18: warning: unused variable 'm' [-Wunused-variable]
   62 |     static float m = 0.5f; // < 1, da nije cijela amplituda
      |                  ^
arm-none-eabi-gcc -o "PWM_output.elf" @"objects.list"   -mcpu=cortex-m4 -T"C:\STM32_projekti\STM32G491-FOC_Motor_Control\STM32G491-FOC_Motor_Control\PWM_output\STM32G491RETX_FLASH.ld" --specs=nosys.specs -Wl,-Map="PWM_output.map" -Wl,--gc-sections -static --specs=nano.specs -mfpu=fpv4-sp-d16 -mfloat-abi=hard -mthumb -Wl,--start-group -lc -lm -Wl,--end-group
Finished building target: PWM_output.elf
 
arm-none-eabi-size  PWM_output.elf 
arm-none-eabi-objdump -h -S PWM_output.elf  > "PWM_output.list"
   text	   data	    bss	    dec	    hex	filename
  48272	     92	   4844	  53208	   cfd8	PWM_output.elf
Finished building: default.size.stdout
 
Finished building: PWM_output.list
 

19:14:30 Build Finished. 0 errors, 1 warnings. (took 1s.292ms)

